Archive member included to satisfy reference by file (symbol)

c:/users/herma/documents/pico-v1.5.1/gcc-arm-none-eabi/bin/../lib/gcc/arm-none-eabi/10.3.1/../../../../arm-none-eabi/lib/thumb/v6-m/nofp\libm.a(lib_a-sf_fmax.o)
                              CMakeFiles/FreeRTOS_Project.dir/source/motor/motor.c.obj (fmaxf)
c:/users/herma/documents/pico-v1.5.1/gcc-arm-none-eabi/bin/../lib/gcc/arm-none-eabi/10.3.1/../../../../arm-none-eabi/lib/thumb/v6-m/nofp\libm.a(lib_a-sf_fpclassify.o)
                              c:/users/herma/documents/pico-v1.5.1/gcc-arm-none-eabi/bin/../lib/gcc/arm-none-eabi/10.3.1/../../../../arm-none-eabi/lib/thumb/v6-m/nofp\libm.a(lib_a-sf_fmax.o) (__fpclassifyf)
c:/users/herma/documents/pico-v1.5.1/gcc-arm-none-eabi/bin/../lib/gcc/arm-none-eabi/10.3.1/thumb/v6-m/nofp\libgcc.a(_dvmd_tls.o)
                              CMakeFiles/FreeRTOS_Project.dir/C_/Users/herma/Documents/Pico-v1.5.1/pico-sdk/src/rp2_common/pico_divider/divider.S.obj (__aeabi_idiv0)
c:/users/herma/documents/pico-v1.5.1/gcc-arm-none-eabi/bin/../lib/gcc/arm-none-eabi/10.3.1/../../../../arm-none-eabi/lib/thumb/v6-m/nofp\libg.a(lib_a-atoi.o)
                              CMakeFiles/FreeRTOS_Project.dir/C_/Users/herma/Documents/Pico-v1.5.1/pico-sdk/lib/lwip/src/core/netif.c.obj (atoi)
c:/users/herma/documents/pico-v1.5.1/gcc-arm-none-eabi/bin/../lib/gcc/arm-none-eabi/10.3.1/../../../../arm-none-eabi/lib/thumb/v6-m/nofp\libg.a(lib_a-calloc.o)
                              CMakeFiles/FreeRTOS_Project.dir/C_/Users/herma/Documents/Pico-v1.5.1/pico-sdk/src/rp2_common/pico_malloc/pico_malloc.c.obj (calloc)
c:/users/herma/documents/pico-v1.5.1/gcc-arm-none-eabi/bin/../lib/gcc/arm-none-eabi/10.3.1/../../../../arm-none-eabi/lib/thumb/v6-m/nofp\libg.a(lib_a-callocr.o)
                              c:/users/herma/documents/pico-v1.5.1/gcc-arm-none-eabi/bin/../lib/gcc/arm-none-eabi/10.3.1/../../../../arm-none-eabi/lib/thumb/v6-m/nofp\libg.a(lib_a-calloc.o) (_calloc_r)
c:/users/herma/documents/pico-v1.5.1/gcc-arm-none-eabi/bin/../lib/gcc/arm-none-eabi/10.3.1/../../../../arm-none-eabi/lib/thumb/v6-m/nofp\libg.a(lib_a-ctype_.o)
                              CMakeFiles/FreeRTOS_Project.dir/C_/Users/herma/Documents/Pico-v1.5.1/pico-sdk/lib/lwip/src/core/dns.c.obj (_ctype_)
c:/users/herma/documents/pico-v1.5.1/gcc-arm-none-eabi/bin/../lib/gcc/arm-none-eabi/10.3.1/../../../../arm-none-eabi/lib/thumb/v6-m/nofp\libg.a(lib_a-errno.o)
                              c:/users/herma/documents/pico-v1.5.1/gcc-arm-none-eabi/bin/../lib/gcc/arm-none-eabi/10.3.1/../../../../arm-none-eabi/lib/thumb/v6-m/nofp\libg.a(lib_a-callocr.o) (__errno)
c:/users/herma/documents/pico-v1.5.1/gcc-arm-none-eabi/bin/../lib/gcc/arm-none-eabi/10.3.1/../../../../arm-none-eabi/lib/thumb/v6-m/nofp\libg.a(lib_a-impure.o)
                              c:/users/herma/documents/pico-v1.5.1/gcc-arm-none-eabi/bin/../lib/gcc/arm-none-eabi/10.3.1/../../../../arm-none-eabi/lib/thumb/v6-m/nofp\libg.a(lib_a-calloc.o) (_impure_ptr)
c:/users/herma/documents/pico-v1.5.1/gcc-arm-none-eabi/bin/../lib/gcc/arm-none-eabi/10.3.1/../../../../arm-none-eabi/lib/thumb/v6-m/nofp\libg.a(lib_a-init.o)
                              c:/users/herma/documents/pico-v1.5.1/gcc-arm-none-eabi/bin/../lib/gcc/arm-none-eabi/10.3.1/../../../../arm-none-eabi/lib/thumb/v6-m/nofp/crt0.o (__libc_init_array)
c:/users/herma/documents/pico-v1.5.1/gcc-arm-none-eabi/bin/../lib/gcc/arm-none-eabi/10.3.1/../../../../arm-none-eabi/lib/thumb/v6-m/nofp\libg.a(lib_a-malloc.o)
                              CMakeFiles/FreeRTOS_Project.dir/C_/Users/herma/Documents/Pico-v1.5.1/pico-sdk/src/rp2_common/pico_malloc/pico_malloc.c.obj (malloc)
c:/users/herma/documents/pico-v1.5.1/gcc-arm-none-eabi/bin/../lib/gcc/arm-none-eabi/10.3.1/../../../../arm-none-eabi/lib/thumb/v6-m/nofp\libg.a(lib_a-mallocr.o)
                              c:/users/herma/documents/pico-v1.5.1/gcc-arm-none-eabi/bin/../lib/gcc/arm-none-eabi/10.3.1/../../../../arm-none-eabi/lib/thumb/v6-m/nofp\libg.a(lib_a-callocr.o) (_malloc_r)
c:/users/herma/documents/pico-v1.5.1/gcc-arm-none-eabi/bin/../lib/gcc/arm-none-eabi/10.3.1/../../../../arm-none-eabi/lib/thumb/v6-m/nofp\libg.a(lib_a-memcmp.o)
                              CMakeFiles/FreeRTOS_Project.dir/C_/Users/herma/Documents/Pico-v1.5.1/pico-sdk/lib/lwip/src/netif/ethernet.c.obj (memcmp)
c:/users/herma/documents/pico-v1.5.1/gcc-arm-none-eabi/bin/../lib/gcc/arm-none-eabi/10.3.1/../../../../arm-none-eabi/lib/thumb/v6-m/nofp\libg.a(lib_a-memmove.o)
                              CMakeFiles/FreeRTOS_Project.dir/C_/Users/herma/Documents/Pico-v1.5.1/pico-sdk/lib/lwip/src/core/def.c.obj (memmove)
c:/users/herma/documents/pico-v1.5.1/gcc-arm-none-eabi/bin/../lib/gcc/arm-none-eabi/10.3.1/../../../../arm-none-eabi/lib/thumb/v6-m/nofp\libg.a(lib_a-mlock.o)
[...]
Memory Configuration

Name             Origin             Length             Attributes
FLASH            0x10000000         0x00200000         xr
RAM              0x20000000         0x00040000         xrw
SCRATCH_X        0x20040000         0x00001000         xrw
SCRATCH_Y        0x20041000         0x00001000         xrw
*default*        0x00000000         0xffffffff

Linker script and memory map

LOAD c:/users/herma/documents/pico-v1.5.1/gcc-arm-none-eabi/bin/../lib/gcc/arm-none-eabi/10.3.1/thumb/v6-m/nofp/crti.o
LOAD c:/users/herma/documents/pico-v1.5.1/gcc-arm-none-eabi/bin/../lib/gcc/arm-none-eabi/10.3.1/thumb/v6-m/nofp/crtbegin.o
LOAD c:/users/herma/documents/pico-v1.5.1/gcc-arm-none-eabi/bin/../lib/gcc/arm-none-eabi/10.3.1/../../../../arm-none-eabi/lib/thumb/v6-m/nofp/crt0.o

.flash_begin    0x10000000        0x0
                0x10000000                __flash_binary_start = .

.boot2          0x10000000      0x100
                0x10000000                __boot2_start__ = .
 *(.boot2)
 .boot2         0x10000000      0x100 C:\Users\herma\AppData\Local\Temp\ccW0miBG.o
                0x10000100                __boot2_end__ = .
                0x00000001                ASSERT (((__boot2_end__ - __boot2_start__) == 0x100), ERROR: Pico second stage bootloader must be 256 bytes in size)

.text           0x10000100    0x11850
                0x10000100                __logical_binary_start = .
 *(.vectors)
 .vectors       0x10000100       0xd4 CMakeFiles/FreeRTOS_Project.dir/C_/Users/herma/Documents/Pico-v1.5.1/pico-sdk/src/rp2_common/pico_standard_link/crt0.S.obj
                0x10000100                __VECTOR_TABLE
                0x10000100                __vectors
                0x100001c0                isr_invalid
                0x100001c0                __default_isrs_start
                0x100001c2                isr_nmi
                0x100001c4                isr_hardfault
                0x100001c6                isr_svcall
                0x100001c8                isr_pendsv
                0x100001ca                isr_systick
                0x100001cc                isr_irq23
                0x100001cc                isr_irq18
                0x100001cc                isr_irq11
                0x100001cc                isr_irq28
                0x100001cc                isr_irq19
                0x100001cc                isr_irq0
                0x100001cc                isr_irq6
                0x100001cc                isr_irq5
                0x100001cc                isr_irq12
                0x100001cc                isr_irq22
                0x100001cc                isr_irq31
                0x100001cc                isr_irq17
                0x100001cc                isr_irq27
                0x100001cc                isr_irq30
                0x100001cc                isr_irq2
                0x100001cc                isr_irq10
                0x100001cc                isr_irq8
                0x100001cc                isr_irq24
                0x100001cc                isr_irq1
                0x100001cc                isr_irq7
                0x100001cc                isr_irq21
                0x100001cc                isr_irq20
                0x100001cc                isr_irq15
                0x100001cc                isr_irq25
                0x100001cc                isr_irq13
                0x100001cc                __unhandled_user_irq
                0x100001cc                isr_irq4
                0x100001cc                isr_irq16
                0x100001cc                isr_irq29
                0x100001cc                isr_irq26
                0x100001cc                __default_isrs_end
                0x100001cc                isr_irq3
                0x100001cc                isr_irq14
                0x100001cc                isr_irq9
                0x100001d2                unhandled_user_irq_num_in_r0
 *(.binary_info_header)
 .binary_info_header
                0x100001d4       0x14 CMakeFiles/FreeRTOS_Project.dir/C_/Users/herma/Documents/Pico-v1.5.1/pico-sdk/src/rp2_common/pico_standard_link/crt0.S.obj
                0x100001e8                __binary_info_header_end = .
 *(.reset)
 .reset         0x100001e8       0xa0 CMakeFiles/FreeRTOS_Project.dir/C_/Users/herma/Documents/Pico-v1.5.1/pico-sdk/src/rp2_common/pico_standard_link/crt0.S.obj
                0x100001e8                _entry_point
 .reset         0x10000288       0x30 CMakeFiles/FreeRTOS_Project.dir/C_/Users/herma/Documents/Pico-v1.5.1/pico-sdk/src/rp2_common/pico_standard_link/binary_info.c.obj
 *(.init)
 .init          0x100002b8        0x4 c:/users/herma/documents/pico-v1.5.1/gcc-arm-none-eabi/bin/../lib/gcc/arm-none-eabi/10.3.1/thumb/v6-m/nofp/crti.o
                0x100002b8                _init
 *(EXCLUDE_FILE(*libm.a: *libc.a:*lib_a-mem*.o *libgcc.a:) .text*)
 .text          0x100002bc       0x48 c:/users/herma/documents/pico-v1.5.1/gcc-arm-none-eabi/bin/../lib/gcc/arm-none-eabi/10.3.1/thumb/v6-m/nofp/crtbegin.o
 .text.vApplicationStackOverflowHook
                0x10000304       0x20 CMakeFiles/FreeRTOS_Project.dir/main.c.obj
                0x10000304                vApplicationStackOverflowHook
 .text.vApplicationMallocFailedHook
                0x10000324       0x18 CMakeFiles/FreeRTOS_Project.dir/main.c.obj
                0x10000324                vApplicationMallocFailedHook
 .text.main     0x1000033c       0xb0 CMakeFiles/FreeRTOS_Project.dir/main.c.obj
                0x1000033c                main
 .text.interrupt_dispatcher
                0x100003ec       0x32 CMakeFiles/FreeRTOS_Project.dir/source/sensors/interrupt.c.obj
                0x100003ec                interrupt_dispatcher
 *fill*         0x1000041e        0x2 
 .text.setup_interrupts
                0x10000420       0xa0 CMakeFiles/FreeRTOS_Project.dir/source/sensors/interrupt.c.obj
                0x10000420                setup_interrupts
 .text.encoder_callback_L
                0x100004c0       0x38 CMakeFiles/FreeRTOS_Project.dir/source/sensors/encoder.c.obj
                0x100004c0                encoder_callback_L
 .text.encoder_callback_R
                0x100004f8       0x44 CMakeFiles/FreeRTOS_Project.dir/source/sensors/encoder.c.obj
                0x100004f8                encoder_callback_R
 .text.compute_actual_speed
                0x1000053c       0x4c CMakeFiles/FreeRTOS_Project.dir/source/sensors/encoder.c.obj
                0x1000053c                compute_actual_speed
 .text.encoder_debug_task
                0x10000588       0x60 CMakeFiles/FreeRTOS_Project.dir/source/sensors/encoder.c.obj
                0x10000588                encoder_debug_task
 .text.ultrasonic_callback
                0x100005e8       0x50 CMakeFiles/FreeRTOS_Project.dir/source/sensors/ultrasonic.c.obj
                0x100005e8                ultrasonic_callback
 .text.create_semaphores
                0x10000638       0x5c CMakeFiles/FreeRTOS_Project.dir/source/sensors/ultrasonic.c.obj
                0x10000638                create_semaphores
 .text.ir_callback
                0x10000694       0x28 CMakeFiles/FreeRTOS_Project.dir/source/sensors/infrared.c.obj
                0x10000694                ir_callback
 .text.ir_callback_barcode
                0x100006bc       0x54 CMakeFiles/FreeRTOS_Project.dir/source/sensors/infrared.c.obj
                0x100006bc                ir_callback_barcode
 .text.motor_init
                0x10000710       0x64 CMakeFiles/FreeRTOS_Project.dir/source/motor/motor.c.obj
                0x10000710                motor_init
 .text.motor_set_speed
                0x10000774       0x98 CMakeFiles/FreeRTOS_Project.dir/source/motor/motor.c.obj
                0x10000774                motor_set_speed
 .text.motor_task
                0x1000080c      0x38c CMakeFiles/FreeRTOS_Project.dir/source/motor/motor.c.obj
                0x1000080c                motor_task
 .text.gpio_set_function
                0x10000b98       0x30 CMakeFiles/FreeRTOS_Project.dir/C_/Users/herma/Documents/Pico-v1.5.1/pico-sdk/src/rp2_common/hardware_gpio/gpio.c.obj
                0x10000b98                gpio_set_function
 .text.gpio_set_pulls
                0x10000bc8       0x34 CMakeFiles/FreeRTOS_Project.dir/C_/Users/herma/Documents/Pico-v1.5.1/pico-sdk/src/rp2_common/hardware_gpio/gpio.c.obj
                0x10000bc8                gpio_set_pulls
 .text.gpio_set_irq_callback
                0x10000bfc       0x48 CMakeFiles/FreeRTOS_Project.dir/C_/Users/herma/Documents/Pico-v1.5.1/pico-sdk/src/rp2_common/hardware_gpio/gpio.c.obj
                0x10000bfc                gpio_set_irq_callback
 .text.gpio_add_raw_irq_handler_with_order_priority_masked
                0x10000c44       0x40 CMakeFiles/FreeRTOS_Project.dir/C_/Users/herma/Documents/Pico-v1.5.1/pico-sdk/src/rp2_common/hardware_gpio/gpio.c.obj
                0x10000c44                gpio_add_raw_irq_handler_with_order_priority_masked
 .text.gpio_remove_raw_irq_handler_masked
                0x10000c84       0x48 CMakeFiles/FreeRTOS_Project.dir/C_/Users/herma/Documents/Pico-v1.5.1/pico-sdk/src/rp2_common/hardware_gpio/gpio.c.obj
                0x10000c84                gpio_remove_raw_irq_handler_masked
 .text.gpio_acknowledge_irq
                0x10000ccc       0x18 CMakeFiles/FreeRTOS_Project.dir/C_/Users/herma/Documents/Pico-v1.5.1/pico-sdk/src/rp2_common/hardware_gpio/gpio.c.obj
                0x10000ccc                gpio_acknowledge_irq
 .text._gpio_set_irq_enabled
                0x10000ce4       0x34 CMakeFiles/FreeRTOS_Project.dir/C_/Users/herma/Documents/Pico-v1.5.1/pico-sdk/src/rp2_common/hardware_gpio/gpio.c.obj
 .text.gpio_set_irq_enabled
                0x10000d18       0x20 CMakeFiles/FreeRTOS_Project.dir/C_/Users/herma/Documents/Pico-v1.5.1/pico-sdk/src/rp2_common/hardware_gpio/gpio.c.obj
                0x10000d18                gpio_set_irq_enabled
 .text.gpio_set_irq_enabled_with_callback
                0x10000d38       0x20 CMakeFiles/FreeRTOS_Project.dir/C_/Users/herma/Documents/Pico-v1.5.1/pico-sdk/src/rp2_common/hardware_gpio/gpio.c.obj
                0x10000d38                gpio_set_irq_enabled_with_callback
 .text.gpio_default_irq_handler
                0x10000d58       0x98 CMakeFiles/FreeRTOS_Project.dir/C_/Users/herma/Documents/Pico-v1.5.1/pico-sdk/src/rp2_common/hardware_gpio/gpio.c.obj
 .text.gpio_init
                0x10000df0       0x16 CMakeFiles/FreeRTOS_Project.dir/C_/Users/herma/Documents/Pico-v1.5.1/pico-sdk/src/rp2_common/hardware_gpio/gpio.c.obj
                0x10000df0                gpio_init
 *fill*         0x10000e06        0x2 
 .text.running_on_fpga
                0x10000e08       0x14 CMakeFiles/FreeRTOS_Project.dir/C_/Users/herma/Documents/Pico-v1.5.1/pico-sdk/src/rp2_common/pico_platform/platform.c.obj
                0x10000e08                running_on_fpga
 .text.hw_claim_lock
                0x10000e1c       0x18 CMakeFiles/FreeRTOS_Project.dir/C_/Users/herma/Documents/Pico-v1.5.1/pico-sdk/src/rp2_common/hardware_claim/claim.c.obj
                0x10000e1c                hw_claim_lock
 .text.hw_claim_unlock
                0x10000e34       0x14 CMakeFiles/FreeRTOS_Project.dir/C_/Users/herma/Documents/Pico-v1.5.1/pico-sdk/src/rp2_common/hardware_claim/claim.c.obj
                0x10000e34                hw_claim_unlock
 .text.hw_claim_or_assert
                0x10000e48       0x32 CMakeFiles/FreeRTOS_Project.dir/C_/Users/herma/Documents/Pico-v1.5.1/pico-sdk/src/rp2_common/hardware_claim/claim.c.obj
                0x10000e48                hw_claim_or_assert
 .text.hw_claim_unused_from_range
                0x10000e7a       0x50 CMakeFiles/FreeRTOS_Project.dir/C_/Users/herma/Documents/Pico-v1.5.1/pico-sdk/src/rp2_common/hardware_claim/claim.c.obj
                0x10000e7a                hw_claim_unused_from_range
 *fill*         0x10000eca        0x2 
 .text.hw_claim_clear
                0x10000ecc       0x40 CMakeFiles/FreeRTOS_Project.dir/C_/Users/herma/Documents/Pico-v1.5.1/pico-sdk/src/rp2_common/hardware_claim/claim.c.obj
                0x10000ecc                hw_claim_clear
 .text.spin_locks_reset
                0x10000f0c       0x20 CMakeFiles/FreeRTOS_Project.dir/C_/Users/herma/Documents/Pico-v1.5.1/pico-sdk/src/rp2_common/hardware_sync/sync.c.obj
                0x10000f0c                spin_locks_reset
 .text.next_striped_spin_lock_num
                0x10000f2c       0x1c CMakeFiles/FreeRTOS_Project.dir/C_/Users/herma/Documents/Pico-v1.5.1/pico-sdk/src/rp2_common/hardware_sync/sync.c.obj
                0x10000f2c                next_striped_spin_lock_num
 .text.spin_lock_claim
                0x10000f48       0x18 CMakeFiles/FreeRTOS_Project.dir/C_/Users/herma/Documents/Pico-v1.5.1/pico-sdk/src/rp2_common/hardware_sync/sync.c.obj
                0x10000f48                spin_lock_claim
 .text.spin_lock_claim_unused
                0x10000f60       0x20 CMakeFiles/FreeRTOS_Project.dir/C_/Users/herma/Documents/Pico-v1.5.1/pico-sdk/src/rp2_common/hardware_sync/sync.c.obj
                0x10000f60                spin_lock_claim_unused
 .text.set_raw_irq_handler_and_unlock
                0x10000f80       0x28 CMakeFiles/FreeRTOS_Project.dir/C_/Users/herma/Documents/Pico-v1.5.1/pico-sdk/src/rp2_common/hardware_irq/irq.c.obj
 .text.get_user_irq_claim_index
                0x10000fa8        0x6 CMakeFiles/FreeRTOS_Project.dir/C_/Users/herma/Documents/Pico-v1.5.1/pico-sdk/src/rp2_common/hardware_irq/irq.c.obj
 *fill*         0x10000fae        0x2 
 .text.make_branch
                0x10000fb0       0x48 CMakeFiles/FreeRTOS_Project.dir/C_/Users/herma/Documents/Pico-v1.5.1/pico-sdk/src/rp2_common/hardware_irq/irq.c.obj
 .text.insert_branch_and_link
                0x10000ff8       0x40 CMakeFiles/FreeRTOS_Project.dir/C_/Users/herma/Documents/Pico-v1.5.1/pico-sdk/src/rp2_common/hardware_irq/irq.c.obj
 .text.irq_is_enabled
                0x10001038       0x18 CMakeFiles/FreeRTOS_Project.dir/C_/Users/herma/Documents/Pico-v1.5.1/pico-sdk/src/rp2_common/hardware_irq/irq.c.obj
                0x10001038                irq_is_enabled
 .text.irq_set_mask_enabled
                0x10001050       0x20 CMakeFiles/FreeRTOS_Project.dir/C_/Users/herma/Documents/Pico-v1.5.1/pico-sdk/src/rp2_common/hardware_irq/irq.c.obj
                0x10001050                irq_set_mask_enabled
 .text.irq_set_enabled
                0x10001070        0xe CMakeFiles/FreeRTOS_Project.dir/C_/Users/herma/Documents/Pico-v1.5.1/pico-sdk/src/rp2_common/hardware_irq/irq.c.obj
                0x10001070                irq_set_enabled
 *fill*         0x1000107e        0x2 
 .text.irq_set_pending
                0x10001080       0x10 CMakeFiles/FreeRTOS_Project.dir/C_/Users/herma/Documents/Pico-v1.5.1/pico-sdk/src/rp2_common/hardware_irq/irq.c.obj
                0x10001080                irq_set_pending
 .text.irq_get_vtable_handler
                0x10001090       0x10 CMakeFiles/FreeRTOS_Project.dir/C_/Users/herma/Documents/Pico-v1.5.1/pico-sdk/src/rp2_common/hardware_irq/irq.c.obj
                0x10001090                irq_get_vtable_handler
 .text.irq_has_shared_handler
                0x100010a0       0x24 CMakeFiles/FreeRTOS_Project.dir/C_/Users/herma/Documents/Pico-v1.5.1/pico-sdk/src/rp2_common/hardware_irq/irq.c.obj
                0x100010a0                irq_has_shared_handler
 .text.irq_set_exclusive_handler
                0x100010c4       0x54 CMakeFiles/FreeRTOS_Project.dir/C_/Users/herma/Documents/Pico-v1.5.1/pico-sdk/src/rp2_common/hardware_irq/irq.c.obj
                0x100010c4                irq_set_exclusive_handler
 .text.irq_add_shared_handler
                0x10001118      0x234 CMakeFiles/FreeRTOS_Project.dir/C_/Users/herma/Documents/Pico-v1.5.1/pico-sdk/src/rp2_common/hardware_irq/irq.c.obj
                0x10001118                irq_add_shared_handler
 .text.irq_remove_handler
                0x1000134c      0x1ac CMakeFiles/FreeRTOS_Project.dir/C_/Users/herma/Documents/Pico-v1.5.1/pico-sdk/src/rp2_common/hardware_irq/irq.c.obj
                0x1000134c                irq_remove_handler
 .text.irq_set_priority
                0x100014f8       0x28 CMakeFiles/FreeRTOS_Project.dir/C_/Users/herma/Documents/Pico-v1.5.1/pico-sdk/src/rp2_common/hardware_irq/irq.c.obj
                0x100014f8                irq_set_priority
 .text.irq_add_tail_to_free_list
                0x10001520       0xf0 CMakeFiles/FreeRTOS_Project.dir/C_/Users/herma/Documents/Pico-v1.5.1/pico-sdk/src/rp2_common/hardware_irq/irq.c.obj
                0x10001520                irq_add_tail_to_free_list
 .text.irq_init_priorities
                0x10001610       0x1c CMakeFiles/FreeRTOS_Project.dir/C_/Users/herma/Documents/Pico-v1.5.1/pico-sdk/src/rp2_common/hardware_irq/irq.c.obj
                0x10001610                irq_init_priorities
 .text.user_irq_unclaim
                0x1000162c       0x14 CMakeFiles/FreeRTOS_Project.dir/C_/Users/herma/Documents/Pico-v1.5.1/pico-sdk/src/rp2_common/hardware_irq/irq.c.obj
                0x1000162c                user_irq_unclaim
 .text.user_irq_claim_unused
                0x10001640       0x28 CMakeFiles/FreeRTOS_Project.dir/C_/Users/herma/Documents/Pico-v1.5.1/pico-sdk/src/rp2_common/hardware_irq/irq.c.obj
                0x10001640                user_irq_claim_unused
 .text.sem_init
                0x10001668       0x1e CMakeFiles/FreeRTOS_Project.dir/C_/Users/herma/Documents/Pico-v1.5.1/pico-sdk/src/common/pico_sync/sem.c.obj
                0x10001668                sem_init
 *fill*         0x10001686        0x2 
 .text.lock_init
                0x10001688       0x10 CMakeFiles/FreeRTOS_Project.dir/C_/Users/herma/Documents/Pico-v1.5.1/pico-sdk/src/common/pico_sync/lock_core.c.obj
                0x10001688                lock_init
 .text.mutex_init
                0x10001698       0x1c CMakeFiles/FreeRTOS_Project.dir/C_/Users/herma/Documents/Pico-v1.5.1/pico-sdk/src/common/pico_sync/mutex.c.obj
                0x10001698                mutex_init
 .text.recursive_mutex_init
                0x100016b4       0x20 CMakeFiles/FreeRTOS_Project.dir/C_/Users/herma/Documents/Pico-v1.5.1/pico-sdk/src/common/pico_sync/mutex.c.obj
                0x100016b4                recursive_mutex_init
 .text.critical_section_init_with_lock_num
                0x100016d4       0x14 CMakeFiles/FreeRTOS_Project.dir/C_/Users/herma/Documents/Pico-v1.5.1/pico-sdk/src/common/pico_sync/critical_section.c.obj
                0x100016d4                critical_section_init_with_lock_num
 .text.critical_section_init
                0x100016e8       0x14 CMakeFiles/FreeRTOS_Project.dir/C_/Users/herma/Documents/Pico-v1.5.1/pico-sdk/src/common/pico_sync/critical_section.c.obj
                0x100016e8                critical_section_init
 .text.alarm_pool_post_alloc_init
                0x100016fc       0x40 CMakeFiles/FreeRTOS_Project.dir/C_/Users/herma/Documents/Pico-v1.5.1/pico-sdk/src/common/pico_time/time.c.obj
 .text.sleep_until_callback
                0x1000173c       0x28 CMakeFiles/FreeRTOS_Project.dir/C_/Users/herma/Documents/Pico-v1.5.1/pico-sdk/src/common/pico_time/time.c.obj
 .text.timer_pool_entry_comparator
                0x10001764       0x7c CMakeFiles/FreeRTOS_Project.dir/C_/Users/herma/Documents/Pico-v1.5.1/pico-sdk/src/common/pico_time/time.c.obj
                0x10001764                timer_pool_entry_comparator
 .text.ph_add_child_node
                0x100017e0       0xa4 CMakeFiles/FreeRTOS_Project.dir/C_/Users/herma/Documents/Pico-v1.5.1/pico-sdk/src/common/pico_time/time.c.obj
 .text.ph_merge_nodes
                0x10001884       0x3e CMakeFiles/FreeRTOS_Project.dir/C_/Users/herma/Documents/Pico-v1.5.1/pico-sdk/src/common/pico_time/time.c.obj
 *fill*         0x100018c2        0x2 
 .text.add_alarm_under_lock
                0x100018c4      0x174 CMakeFiles/FreeRTOS_Project.dir/C_/Users/herma/Documents/Pico-v1.5.1/pico-sdk/src/common/pico_time/time.c.obj
 .text.alarm_pool_alarm_callback
                0x10001a38      0x33c CMakeFiles/FreeRTOS_Project.dir/C_/Users/herma/Documents/Pico-v1.5.1/pico-sdk/src/common/pico_time/time.c.obj
 .text.alarm_pool_init_default
                0x10001d74       0x40 CMakeFiles/FreeRTOS_Project.dir/C_/Users/herma/Documents/Pico-v1.5.1/pico-sdk/src/common/pico_time/time.c.obj
                0x10001d74                alarm_pool_init_default
 .text.alarm_pool_get_default
                0x10001db4       0x2c CMakeFiles/FreeRTOS_Project.dir/C_/Users/herma/Documents/Pico-v1.5.1/pico-sdk/src/common/pico_time/time.c.obj
                0x10001db4                alarm_pool_get_default
 .text.alarm_pool_create_with_unused_hardware_alarm
                0x10001de0       0x44 CMakeFiles/FreeRTOS_Project.dir/C_/Users/herma/Documents/Pico-v1.5.1/pico-sdk/src/common/pico_time/time.c.obj
                0x10001de0                alarm_pool_create_with_unused_hardware_alarm
 .text.alarm_pool_destroy
                0x10001e24       0x78 CMakeFiles/FreeRTOS_Project.dir/C_/Users/herma/Documents/Pico-v1.5.1/pico-sdk/src/common/pico_time/time.c.obj
                0x10001e24                alarm_pool_destroy
 .text.alarm_pool_add_alarm_at
                0x10001e9c      0x168 CMakeFiles/FreeRTOS_Project.dir/C_/Users/herma/Documents/Pico-v1.5.1/pico-sdk/src/common/pico_time/time.c.obj
                0x10001e9c                alarm_pool_add_alarm_at
 .text.alarm_pool_add_alarm_at_force_in_context
                0x10002004       0xa4 CMakeFiles/FreeRTOS_Project.dir/C_/Users/herma/Documents/Pico-v1.5.1/pico-sdk/src/common/pico_time/time.c.obj
                0x10002004                alarm_pool_add_alarm_at_force_in_context
 .text.alarm_pool_cancel_alarm
                0x100020a8       0xf8 CMakeFiles/FreeRTOS_Project.dir/C_/Users/herma/Documents/Pico-v1.5.1/pico-sdk/src/common/pico_time/time.c.obj
                0x100020a8                alarm_pool_cancel_alarm
 .text.alarm_pool_core_num
                0x100021a0        0x4 CMakeFiles/FreeRTOS_Project.dir/C_/Users/herma/Documents/Pico-v1.5.1/pico-sdk/src/common/pico_time/time.c.obj
                0x100021a0                alarm_pool_core_num
 .text.sleep_until
                0x100021a4       0xf0 CMakeFiles/FreeRTOS_Project.dir/C_/Users/herma/Documents/Pico-v1.5.1/pico-sdk/src/common/pico_time/time.c.obj
                0x100021a4                sleep_until
 .text.sleep_us
                0x10002294       0x58 CMakeFiles/FreeRTOS_Project.dir/C_/Users/herma/Documents/Pico-v1.5.1/pico-sdk/src/common/pico_time/time.c.obj
                0x10002294                sleep_us
 .text.sleep_ms
                0x100022ec       0x14 CMakeFiles/FreeRTOS_Project.dir/C_/Users/herma/Documents/Pico-v1.5.1/pico-sdk/src/common/pico_time/time.c.obj
                0x100022ec                sleep_ms
 .text.best_effort_wfe_or_timeout
                0x10002300       0xac CMakeFiles/FreeRTOS_Project.dir/C_/Users/herma/Documents/Pico-v1.5.1/pico-sdk/src/common/pico_time/time.c.obj
                0x10002300                best_effort_wfe_or_timeout
 .text.hardware_alarm_irq_handler
                0x100023ac       0x90 CMakeFiles/FreeRTOS_Project.dir/C_/Users/herma/Documents/Pico-v1.5.1/pico-sdk/src/rp2_common/hardware_timer/timer.c.obj
 .text.hardware_alarm_claim
                0x1000243c       0x18 CMakeFiles/FreeRTOS_Project.dir/C_/Users/herma/Documents/Pico-v1.5.1/pico-sdk/src/rp2_common/hardware_timer/timer.c.obj
                0x1000243c                hardware_alarm_claim
 .text.hardware_alarm_unclaim
                0x10002454       0x10 CMakeFiles/FreeRTOS_Project.dir/C_/Users/herma/Documents/Pico-v1.5.1/pico-sdk/src/rp2_common/hardware_timer/timer.c.obj
                0x10002454                hardware_alarm_unclaim
 .text.hardware_alarm_claim_unused
                0x10002464       0x20 CMakeFiles/FreeRTOS_Project.dir/C_/Users/herma/Documents/Pico-v1.5.1/pico-sdk/src/rp2_common/hardware_timer/timer.c.obj
                0x10002464                hardware_alarm_claim_unused
 .text.time_us_64
                0x10002484       0x18 CMakeFiles/FreeRTOS_Project.dir/C_/Users/herma/Documents/Pico-v1.5.1/pico-sdk/src/rp2_common/hardware_timer/timer.c.obj
                0x10002484                time_us_64
 .text.busy_wait_until
                0x1000249c       0x28 CMakeFiles/FreeRTOS_Project.dir/C_/Users/herma/Documents/Pico-v1.5.1/pico-sdk/src/rp2_common/hardware_timer/timer.c.obj
                0x1000249c                busy_wait_until
 .text.hardware_alarm_set_callback
                0x100024c4       0x90 CMakeFiles/FreeRTOS_Project.dir/C_/Users/herma/Documents/Pico-v1.5.1/pico-sdk/src/rp2_common/hardware_timer/timer.c.obj
                0x100024c4                hardware_alarm_set_callback
 .text.hardware_alarm_set_target
                0x10002554       0xe8 CMakeFiles/FreeRTOS_Project.dir/C_/Users/herma/Documents/Pico-v1.5.1/pico-sdk/src/rp2_common/hardware_timer/timer.c.obj
                0x10002554                hardware_alarm_set_target
 .text.hardware_alarm_cancel
                0x1000263c       0x40 CMakeFiles/FreeRTOS_Project.dir/C_/Users/herma/Documents/Pico-v1.5.1/pico-sdk/src/rp2_common/hardware_timer/timer.c.obj
                0x1000263c                hardware_alarm_cancel
 .text.hardware_alarm_force_irq
                0x1000267c       0x40 CMakeFiles/FreeRTOS_Project.dir/C_/Users/herma/Documents/Pico-v1.5.1/pico-sdk/src/rp2_common/hardware_timer/timer.c.obj
                0x1000267c                hardware_alarm_force_irq
 .text.ph_add_child_node
                0x100026bc       0xa4 CMakeFiles/FreeRTOS_Project.dir/C_/Users/herma/Documents/Pico-v1.5.1/pico-sdk/src/common/pico_util/pheap.c.obj
 .text.ph_merge_nodes
                0x10002760       0x3e CMakeFiles/FreeRTOS_Project.dir/C_/Users/herma/Documents/Pico-v1.5.1/pico-sdk/src/common/pico_util/pheap.c.obj
 *fill*         0x1000279e        0x2 
 .text.ph_clear
                0x100027a0       0x70 CMakeFiles/FreeRTOS_Project.dir/C_/Users/herma/Documents/Pico-v1.5.1/pico-sdk/src/common/pico_util/pheap.c.obj
                0x100027a0                ph_clear
 .text.ph_post_alloc_init
                0x10002810        0xe CMakeFiles/FreeRTOS_Project.dir/C_/Users/herma/Documents/Pico-v1.5.1/pico-sdk/src/common/pico_util/pheap.c.obj
                0x10002810                ph_post_alloc_init
 .text.ph_create
                0x1000281e       0x2c CMakeFiles/FreeRTOS_Project.dir/C_/Users/herma/Documents/Pico-v1.5.1/pico-sdk/src/common/pico_util/pheap.c.obj
                0x1000281e                ph_create
 .text.ph_destroy
                0x1000284a       0x12 CMakeFiles/FreeRTOS_Project.dir/C_/Users/herma/Documents/Pico-v1.5.1/pico-sdk/src/common/pico_util/pheap.c.obj
                0x1000284a                ph_destroy
 .text.ph_merge_two_pass
                0x1000285c       0xa8 CMakeFiles/FreeRTOS_Project.dir/C_/Users/herma/Documents/Pico-v1.5.1/pico-sdk/src/common/pico_util/pheap.c.obj
                0x1000285c                ph_merge_two_pass
 .text.ph_remove_any_head
                0x10002904      0x128 CMakeFiles/FreeRTOS_Project.dir/C_/Users/herma/Documents/Pico-v1.5.1/pico-sdk/src/common/pico_util/pheap.c.obj
 .text.ph_remove_head
                0x10002a2c       0x14 CMakeFiles/FreeRTOS_Project.dir/C_/Users/herma/Documents/Pico-v1.5.1/pico-sdk/src/common/pico_util/pheap.c.obj
                0x10002a2c                ph_remove_head
 .text.ph_remove_and_free_node
                0x10002a40       0xf8 CMakeFiles/FreeRTOS_Project.dir/C_/Users/herma/Documents/Pico-v1.5.1/pico-sdk/src/common/pico_util/pheap.c.obj
                0x10002a40                ph_remove_and_free_node
 .text.clock_configure
                0x10002b38      0x108 CMakeFiles/FreeRTOS_Project.dir/C_/Users/herma/Documents/Pico-v1.5.1/pico-sdk/src/rp2_common/hardware_clocks/clocks.c.obj
                0x10002b38                clock_configure
 .text.clocks_init
                0x10002c40      0x100 CMakeFiles/FreeRTOS_Project.dir/C_/Users/herma/Documents/Pico-v1.5.1/pico-sdk/src/rp2_common/hardware_clocks/clocks.c.obj
                0x10002c40                clocks_init
 .text.clock_get_hz
                0x10002d40        0xc CMakeFiles/FreeRTOS_Project.dir/C_/Users/herma/Documents/Pico-v1.5.1/pico-sdk/src/rp2_common/hardware_clocks/clocks.c.obj
                0x10002d40                clock_get_hz
 .text.pll_init
                0x10002d4c      0x120 CMakeFiles/FreeRTOS_Project.dir/C_/Users/herma/Documents/Pico-v1.5.1/pico-sdk/src/rp2_common/hardware_pll/pll.c.obj
                0x10002d4c                pll_init
 .text.watchdog_start_tick
                0x10002e6c       0x10 CMakeFiles/FreeRTOS_Project.dir/C_/Users/herma/Documents/Pico-v1.5.1/pico-sdk/src/rp2_common/hardware_watchdog/watchdog.c.obj
                0x10002e6c                watchdog_start_tick
 .text.watchdog_update
                0x10002e7c       0x14 CMakeFiles/FreeRTOS_Project.dir/C_/Users/herma/Documents/Pico-v1.5.1/pico-sdk/src/rp2_common/hardware_watchdog/watchdog.c.obj
                0x10002e7c                watchdog_update
 .text._watchdog_enable
                0x10002e90       0x78 CMakeFiles/FreeRTOS_Project.dir/C_/Users/herma/Documents/Pico-v1.5.1/pico-sdk/src/rp2_common/hardware_watchdog/watchdog.c.obj
                0x10002e90                _watchdog_enable
 .text.watchdog_reboot
                0x10002f08       0x48 CMakeFiles/FreeRTOS_Project.dir/C_/Users/herma/Documents/Pico-v1.5.1/pico-sdk/src/rp2_common/hardware_watchdog/watchdog.c.obj
                0x10002f08                watchdog_reboot
 .text.xosc_init
                0x10002f50       0x28 CMakeFiles/FreeRTOS_Project.dir/C_/Users/herma/Documents/Pico-v1.5.1/pico-sdk/src/rp2_common/hardware_xosc/xosc.c.obj
                0x10002f50                xosc_init
 .text._exit    0x10002f78        0x4 CMakeFiles/FreeRTOS_Project.dir/C_/Users/herma/Documents/Pico-v1.5.1/pico-sdk/src/rp2_common/pico_runtime/runtime.c.obj
                0x10002f78                _exit
 .text._sbrk    0x10002f7c       0x38 CMakeFiles/FreeRTOS_Project.dir/C_/Users/herma/Documents/Pico-v1.5.1/pico-sdk/src/rp2_common/pico_runtime/runtime.c.obj
                0x10002f7c                _sbrk
 .text.exit     0x10002fb4        0x6 CMakeFiles/FreeRTOS_Project.dir/C_/Users/herma/Documents/Pico-v1.5.1/pico-sdk/src/rp2_common/pico_runtime/runtime.c.obj
                0x10002fb4                exit
 *fill*         0x10002fba        0x2 
 .text.__assert_func
                0x10002fbc       0x3c CMakeFiles/FreeRTOS_Project.dir/C_/Users/herma/Documents/Pico-v1.5.1/pico-sdk/src/rp2_common/pico_runtime/runtime.c.obj
                0x10002fbc                __assert_func
 .text.runtime_init
                0x10002ff8       0xf8 CMakeFiles/FreeRTOS_Project.dir/C_/Users/herma/Documents/Pico-v1.5.1/pico-sdk/src/rp2_common/pico_runtime/runtime.c.obj
                0x10002ff8                runtime_init
 .text.panic    0x100030f0       0x30 CMakeFiles/FreeRTOS_Project.dir/C_/Users/herma/Documents/Pico-v1.5.1/pico-sdk/src/rp2_common/pico_runtime/runtime.c.obj
                0x100030f0                panic
 .text.panic_unsupported
                0x10003120        0xc CMakeFiles/FreeRTOS_Project.dir/C_/Users/herma/Documents/Pico-v1.5.1/pico-sdk/src/rp2_common/pico_runtime/runtime.c.obj
                0x10003120                panic_unsupported
 .text._out_null
                0x1000312c        0x2 CMakeFiles/FreeRTOS_Project.dir/C_/Users/herma/Documents/Pico-v1.5.1/pico-sdk/src/rp2_common/pico_printf/printf.c.obj
 .text._out_fct
                0x1000312e        0xe CMakeFiles/FreeRTOS_Project.dir/C_/Users/herma/Documents/Pico-v1.5.1/pico-sdk/src/rp2_common/pico_printf/printf.c.obj
 .text._atoi    0x1000313c       0x24 CMakeFiles/FreeRTOS_Project.dir/C_/Users/herma/Documents/Pico-v1.5.1/pico-sdk/src/rp2_common/pico_printf/printf.c.obj
 .text._out_rev
                0x10003160       0xae CMakeFiles/FreeRTOS_Project.dir/C_/Users/herma/Documents/Pico-v1.5.1/pico-sdk/src/rp2_common/pico_printf/printf.c.obj
 .text._ntoa_format
                0x1000320e      0x112 CMakeFiles/FreeRTOS_Project.dir/C_/Users/herma/Documents/Pico-v1.5.1/pico-sdk/src/rp2_common/pico_printf/printf.c.obj
 .text._ntoa_long
                0x10003320       0xbc CMakeFiles/FreeRTOS_Project.dir/C_/Users/herma/Documents/Pico-v1.5.1/pico-sdk/src/rp2_common/pico_printf/printf.c.obj
 .text._ntoa_long_long
                0x100033dc       0xe2 CMakeFiles/FreeRTOS_Project.dir/C_/Users/herma/Documents/Pico-v1.5.1/pico-sdk/src/rp2_common/pico_printf/printf.c.obj
 *fill*         0x100034be        0x2 
 .text._etoa    0x100034c0      0x414 CMakeFiles/FreeRTOS_Project.dir/C_/Users/herma/Documents/Pico-v1.5.1/pico-sdk/src/rp2_common/pico_printf/printf.c.obj
 .text._ftoa    0x100038d4      0x354 CMakeFiles/FreeRTOS_Project.dir/C_/Users/herma/Documents/Pico-v1.5.1/pico-sdk/src/rp2_common/pico_printf/printf.c.obj
 .text._vsnprintf
                0x10003c28      0x624 CMakeFiles/FreeRTOS_Project.dir/C_/Users/herma/Documents/Pico-v1.5.1/pico-sdk/src/rp2_common/pico_printf/printf.c.obj
 .text.vfctprintf
                0x1000424c       0x20 CMakeFiles/FreeRTOS_Project.dir/C_/Users/herma/Documents/Pico-v1.5.1/pico-sdk/src/rp2_common/pico_printf/printf.c.obj
                0x1000424c                vfctprintf
 .text          0x1000426c       0x10 CMakeFiles/FreeRTOS_Project.dir/C_/Users/herma/Documents/Pico-v1.5.1/pico-sdk/src/rp2_common/pico_bit_ops/bit_ops_aeabi.S.obj
 .text.rom_func_lookup
                0x1000427c       0x10 CMakeFiles/FreeRTOS_Project.dir/C_/Users/herma/Documents/Pico-v1.5.1/pico-sdk/src/rp2_common/pico_bootrom/bootrom.c.obj
                0x1000427c                rom_func_lookup
 .text.rom_data_lookup
                0x1000428c       0x10 CMakeFiles/FreeRTOS_Project.dir/C_/Users/herma/Documents/Pico-v1.5.1/pico-sdk/src/rp2_common/pico_bootrom/bootrom.c.obj
                0x1000428c                rom_data_lookup
 .text.rom_funcs_lookup
                0x1000429c       0x36 CMakeFiles/FreeRTOS_Project.dir/C_/Users/herma/Documents/Pico-v1.5.1/pico-sdk/src/rp2_common/pico_bootrom/bootrom.c.obj
                0x1000429c                rom_funcs_lookup
 *fill*         0x100042d2        0x2 
 .text.__wrap___aeabi_idiv
                0x100042d4       0x50 CMakeFiles/FreeRTOS_Project.dir/C_/Users/herma/Documents/Pico-v1.5.1/pico-sdk/src/rp2_common/pico_divider/divider.S.obj
                0x100042d4                __wrap___aeabi_idivmod
                0x100042d4                divmod_s32s32
                0x100042d4                div_s32s32
                0x100042d4                __wrap___aeabi_idiv
                0x100042dc                divmod_s32s32_unsafe
                0x10004308                divmod_s32s32_savestate
 .text.__wrap___aeabi_uidiv
                0x10004324       0x4c CMakeFiles/FreeRTOS_Project.dir/C_/Users/herma/Documents/Pico-v1.5.1/pico-sdk/src/rp2_common/pico_divider/divider.S.obj
                0x10004324                __wrap___aeabi_uidiv
                0x10004324                __wrap___aeabi_uidivmod
                0x10004324                div_u32u32
                0x10004324                divmod_u32u32
                0x1000432c                divmod_u32u32_unsafe
                0x10004354                divmod_u32u32_savestate
 .text.__wrap___aeabi_ldiv
                0x10004370      0x424 CMakeFiles/FreeRTOS_Project.dir/C_/Users/herma/Documents/Pico-v1.5.1/pico-sdk/src/rp2_common/pico_divider/divider.S.obj
                0x10004370                div_s64s64
                0x10004370                divmod_s64s64
                0x10004370                __wrap___aeabi_ldivmod
                0x100043a0                divmod_u64u64
                0x100043a0                div_u64u64
                0x100043a0                __wrap___aeabi_uldivmod
                0x100043b0                divmod_u64u64_savestate
                0x100043d0                divmod_s64s64_unsafe
                0x10004458                divmod_u64u64_unsafe
 .text.__wrap___aeabi_darithmetic
                0x10004794       0x60 CMakeFiles/FreeRTOS_Project.dir/C_/Users/herma/Documents/Pico-v1.5.1/pico-sdk/src/rp2_common/pico_double/double_aeabi.S.obj
                0x10004794                __wrap___aeabi_drsub
                0x1000479a                __wrap___aeabi_dsub
                0x100047a4                __wrap___aeabi_dadd
                0x100047ae                __wrap___aeabi_ddiv
                0x100047e2                __wrap___aeabi_dmul
 .text.__wrap___aeabi_cdcmple
                0x100047f4       0x6c CMakeFiles/FreeRTOS_Project.dir/C_/Users/herma/Documents/Pico-v1.5.1/pico-sdk/src/rp2_common/pico_double/double_aeabi.S.obj
                0x100047f4                __wrap___aeabi_cdrcmple
                0x10004804                __wrap___aeabi_cdcmpeq
                0x10004804                __wrap___aeabi_cdcmple
 .text.__wrap___aeabi_dcmplt
                0x10004860        0xc CMakeFiles/FreeRTOS_Project.dir/C_/Users/herma/Documents/Pico-v1.5.1/pico-sdk/src/rp2_common/pico_double/double_aeabi.S.obj
                0x10004860                __wrap___aeabi_dcmplt
 .text.__wrap___aeabi_dcmple
                0x1000486c       0x10 CMakeFiles/FreeRTOS_Project.dir/C_/Users/herma/Documents/Pico-v1.5.1/pico-sdk/src/rp2_common/pico_double/double_aeabi.S.obj
                0x1000486c                __wrap___aeabi_dcmple
 .text.__wrap___aeabi_dcmpge
                0x1000487c       0x10 CMakeFiles/FreeRTOS_Project.dir/C_/Users/herma/Documents/Pico-v1.5.1/pico-sdk/src/rp2_common/pico_double/double_aeabi.S.obj
                0x1000487c                __wrap___aeabi_dcmpge
 .text.__wrap___aeabi_dcmpgt
                0x1000488c        0xa CMakeFiles/FreeRTOS_Project.dir/C_/Users/herma/Documents/Pico-v1.5.1/pico-sdk/src/rp2_common/pico_double/double_aeabi.S.obj
                0x1000488c                __wrap___aeabi_dcmpgt
 .text.__wrap___aeabi_dcmpun
                0x10004896       0x1c CMakeFiles/FreeRTOS_Project.dir/C_/Users/herma/Documents/Pico-v1.5.1/pico-sdk/src/rp2_common/pico_double/double_aeabi.S.obj
                0x10004896                __wrap___aeabi_dcmpun
 *fill*         0x100048b2        0x2 
 .text.__wrap___aeabi_i2d
                0x100048b4       0x38 CMakeFiles/FreeRTOS_Project.dir/C_/Users/herma/Documents/Pico-v1.5.1/pico-sdk/src/rp2_common/pico_double/double_aeabi.S.obj
                0x100048b4                __wrap___aeabi_ui2d
                0x100048bc                __wrap___aeabi_i2d
 .text.__wrap___aeabi_d2iz
                0x100048ec       0x48 CMakeFiles/FreeRTOS_Project.dir/C_/Users/herma/Documents/Pico-v1.5.1/pico-sdk/src/rp2_common/pico_double/double_aeabi.S.obj
                0x100048ec                double2int_z
                0x100048ec                __wrap___aeabi_d2iz
 .text.__wrap___aeabi_d2uiz
                0x10004934       0x10 CMakeFiles/FreeRTOS_Project.dir/C_/Users/herma/Documents/Pico-v1.5.1/pico-sdk/src/rp2_common/pico_double/double_aeabi.S.obj
                0x10004934                __wrap___aeabi_d2uiz
                0x10004934                double2uint
 .text.missing_double_func_shim
                0x10004944        0xc CMakeFiles/FreeRTOS_Project.dir/C_/Users/herma/Documents/Pico-v1.5.1/pico-sdk/src/rp2_common/pico_double/double_init_rom.c.obj
 .text.__aeabi_double_init
                0x10004950       0xcc CMakeFiles/FreeRTOS_Project.dir/C_/Users/herma/Documents/Pico-v1.5.1/pico-sdk/src/rp2_common/pico_double/double_init_rom.c.obj
                0x10004950                __aeabi_double_init
 .text.double_table_shim_on_use_helper
                0x10004a1c       0x34 CMakeFiles/FreeRTOS_Project.dir/C_/Users/herma/Documents/Pico-v1.5.1/pico-sdk/src/rp2_common/pico_double/double_v1_rom_shim.S.obj
                0x10004a1c                double_table_shim_on_use_helper
 .text.__aeabi_lmul
                0x10004a50       0x32 CMakeFiles/FreeRTOS_Project.dir/C_/Users/herma/Documents/Pico-v1.5.1/pico-sdk/src/rp2_common/pico_int64_ops/pico_int64_ops_aeabi.S.obj
                0x10004a50                __wrap___aeabi_lmul
 *fill*         0x10004a82        0x2 
 .text.__wrap___aeabi_farithmetic
                0x10004a84       0x48 CMakeFiles/FreeRTOS_Project.dir/C_/Users/herma/Documents/Pico-v1.5.1/pico-sdk/src/rp2_common/pico_float/float_aeabi.S.obj
                0x10004a84                __wrap___aeabi_frsub
                0x10004a8a                __wrap___aeabi_fsub
                0x10004a90                __wrap___aeabi_fadd
                0x10004a96                __wrap___aeabi_fdiv
                0x10004abe                __wrap___aeabi_fmul
 .text.__wrap___aeabi_cfcmple
                0x10004acc       0x50 CMakeFiles/FreeRTOS_Project.dir/C_/Users/herma/Documents/Pico-v1.5.1/pico-sdk/src/rp2_common/pico_float/float_aeabi.S.obj
                0x10004acc                __wrap___aeabi_cfrcmple
                0x10004ad8                __wrap___aeabi_cfcmple
                0x10004ad8                __wrap___aeabi_cfcmpeq
 .text.__wrap___aeabi_fcmplt
                0x10004b1c        0xc CMakeFiles/FreeRTOS_Project.dir/C_/Users/herma/Documents/Pico-v1.5.1/pico-sdk/src/rp2_common/pico_float/float_aeabi.S.obj
                0x10004b1c                __wrap___aeabi_fcmplt
 .text.__wrap___aeabi_fcmple
                0x10004b28       0x10 CMakeFiles/FreeRTOS_Project.dir/C_/Users/herma/Documents/Pico-v1.5.1/pico-sdk/src/rp2_common/pico_float/float_aeabi.S.obj
                0x10004b28                __wrap___aeabi_fcmple
 .text.__wrap___aeabi_fcmpgt
                0x10004b38        0xa CMakeFiles/FreeRTOS_Project.dir/C_/Users/herma/Documents/Pico-v1.5.1/pico-sdk/src/rp2_common/pico_float/float_aeabi.S.obj
                0x10004b38                __wrap___aeabi_fcmpgt
 .text.__wrap___aeabi_ui2f
                0x10004b42        0xa CMakeFiles/FreeRTOS_Project.dir/C_/Users/herma/Documents/Pico-v1.5.1/pico-sdk/src/rp2_common/pico_float/float_aeabi.S.obj
                0x10004b42                __wrap___aeabi_ui2f
 .text.__wrap___aeabi_i2f
                0x10004b4c       0x44 CMakeFiles/FreeRTOS_Project.dir/C_/Users/herma/Documents/Pico-v1.5.1/pico-sdk/src/rp2_common/pico_float/float_aeabi.S.obj
                0x10004b4c                __wrap___aeabi_i2f
 .text.__wrap___aeabi_f2iz
                0x10004b90       0x4e CMakeFiles/FreeRTOS_Project.dir/C_/Users/herma/Documents/Pico-v1.5.1/pico-sdk/src/rp2_common/pico_float/float_aeabi.S.obj
                0x10004b90                float2int_z
                0x10004b90                __wrap___aeabi_f2iz
 *fill*         0x10004bde        0x2 
 .text.float2int
                0x10004be0        0xc CMakeFiles/FreeRTOS_Project.dir/C_/Users/herma/Documents/Pico-v1.5.1/pico-sdk/src/rp2_common/pico_float/float_aeabi.S.obj
                0x10004be0                float2int
 .text.__wrap___aeabi_f2uiz
                0x10004bec        0xc CMakeFiles/FreeRTOS_Project.dir/C_/Users/herma/Documents/Pico-v1.5.1/pico-sdk/src/rp2_common/pico_float/float_aeabi.S.obj
                0x10004bec                __wrap___aeabi_f2uiz
 .text.__wrap___aeabi_f2d
                0x10004bf8        0xc CMakeFiles/FreeRTOS_Project.dir/C_/Users/herma/Documents/Pico-v1.5.1/pico-sdk/src/rp2_common/pico_float/float_aeabi.S.obj
                0x10004bf8                __wrap___aeabi_f2d
 .text.missing_float_func_shim
                0x10004c04        0xc CMakeFiles/FreeRTOS_Project.dir/C_/Users/herma/Documents/Pico-v1.5.1/pico-sdk/src/rp2_common/pico_float/float_init_rom.c.obj
 .text.__aeabi_float_init
                0x10004c10       0x88 CMakeFiles/FreeRTOS_Project.dir/C_/Users/herma/Documents/Pico-v1.5.1/pico-sdk/src/rp2_common/pico_float/float_init_rom.c.obj
                0x10004c10                __aeabi_float_init
 .text.__wrap_malloc
                0x10004c98       0x3c CMakeFiles/FreeRTOS_Project.dir/C_/Users/herma/Documents/Pico-v1.5.1/pico-sdk/src/rp2_common/pico_malloc/pico_malloc.c.obj
                0x10004c98                __wrap_malloc
 .text.__wrap_calloc
                0x10004cd4       0x40 CMakeFiles/FreeRTOS_Project.dir/C_/Users/herma/Documents/Pico-v1.5.1/pico-sdk/src/rp2_common/pico_malloc/pico_malloc.c.obj
                0x10004cd4                __wrap_calloc
 .text.__wrap_free
                0x10004d14       0x20 CMakeFiles/FreeRTOS_Project.dir/C_/Users/herma/Documents/Pico-v1.5.1/pico-sdk/src/rp2_common/pico_malloc/pico_malloc.c.obj
                0x10004d14                __wrap_free
 .text          0x10004d34       0x10 CMakeFiles/FreeRTOS_Project.dir/C_/Users/herma/Documents/Pico-v1.5.1/pico-sdk/src/rp2_common/pico_mem_ops/mem_ops_aeabi.S.obj
                0x10004d34                __aeabi_mem_init
 .text.memset   0x10004d44        0xc CMakeFiles/FreeRTOS_Project.dir/C_/Users/herma/Documents/Pico-v1.5.1/pico-sdk/src/rp2_common/pico_mem_ops/mem_ops_aeabi.S.obj
                0x10004d44                __wrap_memset
 .text.memcpy   0x10004d50        0xc CMakeFiles/FreeRTOS_Project.dir/C_/Users/herma/Documents/Pico-v1.5.1/pico-sdk/src/rp2_common/pico_mem_ops/mem_ops_aeabi.S.obj
                0x10004d50                __wrap_memcpy
                0x10004d50                __wrap___aeabi_memcpy
 .text.stdio_out_chars_no_crlf
                0x10004d5c        0xe CMakeFiles/FreeRTOS_Project.dir/C_/Users/herma/Documents/Pico-v1.5.1/pico-sdk/src/rp2_common/pico_stdio/stdio.c.obj
 *fill*         0x10004d6a        0x2 
 .text.stdio_out_chars_crlf
                0x10004d6c       0x80 CMakeFiles/FreeRTOS_Project.dir/C_/Users/herma/Documents/Pico-v1.5.1/pico-sdk/src/rp2_common/pico_stdio/stdio.c.obj
 .text.stdio_stack_buffer_flush
                0x10004dec       0x44 CMakeFiles/FreeRTOS_Project.dir/C_/Users/herma/Documents/Pico-v1.5.1/pico-sdk/src/rp2_common/pico_stdio/stdio.c.obj
 .text.stdio_buffered_printer
                0x10004e30       0x20 CMakeFiles/FreeRTOS_Project.dir/C_/Users/herma/Documents/Pico-v1.5.1/pico-sdk/src/rp2_common/pico_stdio/stdio.c.obj
 .text.stdout_serialize_begin
                0x10004e50       0x5c CMakeFiles/FreeRTOS_Project.dir/C_/Users/herma/Documents/Pico-v1.5.1/pico-sdk/src/rp2_common/pico_stdio/stdio.c.obj
                0x10004e50                stdout_serialize_begin
 .text.stdout_serialize_end
                0x10004eac       0x10 CMakeFiles/FreeRTOS_Project.dir/C_/Users/herma/Documents/Pico-v1.5.1/pico-sdk/src/rp2_common/pico_stdio/stdio.c.obj
                0x10004eac                stdout_serialize_end
 .text.stdio_put_string
                0x10004ebc       0x98 CMakeFiles/FreeRTOS_Project.dir/C_/Users/herma/Documents/Pico-v1.5.1/pico-sdk/src/rp2_common/pico_stdio/stdio.c.obj
 .text.stdio_set_driver_enabled
                0x10004f54       0x2c CMakeFiles/FreeRTOS_Project.dir/C_/Users/herma/Documents/Pico-v1.5.1/pico-sdk/src/rp2_common/pico_stdio/stdio.c.obj
                0x10004f54                stdio_set_driver_enabled
 .text.stdio_flush
                0x10004f80       0x20 CMakeFiles/FreeRTOS_Project.dir/C_/Users/herma/Documents/Pico-v1.5.1/pico-sdk/src/rp2_common/pico_stdio/stdio.c.obj
                0x10004f80                stdio_flush
 .text.__wrap_puts
                0x10004fa0       0x1e CMakeFiles/FreeRTOS_Project.dir/C_/Users/herma/Documents/Pico-v1.5.1/pico-sdk/src/rp2_common/pico_stdio/stdio.c.obj
                0x10004fa0                __wrap_puts
 *fill*         0x10004fbe        0x2 
 .text.__wrap_vprintf
                0x10004fc0       0x40 CMakeFiles/FreeRTOS_Project.dir/C_/Users/herma/Documents/Pico-v1.5.1/pico-sdk/src/rp2_common/pico_stdio/stdio.c.obj
                0x10004fc0                __wrap_vprintf
 .text.__wrap_printf
                0x10005000       0x18 CMakeFiles/FreeRTOS_Project.dir/C_/Users/herma/Documents/Pico-v1.5.1/pico-sdk/src/rp2_common/pico_stdio/stdio.c.obj
                0x10005000                __wrap_printf
 .text.stdio_init_all
                0x10005018        0x8 CMakeFiles/FreeRTOS_Project.dir/C_/Users/herma/Documents/Pico-v1.5.1/pico-sdk/src/rp2_common/pico_stdio/stdio.c.obj
                0x10005018                stdio_init_all
 .text.resetd_init
                0x10005020        0x2 CMakeFiles/FreeRTOS_Project.dir/C_/Users/herma/Documents/Pico-v1.5.1/pico-sdk/src/rp2_common/pico_stdio_usb/reset_interface.c.obj
 *fill*         0x10005022        0x2 
 .text.resetd_reset
                0x10005024        0xc CMakeFiles/FreeRTOS_Project.dir/C_/Users/herma/Documents/Pico-v1.5.1/pico-sdk/src/rp2_common/pico_stdio_usb/reset_interface.c.obj
 .text.resetd_open
                0x10005030       0x34 CMakeFiles/FreeRTOS_Project.dir/C_/Users/herma/Documents/Pico-v1.5.1/pico-sdk/src/rp2_common/pico_stdio_usb/reset_interface.c.obj
 .text.resetd_xfer_cb
                0x10005064        0x4 CMakeFiles/FreeRTOS_Project.dir/C_/Users/herma/Documents/Pico-v1.5.1/pico-sdk/src/rp2_common/pico_stdio_usb/reset_interface.c.obj
 .text.reset_usb_boot
                0x10005068       0x18 CMakeFiles/FreeRTOS_Project.dir/C_/Users/herma/Documents/Pico-v1.5.1/pico-sdk/src/rp2_common/pico_stdio_usb/reset_interface.c.obj
 .text.resetd_control_xfer_cb
                0x10005080       0x5c CMakeFiles/FreeRTOS_Project.dir/C_/Users/herma/Documents/Pico-v1.5.1/pico-sdk/src/rp2_common/pico_stdio_usb/reset_interface.c.obj
 .text.usbd_app_driver_get_cb
                0x100050dc        0xc CMakeFiles/FreeRTOS_Project.dir/C_/Users/herma/Documents/Pico-v1.5.1/pico-sdk/src/rp2_common/pico_stdio_usb/reset_interface.c.obj
                0x100050dc                usbd_app_driver_get_cb
 .text.tud_cdc_line_coding_cb
                0x100050e8       0x28 CMakeFiles/FreeRTOS_Project.dir/C_/Users/herma/Documents/Pico-v1.5.1/pico-sdk/src/rp2_common/pico_stdio_usb/reset_interface.c.obj
                0x100050e8                tud_cdc_line_coding_cb
 .text.stdio_usb_set_chars_available_callback
                0x10005110       0x14 CMakeFiles/FreeRTOS_Project.dir/C_/Users/herma/Documents/Pico-v1.5.1/pico-sdk/src/rp2_common/pico_stdio_usb/stdio_usb.c.obj
                0x10005110                stdio_usb_set_chars_available_callback
 .text.usb_irq  0x10005124       0x10 CMakeFiles/FreeRTOS_Project.dir/C_/Users/herma/Documents/Pico-v1.5.1/pico-sdk/src/rp2_common/pico_stdio_usb/stdio_usb.c.obj
 .text.timer_task
                0x10005134       0x5c CMakeFiles/FreeRTOS_Project.dir/C_/Users/herma/Documents/Pico-v1.5.1/pico-sdk/src/rp2_common/pico_stdio_usb/stdio_usb.c.obj
 .text.low_priority_worker_irq
                0x10005190       0xdc CMakeFiles/FreeRTOS_Project.dir/C_/Users/herma/Documents/Pico-v1.5.1/pico-sdk/src/rp2_common/pico_stdio_usb/stdio_usb.c.obj
 .text.tud_cdc_rx_cb
                0x1000526c       0x20 CMakeFiles/FreeRTOS_Project.dir/C_/Users/herma/Documents/Pico-v1.5.1/pico-sdk/src/rp2_common/pico_stdio_usb/stdio_usb.c.obj
                0x1000526c                tud_cdc_rx_cb
 .text.stdio_usb_init
                0x1000528c      0x11c CMakeFiles/FreeRTOS_Project.dir/C_/Users/herma/Documents/Pico-v1.5.1/pico-sdk/src/rp2_common/pico_stdio_usb/stdio_usb.c.obj
                0x1000528c                stdio_usb_init
 .text.stdio_usb_connected
                0x100053a8        0xa CMakeFiles/FreeRTOS_Project.dir/C_/Users/herma/Documents/Pico-v1.5.1/pico-sdk/src/rp2_common/pico_stdio_usb/stdio_usb.c.obj
                0x100053a8                stdio_usb_connected
 *fill*         0x100053b2        0x2 
 .text.stdio_usb_in_chars
                0x100053b4       0xc4 CMakeFiles/FreeRTOS_Project.dir/C_/Users/herma/Documents/Pico-v1.5.1/pico-sdk/src/rp2_common/pico_stdio_usb/stdio_usb.c.obj
                0x100053b4                stdio_usb_in_chars
 .text.stdio_usb_out_chars
                0x10005478      0x114 CMakeFiles/FreeRTOS_Project.dir/C_/Users/herma/Documents/Pico-v1.5.1/pico-sdk/src/rp2_common/pico_stdio_usb/stdio_usb.c.obj
 .text.tud_descriptor_device_cb
                0x1000558c        0x8 CMakeFiles/FreeRTOS_Project.dir/C_/Users/herma/Documents/Pico-v1.5.1/pico-sdk/src/rp2_common/pico_stdio_usb/stdio_usb_descriptors.c.obj
                0x1000558c                tud_descriptor_device_cb
 .text.tud_descriptor_configuration_cb
                0x10005594        0x8 CMakeFiles/FreeRTOS_Project.dir/C_/Users/herma/Documents/Pico-v1.5.1/pico-sdk/src/rp2_common/pico_stdio_usb/stdio_usb_descriptors.c.obj
                0x10005594                tud_descriptor_configuration_cb
 .text.tud_descriptor_string_cb
                0x1000559c       0x6c CMakeFiles/FreeRTOS_Project.dir/C_/Users/herma/Documents/Pico-v1.5.1/pico-sdk/src/rp2_common/pico_stdio_usb/stdio_usb_descriptors.c.obj
                0x1000559c                tud_descriptor_string_cb
 .text._retrieve_unique_id_on_boot
                0x10005608       0x10 CMakeFiles/FreeRTOS_Project.dir/C_/Users/herma/Documents/Pico-v1.5.1/pico-sdk/src/rp2_common/pico_unique_id/unique_id.c.obj
 .text.pico_get_unique_board_id
                0x10005618       0x10 CMakeFiles/FreeRTOS_Project.dir/C_/Users/herma/Documents/Pico-v1.5.1/pico-sdk/src/rp2_common/pico_unique_id/unique_id.c.obj
                0x10005618                pico_get_unique_board_id
 .text.pico_get_unique_board_id_string
                0x10005628       0x60 CMakeFiles/FreeRTOS_Project.dir/C_/Users/herma/Documents/Pico-v1.5.1/pico-sdk/src/rp2_common/pico_unique_id/unique_id.c.obj
                0x10005628                pico_get_unique_board_id_string
 .text.flash_get_unique_id
                0x10005688       0x46 CMakeFiles/FreeRTOS_Project.dir/C_/Users/herma/Documents/Pico-v1.5.1/pico-sdk/src/rp2_common/hardware_flash/flash.c.obj
                0x10005688                flash_get_unique_id
 *fill*         0x100056ce        0x2 
 .text.hw_endpoint_get_by_addr
                0x100056d0       0x18 CMakeFiles/FreeRTOS_Project.dir/C_/Users/herma/Documents/Pico-v1.5.1/pico-sdk/lib/tinyusb/src/portable/raspberrypi/rp2040/dcd_rp2040.c.obj
 .text._hw_endpoint_alloc
                0x100056e8       0x70 CMakeFiles/FreeRTOS_Project.dir/C_/Users/herma/Documents/Pico-v1.5.1/pico-sdk/lib/tinyusb/src/portable/raspberrypi/rp2040/dcd_rp2040.c.obj
 .text.hw_endpoint_init
                0x10005758       0x88 CMakeFiles/FreeRTOS_Project.dir/C_/Users/herma/Documents/Pico-v1.5.1/pico-sdk/lib/tinyusb/src/portable/raspberrypi/rp2040/dcd_rp2040.c.obj
 .text.hw_endpoint_xfer
                0x100057e0       0x14 CMakeFiles/FreeRTOS_Project.dir/C_/Users/herma/Documents/Pico-v1.5.1/pico-sdk/lib/tinyusb/src/portable/raspberrypi/rp2040/dcd_rp2040.c.obj
 .text.dcd_int_enable
                0x100057f4       0x2c CMakeFiles/FreeRTOS_Project.dir/C_/Users/herma/Documents/Pico-v1.5.1/pico-sdk/lib/tinyusb/src/portable/raspberrypi/rp2040/dcd_rp2040.c.obj
                0x100057f4                dcd_int_enable
 .text.dcd_set_address
                0x10005820       0x2c CMakeFiles/FreeRTOS_Project.dir/C_/Users/herma/Documents/Pico-v1.5.1/pico-sdk/lib/tinyusb/src/portable/raspberrypi/rp2040/dcd_rp2040.c.obj
                0x10005820                dcd_set_address
 .text.dcd_connect
                0x1000584c       0x10 CMakeFiles/FreeRTOS_Project.dir/C_/Users/herma/Documents/Pico-v1.5.1/pico-sdk/lib/tinyusb/src/portable/raspberrypi/rp2040/dcd_rp2040.c.obj
                0x1000584c                dcd_connect
 .text.dcd_init
                0x1000585c       0x80 CMakeFiles/FreeRTOS_Project.dir/C_/Users/herma/Documents/Pico-v1.5.1/pico-sdk/lib/tinyusb/src/portable/raspberrypi/rp2040/dcd_rp2040.c.obj
                0x1000585c                dcd_init
 .text.dcd_edpt0_status_complete
                0x100058dc       0x1c CMakeFiles/FreeRTOS_Project.dir/C_/Users/herma/Documents/Pico-v1.5.1/pico-sdk/lib/tinyusb/src/portable/raspberrypi/rp2040/dcd_rp2040.c.obj
                0x100058dc                dcd_edpt0_status_complete
 .text.dcd_edpt_open
                0x100058f8       0x40 CMakeFiles/FreeRTOS_Project.dir/C_/Users/herma/Documents/Pico-v1.5.1/pico-sdk/lib/tinyusb/src/portable/raspberrypi/rp2040/dcd_rp2040.c.obj
                0x100058f8                dcd_edpt_open
 .text.dcd_edpt_close_all
                0x10005938        0x8 CMakeFiles/FreeRTOS_Project.dir/C_/Users/herma/Documents/Pico-v1.5.1/pico-sdk/lib/tinyusb/src/portable/raspberrypi/rp2040/dcd_rp2040.c.obj
                0x10005938                dcd_edpt_close_all
 .text.dcd_edpt_xfer
                0x10005940       0x34 CMakeFiles/FreeRTOS_Project.dir/C_/Users/herma/Documents/Pico-v1.5.1/pico-sdk/lib/tinyusb/src/portable/raspberrypi/rp2040/dcd_rp2040.c.obj
                0x10005940                dcd_edpt_xfer
 .text.dcd_edpt_stall
                0x10005974       0x2c CMakeFiles/FreeRTOS_Project.dir/C_/Users/herma/Documents/Pico-v1.5.1/pico-sdk/lib/tinyusb/src/portable/raspberrypi/rp2040/dcd_rp2040.c.obj
                0x10005974                dcd_edpt_stall
 .text.dcd_edpt_clear_stall
                0x100059a0       0x20 CMakeFiles/FreeRTOS_Project.dir/C_/Users/herma/Documents/Pico-v1.5.1/pico-sdk/lib/tinyusb/src/portable/raspberrypi/rp2040/dcd_rp2040.c.obj
                0x100059a0                dcd_edpt_clear_stall
 .text.rp2040_usb_init
                0x100059c0       0x4c CMakeFiles/FreeRTOS_Project.dir/C_/Users/herma/Documents/Pico-v1.5.1/pico-sdk/lib/tinyusb/src/portable/raspberrypi/rp2040/rp2040_usb.c.obj
                0x100059c0                rp2040_usb_init
 .text.hw_endpoint_xfer_start
                0x10005a0c       0x50 CMakeFiles/FreeRTOS_Project.dir/C_/Users/herma/Documents/Pico-v1.5.1/pico-sdk/lib/tinyusb/src/portable/raspberrypi/rp2040/rp2040_usb.c.obj
                0x10005a0c                hw_endpoint_xfer_start
 .text.configuration_reset
                0x10005a5c       0x84 CMakeFiles/FreeRTOS_Project.dir/C_/Users/herma/Documents/Pico-v1.5.1/pico-sdk/lib/tinyusb/src/device/usbd.c.obj
 .text.usbd_reset
                0x10005ae0        0xc CMakeFiles/FreeRTOS_Project.dir/C_/Users/herma/Documents/Pico-v1.5.1/pico-sdk/lib/tinyusb/src/device/usbd.c.obj
 .text.invoke_class_control
                0x10005aec       0x1a CMakeFiles/FreeRTOS_Project.dir/C_/Users/herma/Documents/Pico-v1.5.1/pico-sdk/lib/tinyusb/src/device/usbd.c.obj
 *fill*         0x10005b06        0x2 
 .text.process_set_config
                0x10005b08      0x178 CMakeFiles/FreeRTOS_Project.dir/C_/Users/herma/Documents/Pico-v1.5.1/pico-sdk/lib/tinyusb/src/device/usbd.c.obj
 .text.process_get_descriptor
                0x10005c80       0xdc CMakeFiles/FreeRTOS_Project.dir/C_/Users/herma/Documents/Pico-v1.5.1/pico-sdk/lib/tinyusb/src/device/usbd.c.obj
 .text.tud_mounted
                0x10005d5c       0x10 CMakeFiles/FreeRTOS_Project.dir/C_/Users/herma/Documents/Pico-v1.5.1/pico-sdk/lib/tinyusb/src/device/usbd.c.obj
                0x10005d5c                tud_mounted
 .text.tud_suspended
                0x10005d6c       0x10 CMakeFiles/FreeRTOS_Project.dir/C_/Users/herma/Documents/Pico-v1.5.1/pico-sdk/lib/tinyusb/src/device/usbd.c.obj
                0x10005d6c                tud_suspended
 .text.tud_inited
                0x10005d7c       0x14 CMakeFiles/FreeRTOS_Project.dir/C_/Users/herma/Documents/Pico-v1.5.1/pico-sdk/lib/tinyusb/src/device/usbd.c.obj
                0x10005d7c                tud_inited
 .text.tud_init
                0x10005d90       0xcc CMakeFiles/FreeRTOS_Project.dir/C_/Users/herma/Documents/Pico-v1.5.1/pico-sdk/lib/tinyusb/src/device/usbd.c.obj
                0x10005d90                tud_init
 .text.usbd_defer_func
                0x10005e5c       0x2a CMakeFiles/FreeRTOS_Project.dir/C_/Users/herma/Documents/Pico-v1.5.1/pico-sdk/lib/tinyusb/src/device/usbd.c.obj
                0x10005e5c                usbd_defer_func
 *fill*         0x10005e86        0x2 
 .text.usbd_edpt_open
                0x10005e88       0x34 CMakeFiles/FreeRTOS_Project.dir/C_/Users/herma/Documents/Pico-v1.5.1/pico-sdk/lib/tinyusb/src/device/usbd.c.obj
                0x10005e88                usbd_edpt_open
 .text.usbd_open_edpt_pair
                0x10005ebc       0x62 CMakeFiles/FreeRTOS_Project.dir/C_/Users/herma/Documents/Pico-v1.5.1/pico-sdk/lib/tinyusb/src/device/usbd.c.obj
                0x10005ebc                usbd_open_edpt_pair
 *fill*         0x10005f1e        0x2 
 .text.usbd_edpt_claim
                0x10005f20       0x28 CMakeFiles/FreeRTOS_Project.dir/C_/Users/herma/Documents/Pico-v1.5.1/pico-sdk/lib/tinyusb/src/device/usbd.c.obj
                0x10005f20                usbd_edpt_claim
 .text.usbd_edpt_release
                0x10005f48       0x28 CMakeFiles/FreeRTOS_Project.dir/C_/Users/herma/Documents/Pico-v1.5.1/pico-sdk/lib/tinyusb/src/device/usbd.c.obj
                0x10005f48                usbd_edpt_release
 .text.usbd_edpt_xfer
                0x10005f70       0x78 CMakeFiles/FreeRTOS_Project.dir/C_/Users/herma/Documents/Pico-v1.5.1/pico-sdk/lib/tinyusb/src/device/usbd.c.obj
                0x10005f70                usbd_edpt_xfer
 .text.usbd_edpt_stall
                0x10005fe8       0x48 CMakeFiles/FreeRTOS_Project.dir/C_/Users/herma/Documents/Pico-v1.5.1/pico-sdk/lib/tinyusb/src/device/usbd.c.obj
                0x10005fe8                usbd_edpt_stall
 .text.usbd_edpt_clear_stall
                0x10006030       0x48 CMakeFiles/FreeRTOS_Project.dir/C_/Users/herma/Documents/Pico-v1.5.1/pico-sdk/lib/tinyusb/src/device/usbd.c.obj
                0x10006030                usbd_edpt_clear_stall
 .text.usbd_edpt_stalled
                0x10006078       0x1c CMakeFiles/FreeRTOS_Project.dir/C_/Users/herma/Documents/Pico-v1.5.1/pico-sdk/lib/tinyusb/src/device/usbd.c.obj
                0x10006078                usbd_edpt_stalled
 .text.process_control_request
                0x10006094      0x37c CMakeFiles/FreeRTOS_Project.dir/C_/Users/herma/Documents/Pico-v1.5.1/pico-sdk/lib/tinyusb/src/device/usbd.c.obj
 .text.tud_task_ext
                0x10006410      0x1b8 CMakeFiles/FreeRTOS_Project.dir/C_/Users/herma/Documents/Pico-v1.5.1/pico-sdk/lib/tinyusb/src/device/usbd.c.obj
                0x10006410                tud_task_ext
 .text._data_stage_xact
                0x100065c8       0x58 CMakeFiles/FreeRTOS_Project.dir/C_/Users/herma/Documents/Pico-v1.5.1/pico-sdk/lib/tinyusb/src/device/usbd_control.c.obj
 .text.tud_control_status
                0x10006620       0x38 CMakeFiles/FreeRTOS_Project.dir/C_/Users/herma/Documents/Pico-v1.5.1/pico-sdk/lib/tinyusb/src/device/usbd_control.c.obj
                0x10006620                tud_control_status
 .text.tud_control_xfer
                0x10006658       0x74 CMakeFiles/FreeRTOS_Project.dir/C_/Users/herma/Documents/Pico-v1.5.1/pico-sdk/lib/tinyusb/src/device/usbd_control.c.obj
                0x10006658                tud_control_xfer
 .text.usbd_control_reset
                0x100066cc       0x14 CMakeFiles/FreeRTOS_Project.dir/C_/Users/herma/Documents/Pico-v1.5.1/pico-sdk/lib/tinyusb/src/device/usbd_control.c.obj
                0x100066cc                usbd_control_reset
 .text.usbd_control_set_complete_callback
                0x100066e0        0xc CMakeFiles/FreeRTOS_Project.dir/C_/Users/herma/Documents/Pico-v1.5.1/pico-sdk/lib/tinyusb/src/device/usbd_control.c.obj
                0x100066e0                usbd_control_set_complete_callback
 .text.usbd_control_set_request
                0x100066ec       0x1c CMakeFiles/FreeRTOS_Project.dir/C_/Users/herma/Documents/Pico-v1.5.1/pico-sdk/lib/tinyusb/src/device/usbd_control.c.obj
                0x100066ec                usbd_control_set_request
 .text.usbd_control_xfer_cb
                0x10006708       0xcc CMakeFiles/FreeRTOS_Project.dir/C_/Users/herma/Documents/Pico-v1.5.1/pico-sdk/lib/tinyusb/src/device/usbd_control.c.obj
                0x10006708                usbd_control_xfer_cb
 .text._prep_out_transaction
                0x100067d4       0x4a CMakeFiles/FreeRTOS_Project.dir/C_/Users/herma/Documents/Pico-v1.5.1/pico-sdk/lib/tinyusb/src/class/cdc/cdc_device.c.obj
 *fill*         0x1000681e        0x2 
 .text.tud_cdc_n_connected
                0x10006820       0x44 CMakeFiles/FreeRTOS_Project.dir/C_/Users/herma/Documents/Pico-v1.5.1/pico-sdk/lib/tinyusb/src/class/cdc/cdc_device.c.obj
                0x10006820                tud_cdc_n_connected
 .text.tud_cdc_n_available
                0x10006864       0x18 CMakeFiles/FreeRTOS_Project.dir/C_/Users/herma/Documents/Pico-v1.5.1/pico-sdk/lib/tinyusb/src/class/cdc/cdc_device.c.obj
                0x10006864                tud_cdc_n_available
 .text.tud_cdc_n_read
                0x1000687c       0x28 CMakeFiles/FreeRTOS_Project.dir/C_/Users/herma/Documents/Pico-v1.5.1/pico-sdk/lib/tinyusb/src/class/cdc/cdc_device.c.obj
                0x1000687c                tud_cdc_n_read
 .text.tud_cdc_n_write_flush
                0x100068a4       0xb8 CMakeFiles/FreeRTOS_Project.dir/C_/Users/herma/Documents/Pico-v1.5.1/pico-sdk/lib/tinyusb/src/class/cdc/cdc_device.c.obj
                0x100068a4                tud_cdc_n_write_flush
 .text.tud_cdc_n_write
                0x1000695c       0x38 CMakeFiles/FreeRTOS_Project.dir/C_/Users/herma/Documents/Pico-v1.5.1/pico-sdk/lib/tinyusb/src/class/cdc/cdc_device.c.obj
                0x1000695c                tud_cdc_n_write
 .text.tud_cdc_n_write_available
                0x10006994       0x1c CMakeFiles/FreeRTOS_Project.dir/C_/Users/herma/Documents/Pico-v1.5.1/pico-sdk/lib/tinyusb/src/class/cdc/cdc_device.c.obj
                0x10006994                tud_cdc_n_write_available
 .text.cdcd_init
                0x100069b0       0xbc CMakeFiles/FreeRTOS_Project.dir/C_/Users/herma/Documents/Pico-v1.5.1/pico-sdk/lib/tinyusb/src/class/cdc/cdc_device.c.obj
                0x100069b0                cdcd_init
 .text.cdcd_reset
                0x10006a6c       0x44 CMakeFiles/FreeRTOS_Project.dir/C_/Users/herma/Documents/Pico-v1.5.1/pico-sdk/lib/tinyusb/src/class/cdc/cdc_device.c.obj
                0x10006a6c                cdcd_reset
 .text.cdcd_open
                0x10006ab0       0xcc CMakeFiles/FreeRTOS_Project.dir/C_/Users/herma/Documents/Pico-v1.5.1/pico-sdk/lib/tinyusb/src/class/cdc/cdc_device.c.obj
                0x10006ab0                cdcd_open
 .text.cdcd_control_xfer_cb
                0x10006b7c      0x134 CMakeFiles/FreeRTOS_Project.dir/C_/Users/herma/Documents/Pico-v1.5.1/pico-sdk/lib/tinyusb/src/class/cdc/cdc_device.c.obj
                0x10006b7c                cdcd_control_xfer_cb
 .text.cdcd_xfer_cb
                0x10006cb0      0x130 CMakeFiles/FreeRTOS_Project.dir/C_/Users/herma/Documents/Pico-v1.5.1/pico-sdk/lib/tinyusb/src/class/cdc/cdc_device.c.obj
                0x10006cb0                cdcd_xfer_cb
 .text.tusb_init
                0x10006de0        0xa CMakeFiles/FreeRTOS_Project.dir/C_/Users/herma/Documents/Pico-v1.5.1/pico-sdk/lib/tinyusb/src/tusb.c.obj
                0x10006de0                tusb_init
 .text.tusb_inited
                0x10006dea        0xe CMakeFiles/FreeRTOS_Project.dir/C_/Users/herma/Documents/Pico-v1.5.1/pico-sdk/lib/tinyusb/src/tusb.c.obj
                0x10006dea                tusb_inited
 .text.tu_edpt_claim
                0x10006df8       0x50 CMakeFiles/FreeRTOS_Project.dir/C_/Users/herma/Documents/Pico-v1.5.1/pico-sdk/lib/tinyusb/src/tusb.c.obj
                0x10006df8                tu_edpt_claim
 .text.tu_edpt_release
                0x10006e48       0x3c CMakeFiles/FreeRTOS_Project.dir/C_/Users/herma/Documents/Pico-v1.5.1/pico-sdk/lib/tinyusb/src/tusb.c.obj
                0x10006e48                tu_edpt_release
 .text.tu_edpt_validate
                0x10006e84       0x78 CMakeFiles/FreeRTOS_Project.dir/C_/Users/herma/Documents/Pico-v1.5.1/pico-sdk/lib/tinyusb/src/tusb.c.obj
                0x10006e84                tu_edpt_validate
 .text.tu_edpt_bind_driver
                0x10006efc       0x26 CMakeFiles/FreeRTOS_Project.dir/C_/Users/herma/Documents/Pico-v1.5.1/pico-sdk/lib/tinyusb/src/tusb.c.obj
                0x10006efc                tu_edpt_bind_driver
 .text.advance_index
                0x10006f22       0x1a CMakeFiles/FreeRTOS_Project.dir/C_/Users/herma/Documents/Pico-v1.5.1/pico-sdk/lib/tinyusb/src/common/tusb_fifo.c.obj
 .text._tu_fifo_peek
                0x10006f3c       0x56 CMakeFiles/FreeRTOS_Project.dir/C_/Users/herma/Documents/Pico-v1.5.1/pico-sdk/lib/tinyusb/src/common/tusb_fifo.c.obj
 .text._ff_pull_const_addr
                0x10006f92       0x4c CMakeFiles/FreeRTOS_Project.dir/C_/Users/herma/Documents/Pico-v1.5.1/pico-sdk/lib/tinyusb/src/common/tusb_fifo.c.obj
 .text._ff_pull_n
                0x10006fde      0x110 CMakeFiles/FreeRTOS_Project.dir/C_/Users/herma/Documents/Pico-v1.5.1/pico-sdk/lib/tinyusb/src/common/tusb_fifo.c.obj
 .text._tu_fifo_peek_n
                0x100070ee       0x6a CMakeFiles/FreeRTOS_Project.dir/C_/Users/herma/Documents/Pico-v1.5.1/pico-sdk/lib/tinyusb/src/common/tusb_fifo.c.obj
 .text._tu_fifo_read_n
                0x10007158       0x4e CMakeFiles/FreeRTOS_Project.dir/C_/Users/herma/Documents/Pico-v1.5.1/pico-sdk/lib/tinyusb/src/common/tusb_fifo.c.obj
 .text._ff_push_const_addr
                0x100071a6       0x40 CMakeFiles/FreeRTOS_Project.dir/C_/Users/herma/Documents/Pico-v1.5.1/pico-sdk/lib/tinyusb/src/common/tusb_fifo.c.obj
 .text._ff_push_n
                0x100071e6      0x10c CMakeFiles/FreeRTOS_Project.dir/C_/Users/herma/Documents/Pico-v1.5.1/pico-sdk/lib/tinyusb/src/common/tusb_fifo.c.obj
 .text._tu_fifo_write_n
                0x100072f2       0xf0 CMakeFiles/FreeRTOS_Project.dir/C_/Users/herma/Documents/Pico-v1.5.1/pico-sdk/lib/tinyusb/src/common/tusb_fifo.c.obj
 .text.tu_fifo_config
                0x100073e2       0x7c CMakeFiles/FreeRTOS_Project.dir/C_/Users/herma/Documents/Pico-v1.5.1/pico-sdk/lib/tinyusb/src/common/tusb_fifo.c.obj
                0x100073e2                tu_fifo_config
 .text.tu_fifo_count
                0x1000745e       0x2a CMakeFiles/FreeRTOS_Project.dir/C_/Users/herma/Documents/Pico-v1.5.1/pico-sdk/lib/tinyusb/src/common/tusb_fifo.c.obj
                0x1000745e                tu_fifo_count
 .text.tu_fifo_empty
                0x10007488       0x10 CMakeFiles/FreeRTOS_Project.dir/C_/Users/herma/Documents/Pico-v1.5.1/pico-sdk/lib/tinyusb/src/common/tusb_fifo.c.obj
                0x10007488                tu_fifo_empty
 .text.tu_fifo_full
                0x10007498       0x28 CMakeFiles/FreeRTOS_Project.dir/C_/Users/herma/Documents/Pico-v1.5.1/pico-sdk/lib/tinyusb/src/common/tusb_fifo.c.obj
                0x10007498                tu_fifo_full
 .text.tu_fifo_remaining
                0x100074c0       0x2c CMakeFiles/FreeRTOS_Project.dir/C_/Users/herma/Documents/Pico-v1.5.1/pico-sdk/lib/tinyusb/src/common/tusb_fifo.c.obj
                0x100074c0                tu_fifo_remaining
 .text.tu_fifo_read
                0x100074ec       0x42 CMakeFiles/FreeRTOS_Project.dir/C_/Users/herma/Documents/Pico-v1.5.1/pico-sdk/lib/tinyusb/src/common/tusb_fifo.c.obj
                0x100074ec                tu_fifo_read
 .text.tu_fifo_read_n
                0x1000752e        0xa CMakeFiles/FreeRTOS_Project.dir/C_/Users/herma/Documents/Pico-v1.5.1/pico-sdk/lib/tinyusb/src/common/tusb_fifo.c.obj
                0x1000752e                tu_fifo_read_n
 .text.tu_fifo_write
                0x10007538       0x64 CMakeFiles/FreeRTOS_Project.dir/C_/Users/herma/Documents/Pico-v1.5.1/pico-sdk/lib/tinyusb/src/common/tusb_fifo.c.obj
                0x10007538                tu_fifo_write
 .text.tu_fifo_write_n
                0x1000759c        0xa CMakeFiles/FreeRTOS_Project.dir/C_/Users/herma/Documents/Pico-v1.5.1/pico-sdk/lib/tinyusb/src/common/tusb_fifo.c.obj
                0x1000759c                tu_fifo_write_n
 .text.tu_fifo_clear
                0x100075a6       0x3e CMakeFiles/FreeRTOS_Project.dir/C_/Users/herma/Documents/Pico-v1.5.1/pico-sdk/lib/tinyusb/src/common/tusb_fifo.c.obj
                0x100075a6                tu_fifo_clear
 .text.tu_fifo_set_overwritable
                0x100075e4       0x46 CMakeFiles/FreeRTOS_Project.dir/C_/Users/herma/Documents/Pico-v1.5.1/pico-sdk/lib/tinyusb/src/common/tusb_fifo.c.obj
                0x100075e4                tu_fifo_set_overwritable
 .text.core1_trampoline
                0x1000762a        0x2 CMakeFiles/FreeRTOS_Project.dir/C_/Users/herma/Documents/Pico-v1.5.1/pico-sdk/src/rp2_common/pico_multicore/multicore.c.obj
 .text.core1_wrapper
                0x1000762c        0xc CMakeFiles/FreeRTOS_Project.dir/C_/Users/herma/Documents/Pico-v1.5.1/pico-sdk/src/rp2_common/pico_multicore/multicore.c.obj
                0x1000762c                core1_wrapper
 .text.multicore_fifo_push_blocking
                0x10007638       0x14 CMakeFiles/FreeRTOS_Project.dir/C_/Users/herma/Documents/Pico-v1.5.1/pico-sdk/src/rp2_common/pico_multicore/multicore.c.obj
                0x10007638                multicore_fifo_push_blocking
 .text.multicore_fifo_pop_blocking
                0x1000764c       0x16 CMakeFiles/FreeRTOS_Project.dir/C_/Users/herma/Documents/Pico-v1.5.1/pico-sdk/src/rp2_common/pico_multicore/multicore.c.obj
                0x1000764c                multicore_fifo_pop_blocking
 *fill*         0x10007662        0x2 
 .text.multicore_reset_core1
                0x10007664       0x28 CMakeFiles/FreeRTOS_Project.dir/C_/Users/herma/Documents/Pico-v1.5.1/pico-sdk/src/rp2_common/pico_multicore/multicore.c.obj
                0x10007664                multicore_reset_core1
 .text.multicore_launch_core1_raw
                0x1000768c       0x6e CMakeFiles/FreeRTOS_Project.dir/C_/Users/herma/Documents/Pico-v1.5.1/pico-sdk/src/rp2_common/pico_multicore/multicore.c.obj
                0x1000768c                multicore_launch_core1_raw
 *fill*         0x100076fa        0x2 
 .text.multicore_launch_core1_with_stack
                0x100076fc       0x50 CMakeFiles/FreeRTOS_Project.dir/C_/Users/herma/Documents/Pico-v1.5.1/pico-sdk/src/rp2_common/pico_multicore/multicore.c.obj
                0x100076fc                multicore_launch_core1_with_stack
 .text.multicore_launch_core1
                0x1000774c       0x24 CMakeFiles/FreeRTOS_Project.dir/C_/Users/herma/Documents/Pico-v1.5.1/pico-sdk/src/rp2_common/pico_multicore/multicore.c.obj
                0x1000774c                multicore_launch_core1
 .text.prvHeapInit
                0x10007770       0x58 CMakeFiles/FreeRTOS_Project.dir/FreeRTOS-Kernel/portable/MemMang/heap_4.c.obj
 .text.prvInsertBlockIntoFreeList
                0x100077c8       0x88 CMakeFiles/FreeRTOS_Project.dir/FreeRTOS-Kernel/portable/MemMang/heap_4.c.obj
 .text.pvPortMalloc
                0x10007850      0x198 CMakeFiles/FreeRTOS_Project.dir/FreeRTOS-Kernel/portable/MemMang/heap_4.c.obj
                0x10007850                pvPortMalloc
 .text.vPortFree
                0x100079e8       0xa8 CMakeFiles/FreeRTOS_Project.dir/FreeRTOS-Kernel/portable/MemMang/heap_4.c.obj
                0x100079e8                vPortFree
 .text.xPortGetFreeHeapSize
                0x10007a90        0xc CMakeFiles/FreeRTOS_Project.dir/FreeRTOS-Kernel/portable/MemMang/heap_4.c.obj
                0x10007a90                xPortGetFreeHeapSize
 .text.vPortSVCHandler
                0x10007a9c        0x2 CMakeFiles/FreeRTOS_Project.dir/FreeRTOS-Kernel/portable/ThirdParty/GCC/RP2040/port.c.obj
                0x10007a9c                vPortSVCHandler
 *fill*         0x10007a9e        0x2 
 .text.vPortStartFirstTask
                0x10007aa0       0x38 CMakeFiles/FreeRTOS_Project.dir/FreeRTOS-Kernel/portable/ThirdParty/GCC/RP2040/port.c.obj
 .text.prvFIFOInterruptHandler
                0x10007ad8       0x28 CMakeFiles/FreeRTOS_Project.dir/FreeRTOS-Kernel/portable/ThirdParty/GCC/RP2040/port.c.obj
 .text.xPortPendSVHandler
                0x10007b00       0x78 CMakeFiles/FreeRTOS_Project.dir/FreeRTOS-Kernel/portable/ThirdParty/GCC/RP2040/port.c.obj
                0x10007b00                xPortPendSVHandler
 .text.prvTaskExitError
                0x10007b78        0x6 CMakeFiles/FreeRTOS_Project.dir/FreeRTOS-Kernel/portable/ThirdParty/GCC/RP2040/port.c.obj
 *fill*         0x10007b7e        0x2 
 .text.xPortSysTickHandler
                0x10007b80       0x24 CMakeFiles/FreeRTOS_Project.dir/FreeRTOS-Kernel/portable/ThirdParty/GCC/RP2040/port.c.obj
                0x10007b80                xPortSysTickHandler
 .text.prvGetTicksToWaitBefore
                0x10007ba4       0x58 CMakeFiles/FreeRTOS_Project.dir/FreeRTOS-Kernel/portable/ThirdParty/GCC/RP2040/port.c.obj
 .text.pxPortInitialiseStack
                0x10007bfc       0x20 CMakeFiles/FreeRTOS_Project.dir/FreeRTOS-Kernel/portable/ThirdParty/GCC/RP2040/port.c.obj
                0x10007bfc                pxPortInitialiseStack
 .text.vPortYield
                0x10007c1c       0x18 CMakeFiles/FreeRTOS_Project.dir/FreeRTOS-Kernel/portable/ThirdParty/GCC/RP2040/port.c.obj
                0x10007c1c                vPortYield
 .text.ulSetInterruptMaskFromISR
                0x10007c34        0x8 CMakeFiles/FreeRTOS_Project.dir/FreeRTOS-Kernel/portable/ThirdParty/GCC/RP2040/port.c.obj
                0x10007c34                ulSetInterruptMaskFromISR
 .text.vClearInterruptMaskFromISR
                0x10007c3c        0x6 CMakeFiles/FreeRTOS_Project.dir/FreeRTOS-Kernel/portable/ThirdParty/GCC/RP2040/port.c.obj
                0x10007c3c                vClearInterruptMaskFromISR
 *fill*         0x10007c42        0x2 
 .text.vYieldCore
                0x10007c44       0x30 CMakeFiles/FreeRTOS_Project.dir/FreeRTOS-Kernel/portable/ThirdParty/GCC/RP2040/port.c.obj
                0x10007c44                vYieldCore
 .text.vPortSetupTimerInterrupt
                0x10007c74       0x34 CMakeFiles/FreeRTOS_Project.dir/FreeRTOS-Kernel/portable/ThirdParty/GCC/RP2040/port.c.obj
                0x10007c74                vPortSetupTimerInterrupt
 .text.xPortStartSchedulerOnCore
                0x10007ca8       0xac CMakeFiles/FreeRTOS_Project.dir/FreeRTOS-Kernel/portable/ThirdParty/GCC/RP2040/port.c.obj
 .text.xPortStartScheduler
                0x10007d54       0x68 CMakeFiles/FreeRTOS_Project.dir/FreeRTOS-Kernel/portable/ThirdParty/GCC/RP2040/port.c.obj
                0x10007d54                xPortStartScheduler
 .text.prvDisableInterruptsAndPortStartSchedulerOnCore
                0x10007dbc        0x8 CMakeFiles/FreeRTOS_Project.dir/FreeRTOS-Kernel/portable/ThirdParty/GCC/RP2040/port.c.obj
 .text.ulPortLockGetCurrentOwnerId
                0x10007dc4       0x30 CMakeFiles/FreeRTOS_Project.dir/FreeRTOS-Kernel/portable/ThirdParty/GCC/RP2040/port.c.obj
                0x10007dc4                ulPortLockGetCurrentOwnerId
 .text.vPortLockInternalSpinUnlockWithWait
                0x10007df4       0xa0 CMakeFiles/FreeRTOS_Project.dir/FreeRTOS-Kernel/portable/ThirdParty/GCC/RP2040/port.c.obj
                0x10007df4                vPortLockInternalSpinUnlockWithWait
 .text.vPortLockInternalSpinUnlockWithNotify
                0x10007e94       0x8c CMakeFiles/FreeRTOS_Project.dir/FreeRTOS-Kernel/portable/ThirdParty/GCC/RP2040/port.c.obj
                0x10007e94                vPortLockInternalSpinUnlockWithNotify
 .text.xPortLockInternalSpinUnlockWithBestEffortWaitOrTimeout
                0x10007f20      0x100 CMakeFiles/FreeRTOS_Project.dir/FreeRTOS-Kernel/portable/ThirdParty/GCC/RP2040/port.c.obj
                0x10007f20                xPortLockInternalSpinUnlockWithBestEffortWaitOrTimeout
 .text.prvRuntimeInitializer
                0x10008020       0x10 CMakeFiles/FreeRTOS_Project.dir/FreeRTOS-Kernel/portable/ThirdParty/GCC/RP2040/port.c.obj
 .text.prvTestWaitCondition
                0x10008030       0x1e CMakeFiles/FreeRTOS_Project.dir/FreeRTOS-Kernel/event_groups.c.obj
 .text.xEventGroupCreate
                0x1000804e       0x18 CMakeFiles/FreeRTOS_Project.dir/FreeRTOS-Kernel/event_groups.c.obj
                0x1000804e                xEventGroupCreate
 *fill*         0x10008066        0x2 
 .text.xEventGroupWaitBits
                0x10008068      0x124 CMakeFiles/FreeRTOS_Project.dir/FreeRTOS-Kernel/event_groups.c.obj
                0x10008068                xEventGroupWaitBits
 .text.xEventGroupSetBits
                0x1000818c       0x98 CMakeFiles/FreeRTOS_Project.dir/FreeRTOS-Kernel/event_groups.c.obj
                0x1000818c                xEventGroupSetBits
 .text.vEventGroupSetBitsCallback
                0x10008224        0x8 CMakeFiles/FreeRTOS_Project.dir/FreeRTOS-Kernel/event_groups.c.obj
                0x10008224                vEventGroupSetBitsCallback
 .text.xEventGroupSetBitsFromISR
                0x1000822c       0x14 CMakeFiles/FreeRTOS_Project.dir/FreeRTOS-Kernel/event_groups.c.obj
                0x1000822c                xEventGroupSetBitsFromISR
 .text.vListInitialise
                0x10008240       0x16 CMakeFiles/FreeRTOS_Project.dir/FreeRTOS-Kernel/list.c.obj
                0x10008240                vListInitialise
 .text.vListInitialiseItem
                0x10008256        0x6 CMakeFiles/FreeRTOS_Project.dir/FreeRTOS-Kernel/list.c.obj
                0x10008256                vListInitialiseItem
 .text.vListInsertEnd
                0x1000825c       0x16 CMakeFiles/FreeRTOS_Project.dir/FreeRTOS-Kernel/list.c.obj
                0x1000825c                vListInsertEnd
 .text.vListInsert
                0x10008272       0x2e CMakeFiles/FreeRTOS_Project.dir/FreeRTOS-Kernel/list.c.obj
                0x10008272                vListInsert
 .text.uxListRemove
                0x100082a0       0x24 CMakeFiles/FreeRTOS_Project.dir/FreeRTOS-Kernel/list.c.obj
                0x100082a0                uxListRemove
 .text.prvIsQueueEmpty
                0x100082c4       0x1c CMakeFiles/FreeRTOS_Project.dir/FreeRTOS-Kernel/queue.c.obj
 .text.prvCopyDataToQueue
                0x100082e0       0x82 CMakeFiles/FreeRTOS_Project.dir/FreeRTOS-Kernel/queue.c.obj
 .text.prvCopyDataFromQueue
                0x10008362       0x24 CMakeFiles/FreeRTOS_Project.dir/FreeRTOS-Kernel/queue.c.obj
 *fill*         0x10008386        0x2 
 .text.prvNotifyQueueSetContainer
                0x10008388       0xa4 CMakeFiles/FreeRTOS_Project.dir/FreeRTOS-Kernel/queue.c.obj
 .text.prvUnlockQueue
                0x1000842c       0x88 CMakeFiles/FreeRTOS_Project.dir/FreeRTOS-Kernel/queue.c.obj
 .text.xQueueGenericReset
                0x100084b4       0xd8 CMakeFiles/FreeRTOS_Project.dir/FreeRTOS-Kernel/queue.c.obj
                0x100084b4                xQueueGenericReset
 .text.prvInitialiseNewQueue
                0x1000858c       0x26 CMakeFiles/FreeRTOS_Project.dir/FreeRTOS-Kernel/queue.c.obj
 *fill*         0x100085b2        0x2 
 .text.xQueueGenericCreate
                0x100085b4       0x90 CMakeFiles/FreeRTOS_Project.dir/FreeRTOS-Kernel/queue.c.obj
                0x100085b4                xQueueGenericCreate
 .text.xQueueGenericSendFromISR
                0x10008644      0x128 CMakeFiles/FreeRTOS_Project.dir/FreeRTOS-Kernel/queue.c.obj
                0x10008644                xQueueGenericSendFromISR
 .text.xQueueGiveFromISR
                0x1000876c       0xf0 CMakeFiles/FreeRTOS_Project.dir/FreeRTOS-Kernel/queue.c.obj
                0x1000876c                xQueueGiveFromISR
 .text.xQueueReceive
                0x1000885c      0x14c CMakeFiles/FreeRTOS_Project.dir/FreeRTOS-Kernel/queue.c.obj
                0x1000885c                xQueueReceive
 .text.vQueueAddToRegistry
                0x100089a8       0x64 CMakeFiles/FreeRTOS_Project.dir/FreeRTOS-Kernel/queue.c.obj
                0x100089a8                vQueueAddToRegistry
 .text.vQueueWaitForMessageRestricted
                0x10008a0c       0x50 CMakeFiles/FreeRTOS_Project.dir/FreeRTOS-Kernel/queue.c.obj
                0x10008a0c                vQueueWaitForMessageRestricted
 .text.prvResetNextTaskUnblockTime
                0x10008a5c       0x2c CMakeFiles/FreeRTOS_Project.dir/FreeRTOS-Kernel/tasks.c.obj
 .text.prvDeleteTCB
                0x10008a88       0x12 CMakeFiles/FreeRTOS_Project.dir/FreeRTOS-Kernel/tasks.c.obj
 *fill*         0x10008a9a        0x2 
 .text.prvInitialiseNewTask
                0x10008a9c       0xd8 CMakeFiles/FreeRTOS_Project.dir/FreeRTOS-Kernel/tasks.c.obj
 .text.prvCreateTask
                0x10008b74       0x5a CMakeFiles/FreeRTOS_Project.dir/FreeRTOS-Kernel/tasks.c.obj
 *fill*         0x10008bce        0x2 
 .text.prvPassiveIdleTask
                0x10008bd0       0x18 CMakeFiles/FreeRTOS_Project.dir/FreeRTOS-Kernel/tasks.c.obj
 .text.prvInitialiseTaskLists
                0x10008be8       0x68 CMakeFiles/FreeRTOS_Project.dir/FreeRTOS-Kernel/tasks.c.obj
 .text.prvYieldForTask
                0x10008c50       0xd0 CMakeFiles/FreeRTOS_Project.dir/FreeRTOS-Kernel/tasks.c.obj
 .text.prvSelectHighestPriorityTask
                0x10008d20      0x228 CMakeFiles/FreeRTOS_Project.dir/FreeRTOS-Kernel/tasks.c.obj
 .text.prvCheckForRunStateChange
                0x10008f48      0x240 CMakeFiles/FreeRTOS_Project.dir/FreeRTOS-Kernel/tasks.c.obj
 .text.vTaskSuspendAll
                0x10009188      0x1a0 CMakeFiles/FreeRTOS_Project.dir/FreeRTOS-Kernel/tasks.c.obj
                0x10009188                vTaskSuspendAll
 .text.xTaskGetTickCount
                0x10009328        0xc CMakeFiles/FreeRTOS_Project.dir/FreeRTOS-Kernel/tasks.c.obj
                0x10009328                xTaskGetTickCount
 .text.uxTaskGetNumberOfTasks
                0x10009334        0xc CMakeFiles/FreeRTOS_Project.dir/FreeRTOS-Kernel/tasks.c.obj
                0x10009334                uxTaskGetNumberOfTasks
 .text.xTaskIncrementTick
                0x10009340      0x1cc CMakeFiles/FreeRTOS_Project.dir/FreeRTOS-Kernel/tasks.c.obj
                0x10009340                xTaskIncrementTick
 .text.xTaskRemoveFromEventList
                0x1000950c       0xfc CMakeFiles/FreeRTOS_Project.dir/FreeRTOS-Kernel/tasks.c.obj
                0x1000950c                xTaskRemoveFromEventList
 .text.vTaskInternalSetTimeOutState
                0x10009608       0x18 CMakeFiles/FreeRTOS_Project.dir/FreeRTOS-Kernel/tasks.c.obj
                0x10009608                vTaskInternalSetTimeOutState
 .text.vTaskMissedYield
                0x10009620       0x14 CMakeFiles/FreeRTOS_Project.dir/FreeRTOS-Kernel/tasks.c.obj
                0x10009620                vTaskMissedYield
 .text.xTaskGetCurrentTaskHandle
                0x10009634       0x1c CMakeFiles/FreeRTOS_Project.dir/FreeRTOS-Kernel/tasks.c.obj
                0x10009634                xTaskGetCurrentTaskHandle
 .text.prvAddCurrentTaskToDelayedList
                0x10009650       0xb8 CMakeFiles/FreeRTOS_Project.dir/FreeRTOS-Kernel/tasks.c.obj
 .text.vTaskSwitchContext
                0x10009708      0x210 CMakeFiles/FreeRTOS_Project.dir/FreeRTOS-Kernel/tasks.c.obj
                0x10009708                vTaskSwitchContext
 .text.vTaskPlaceOnEventList
                0x10009918       0x40 CMakeFiles/FreeRTOS_Project.dir/FreeRTOS-Kernel/tasks.c.obj
                0x10009918                vTaskPlaceOnEventList
 .text.vTaskPlaceOnUnorderedEventList
                0x10009958       0x8c CMakeFiles/FreeRTOS_Project.dir/FreeRTOS-Kernel/tasks.c.obj
                0x10009958                vTaskPlaceOnUnorderedEventList
 .text.vTaskPlaceOnEventListRestricted
                0x100099e4       0x68 CMakeFiles/FreeRTOS_Project.dir/FreeRTOS-Kernel/tasks.c.obj
                0x100099e4                vTaskPlaceOnEventListRestricted
 .text.xTaskPriorityDisinherit
                0x10009a4c      0x118 CMakeFiles/FreeRTOS_Project.dir/FreeRTOS-Kernel/tasks.c.obj
                0x10009a4c                xTaskPriorityDisinherit
 .text.vTaskYieldWithinAPI
                0x10009b64       0x34 CMakeFiles/FreeRTOS_Project.dir/FreeRTOS-Kernel/tasks.c.obj
                0x10009b64                vTaskYieldWithinAPI
 .text.vTaskEnterCritical
                0x10009b98      0x130 CMakeFiles/FreeRTOS_Project.dir/FreeRTOS-Kernel/tasks.c.obj
                0x10009b98                vTaskEnterCritical
 .text.vTaskEnterCriticalFromISR
                0x10009cc8       0xb4 CMakeFiles/FreeRTOS_Project.dir/FreeRTOS-Kernel/tasks.c.obj
                0x10009cc8                vTaskEnterCriticalFromISR
 .text.vTaskExitCritical
                0x10009d7c      0x11c CMakeFiles/FreeRTOS_Project.dir/FreeRTOS-Kernel/tasks.c.obj
                0x10009d7c                vTaskExitCritical
 .text.prvCheckTasksWaitingTermination
                0x10009e98       0x64 CMakeFiles/FreeRTOS_Project.dir/FreeRTOS-Kernel/tasks.c.obj
 .text.prvIdleTask
                0x10009efc       0x1c CMakeFiles/FreeRTOS_Project.dir/FreeRTOS-Kernel/tasks.c.obj
 .text.prvAddNewTaskToReadyList
                0x10009f18       0x9c CMakeFiles/FreeRTOS_Project.dir/FreeRTOS-Kernel/tasks.c.obj
 .text.xTaskCreate
                0x10009fb4       0x2a CMakeFiles/FreeRTOS_Project.dir/FreeRTOS-Kernel/tasks.c.obj
                0x10009fb4                xTaskCreate
 *fill*         0x10009fde        0x2 
 .text.prvCreateIdleTasks
                0x10009fe0       0x98 CMakeFiles/FreeRTOS_Project.dir/FreeRTOS-Kernel/tasks.c.obj
 .text.vTaskStartScheduler
                0x1000a078       0x68 CMakeFiles/FreeRTOS_Project.dir/FreeRTOS-Kernel/tasks.c.obj
                0x1000a078                vTaskStartScheduler
 .text.xTaskCreateAffinitySet
                0x1000a0e0       0x28 CMakeFiles/FreeRTOS_Project.dir/FreeRTOS-Kernel/tasks.c.obj
                0x1000a0e0                xTaskCreateAffinitySet
 .text.xTaskResumeAll
                0x1000a108      0x1c8 CMakeFiles/FreeRTOS_Project.dir/FreeRTOS-Kernel/tasks.c.obj
                0x1000a108                xTaskResumeAll
 .text.vTaskDelay
                0x1000a2d0       0x48 CMakeFiles/FreeRTOS_Project.dir/FreeRTOS-Kernel/tasks.c.obj
                0x1000a2d0                vTaskDelay
 .text.vTaskRemoveFromUnorderedEventList
                0x1000a318       0xec CMakeFiles/FreeRTOS_Project.dir/FreeRTOS-Kernel/tasks.c.obj
                0x1000a318                vTaskRemoveFromUnorderedEventList
 .text.xTaskCheckForTimeOut
                0x1000a404       0xbc CMakeFiles/FreeRTOS_Project.dir/FreeRTOS-Kernel/tasks.c.obj
                0x1000a404                xTaskCheckForTimeOut
 .text.xTaskGetSchedulerState
                0x1000a4c0       0x30 CMakeFiles/FreeRTOS_Project.dir/FreeRTOS-Kernel/tasks.c.obj
                0x1000a4c0                xTaskGetSchedulerState
 .text.vTaskExitCriticalFromISR
                0x1000a4f0       0xb8 CMakeFiles/FreeRTOS_Project.dir/FreeRTOS-Kernel/tasks.c.obj
                0x1000a4f0                vTaskExitCriticalFromISR
 .text.uxTaskResetEventItemValue
                0x1000a5a8       0x1c CMakeFiles/FreeRTOS_Project.dir/FreeRTOS-Kernel/tasks.c.obj
                0x1000a5a8                uxTaskResetEventItemValue
 .text.prvGetNextExpireTime
                0x1000a5c4       0x24 CMakeFiles/FreeRTOS_Project.dir/FreeRTOS-Kernel/timers.c.obj
 .text.prvInsertTimerInActiveList
                0x1000a5e8       0x48 CMakeFiles/FreeRTOS_Project.dir/FreeRTOS-Kernel/timers.c.obj
 .text.prvReloadTimer
                0x1000a630       0x2a CMakeFiles/FreeRTOS_Project.dir/FreeRTOS-Kernel/timers.c.obj
 *fill*         0x1000a65a        0x2 
 .text.prvProcessExpiredTimer
                0x1000a65c       0x3c CMakeFiles/FreeRTOS_Project.dir/FreeRTOS-Kernel/timers.c.obj
 .text.prvSwitchTimerLists
                0x1000a698       0x30 CMakeFiles/FreeRTOS_Project.dir/FreeRTOS-Kernel/timers.c.obj
 .text.prvSampleTimeNow
                0x1000a6c8       0x2c CMakeFiles/FreeRTOS_Project.dir/FreeRTOS-Kernel/timers.c.obj
 .text.prvProcessTimerOrBlockTask
                0x1000a6f4       0x70 CMakeFiles/FreeRTOS_Project.dir/FreeRTOS-Kernel/timers.c.obj
 .text.prvProcessReceivedCommands
                0x1000a764      0x114 CMakeFiles/FreeRTOS_Project.dir/FreeRTOS-Kernel/timers.c.obj
 .text.prvTimerTask
                0x1000a878       0x16 CMakeFiles/FreeRTOS_Project.dir/FreeRTOS-Kernel/timers.c.obj
 *fill*         0x1000a88e        0x2 
 .text.prvCheckForValidListAndQueue
                0x1000a890       0x60 CMakeFiles/FreeRTOS_Project.dir/FreeRTOS-Kernel/timers.c.obj
 .text.xTimerCreateTimerTask
                0x1000a8f0       0x60 CMakeFiles/FreeRTOS_Project.dir/FreeRTOS-Kernel/timers.c.obj
                0x1000a8f0                xTimerCreateTimerTask
 .text.xTimerPendFunctionCallFromISR
                0x1000a950       0x28 CMakeFiles/FreeRTOS_Project.dir/FreeRTOS-Kernel/timers.c.obj
                0x1000a950                xTimerPendFunctionCallFromISR
 .text.exception_is_compile_time_default
                0x1000a978       0x20 CMakeFiles/FreeRTOS_Project.dir/C_/Users/herma/Documents/Pico-v1.5.1/pico-sdk/src/rp2_common/hardware_exception/exception.c.obj
 .text.set_raw_exception_handler_and_restore_interrupts
                0x1000a998       0x18 CMakeFiles/FreeRTOS_Project.dir/C_/Users/herma/Documents/Pico-v1.5.1/pico-sdk/src/rp2_common/hardware_exception/exception.c.obj
 .text.exception_get_vtable_handler
                0x1000a9b0       0x10 CMakeFiles/FreeRTOS_Project.dir/C_/Users/herma/Documents/Pico-v1.5.1/pico-sdk/src/rp2_common/hardware_exception/exception.c.obj
                0x1000a9b0                exception_get_vtable_handler
 .text.exception_set_exclusive_handler
                0x1000a9c0       0x44 CMakeFiles/FreeRTOS_Project.dir/C_/Users/herma/Documents/Pico-v1.5.1/pico-sdk/src/rp2_common/hardware_exception/exception.c.obj
                0x1000a9c0                exception_set_exclusive_handler
 .text.lwip_timeout_reached
                0x1000aa04       0x2c CMakeFiles/FreeRTOS_Project.dir/C_/Users/herma/Documents/Pico-v1.5.1/pico-sdk/src/rp2_common/pico_lwip/lwip_nosys.c.obj
 .text.update_next_timeout
                0x1000aa30       0xb0 CMakeFiles/FreeRTOS_Project.dir/C_/Users/herma/Documents/Pico-v1.5.1/pico-sdk/src/rp2_common/pico_lwip/lwip_nosys.c.obj
 .text.lwip_nosys_init
                0x1000aae0       0x34 CMakeFiles/FreeRTOS_Project.dir/C_/Users/herma/Documents/Pico-v1.5.1/pico-sdk/src/rp2_common/pico_lwip/lwip_nosys.c.obj
                0x1000aae0                lwip_nosys_init
 .text.lwip_nosys_deinit
                0x1000ab14       0x20 CMakeFiles/FreeRTOS_Project.dir/C_/Users/herma/Documents/Pico-v1.5.1/pico-sdk/src/rp2_common/pico_lwip/lwip_nosys.c.obj
                0x1000ab14                lwip_nosys_deinit
 .text.sys_arch_protect
                0x1000ab34        0x4 CMakeFiles/FreeRTOS_Project.dir/C_/Users/herma/Documents/Pico-v1.5.1/pico-sdk/src/rp2_common/pico_lwip/lwip_nosys.c.obj
                0x1000ab34                sys_arch_protect
 .text.sys_arch_unprotect
                0x1000ab38        0x2 CMakeFiles/FreeRTOS_Project.dir/C_/Users/herma/Documents/Pico-v1.5.1/pico-sdk/src/rp2_common/pico_lwip/lwip_nosys.c.obj