Archive member included to satisfy reference by file (symbol)

c:/users/herma/documents/pico-v1.5.1/gcc-arm-none-eabi/bin/../lib/gcc/arm-none-eabi/10.3.1/../../../../arm-none-eabi/lib/thumb/v6-m/nofp\libm.a(lib_a-sf_fmax.o)
                              CMakeFiles/FreeRTOS_Project.dir/source/motor/motor.c.obj (fmaxf)
c:/users/herma/documents/pico-v1.5.1/gcc-arm-none-eabi/bin/../lib/gcc/arm-none-eabi/10.3.1/../../../../arm-none-eabi/lib/thumb/v6-m/nofp\libm.a(lib_a-sf_fmin.o)
                              CMakeFiles/FreeRTOS_Project.dir/source/motor/motor.c.obj (fminf)
c:/users/herma/documents/pico-v1.5.1/gcc-arm-none-eabi/bin/../lib/gcc/arm-none-eabi/10.3.1/../../../../arm-none-eabi/lib/thumb/v6-m/nofp\libm.a(lib_a-sf_fpclassify.o)
                              c:/users/herma/documents/pico-v1.5.1/gcc-arm-none-eabi/bin/../lib/gcc/arm-none-eabi/10.3.1/../../../../arm-none-eabi/lib/thumb/v6-m/nofp\libm.a(lib_a-sf_fmax.o) (__fpclassifyf)
c:/users/herma/documents/pico-v1.5.1/gcc-arm-none-eabi/bin/../lib/gcc/arm-none-eabi/10.3.1/thumb/v6-m/nofp\libgcc.a(_dvmd_tls.o)
                              CMakeFiles/FreeRTOS_Project.dir/C_/Users/herma/Documents/Pico-v1.5.1/pico-sdk/src/rp2_common/pico_divider/divider.S.obj (__aeabi_idiv0)
c:/users/herma/documents/pico-v1.5.1/gcc-arm-none-eabi/bin/../lib/gcc/arm-none-eabi/10.3.1/../../../../arm-none-eabi/lib/thumb/v6-m/nofp\libg.a(lib_a-atoi.o)
                              CMakeFiles/FreeRTOS_Project.dir/C_/Users/herma/Documents/Pico-v1.5.1/pico-sdk/lib/lwip/src/core/netif.c.obj (atoi)
c:/users/herma/documents/pico-v1.5.1/gcc-arm-none-eabi/bin/../lib/gcc/arm-none-eabi/10.3.1/../../../../arm-none-eabi/lib/thumb/v6-m/nofp\libg.a(lib_a-calloc.o)
                              CMakeFiles/FreeRTOS_Project.dir/C_/Users/herma/Documents/Pico-v1.5.1/pico-sdk/src/rp2_common/pico_malloc/pico_malloc.c.obj (calloc)
c:/users/herma/documents/pico-v1.5.1/gcc-arm-none-eabi/bin/../lib/gcc/arm-none-eabi/10.3.1/../../../../arm-none-eabi/lib/thumb/v6-m/nofp\libg.a(lib_a-callocr.o)
                              c:/users/herma/documents/pico-v1.5.1/gcc-arm-none-eabi/bin/../lib/gcc/arm-none-eabi/10.3.1/../../../../arm-none-eabi/lib/thumb/v6-m/nofp\libg.a(lib_a-calloc.o) (_calloc_r)
c:/users/herma/documents/pico-v1.5.1/gcc-arm-none-eabi/bin/../lib/gcc/arm-none-eabi/10.3.1/../../../../arm-none-eabi/lib/thumb/v6-m/nofp\libg.a(lib_a-ctype_.o)
                              CMakeFiles/FreeRTOS_Project.dir/C_/Users/herma/Documents/Pico-v1.5.1/pico-sdk/lib/lwip/src/core/dns.c.obj (_ctype_)
c:/users/herma/documents/pico-v1.5.1/gcc-arm-none-eabi/bin/../lib/gcc/arm-none-eabi/10.3.1/../../../../arm-none-eabi/lib/thumb/v6-m/nofp\libg.a(lib_a-errno.o)
                              c:/users/herma/documents/pico-v1.5.1/gcc-arm-none-eabi/bin/../lib/gcc/arm-none-eabi/10.3.1/../../../../arm-none-eabi/lib/thumb/v6-m/nofp\libg.a(lib_a-callocr.o) (__errno)
c:/users/herma/documents/pico-v1.5.1/gcc-arm-none-eabi/bin/../lib/gcc/arm-none-eabi/10.3.1/../../../../arm-none-eabi/lib/thumb/v6-m/nofp\libg.a(lib_a-impure.o)
                              c:/users/herma/documents/pico-v1.5.1/gcc-arm-none-eabi/bin/../lib/gcc/arm-none-eabi/10.3.1/../../../../arm-none-eabi/lib/thumb/v6-m/nofp\libg.a(lib_a-calloc.o) (_impure_ptr)
c:/users/herma/documents/pico-v1.5.1/gcc-arm-none-eabi/bin/../lib/gcc/arm-none-eabi/10.3.1/../../../../arm-none-eabi/lib/thumb/v6-m/nofp\libg.a(lib_a-init.o)
                              c:/users/herma/documents/pico-v1.5.1/gcc-arm-none-eabi/bin/../lib/gcc/arm-none-eabi/10.3.1/../../../../arm-none-eabi/lib/thumb/v6-m/nofp/crt0.o (__libc_init_array)
c:/users/herma/documents/pico-v1.5.1/gcc-arm-none-eabi/bin/../lib/gcc/arm-none-eabi/10.3.1/../../../../arm-none-eabi/lib/thumb/v6-m/nofp\libg.a(lib_a-malloc.o)
                              CMakeFiles/FreeRTOS_Project.dir/C_/Users/herma/Documents/Pico-v1.5.1/pico-sdk/src/rp2_common/pico_malloc/pico_malloc.c.obj (malloc)
c:/users/herma/documents/pico-v1.5.1/gcc-arm-none-eabi/bin/../lib/gcc/arm-none-eabi/10.3.1/../../../../arm-none-eabi/lib/thumb/v6-m/nofp\libg.a(lib_a-mallocr.o)
                              c:/users/herma/documents/pico-v1.5.1/gcc-arm-none-eabi/bin/../lib/gcc/arm-none-eabi/10.3.1/../../../../arm-none-eabi/lib/thumb/v6-m/nofp\libg.a(lib_a-callocr.o) (_malloc_r)
c:/users/herma/documents/pico-v1.5.1/gcc-arm-none-eabi/bin/../lib/gcc/arm-none-eabi/10.3.1/../../../../arm-none-eabi/lib/thumb/v6-m/nofp\libg.a(lib_a-memcmp.o)
                              CMakeFiles/FreeRTOS_Project.dir/C_/Users/herma/Documents/Pico-v1.5.1/pico-sdk/lib/lwip/src/netif/ethernet.c.obj (memcmp)
c:/users/herma/documents/pico-v1.5.1/gcc-arm-none-eabi/bin/../lib/gcc/arm-none-eabi/10.3.1/../../../../arm-none-eabi/lib/thumb/v6-m/nofp\libg.a(lib_a-memmove.o)
                              CMakeFiles/FreeRTOS_Project.dir/C_/Users/herma/Documents/Pico-v1.5.1/pico-sdk/lib/lwip/src/core/def.c.obj (memmove)
[...]
Memory Configuration

Name             Origin             Length             Attributes
FLASH            0x10000000         0x00200000         xr
RAM              0x20000000         0x00040000         xrw
SCRATCH_X        0x20040000         0x00001000         xrw
SCRATCH_Y        0x20041000         0x00001000         xrw
*default*        0x00000000         0xffffffff

Linker script and memory map

LOAD c:/users/herma/documents/pico-v1.5.1/gcc-arm-none-eabi/bin/../lib/gcc/arm-none-eabi/10.3.1/thumb/v6-m/nofp/crti.o
LOAD c:/users/herma/documents/pico-v1.5.1/gcc-arm-none-eabi/bin/../lib/gcc/arm-none-eabi/10.3.1/thumb/v6-m/nofp/crtbegin.o
LOAD c:/users/herma/documents/pico-v1.5.1/gcc-arm-none-eabi/bin/../lib/gcc/arm-none-eabi/10.3.1/../../../../arm-none-eabi/lib/thumb/v6-m/nofp/crt0.o

.flash_begin    0x10000000        0x0
                0x10000000                __flash_binary_start = .

.boot2          0x10000000      0x100
                0x10000000                __boot2_start__ = .
 *(.boot2)
 .boot2         0x10000000      0x100 C:\Users\herma\AppData\Local\Temp\ccUVtR8A.o
                0x10000100                __boot2_end__ = .
                0x00000001                ASSERT (((__boot2_end__ - __boot2_start__) == 0x100), ERROR: Pico second stage bootloader must be 256 bytes in size)

.text           0x10000100    0x11360
                0x10000100                __logical_binary_start = .
 *(.vectors)
 .vectors       0x10000100       0xd4 CMakeFiles/FreeRTOS_Project.dir/C_/Users/herma/Documents/Pico-v1.5.1/pico-sdk/src/rp2_common/pico_standard_link/crt0.S.obj
                0x10000100                __VECTOR_TABLE
                0x10000100                __vectors
                0x100001c0                isr_invalid
                0x100001c0                __default_isrs_start
                0x100001c2                isr_nmi
                0x100001c4                isr_hardfault
                0x100001c6                isr_svcall
                0x100001c8                isr_pendsv
                0x100001ca                isr_systick
                0x100001cc                isr_irq23
                0x100001cc                isr_irq18
                0x100001cc                isr_irq11
                0x100001cc                isr_irq28
                0x100001cc                isr_irq19
                0x100001cc                isr_irq0
                0x100001cc                isr_irq6
                0x100001cc                isr_irq5
                0x100001cc                isr_irq12
                0x100001cc                isr_irq22
                0x100001cc                isr_irq31
                0x100001cc                isr_irq17
                0x100001cc                isr_irq27
                0x100001cc                isr_irq30
                0x100001cc                isr_irq2
                0x100001cc                isr_irq10
                0x100001cc                isr_irq8
                0x100001cc                isr_irq24
                0x100001cc                isr_irq1
                0x100001cc                isr_irq7
                0x100001cc                isr_irq21
                0x100001cc                isr_irq20
                0x100001cc                isr_irq15
                0x100001cc                isr_irq25
                0x100001cc                isr_irq13
                0x100001cc                __unhandled_user_irq
                0x100001cc                isr_irq4
                0x100001cc                isr_irq16
                0x100001cc                isr_irq29
                0x100001cc                isr_irq26
                0x100001cc                __default_isrs_end
                0x100001cc                isr_irq3
                0x100001cc                isr_irq14
                0x100001cc                isr_irq9
                0x100001d2                unhandled_user_irq_num_in_r0
 *(.binary_info_header)
 .binary_info_header
                0x100001d4       0x14 CMakeFiles/FreeRTOS_Project.dir/C_/Users/herma/Documents/Pico-v1.5.1/pico-sdk/src/rp2_common/pico_standard_link/crt0.S.obj
                0x100001e8                __binary_info_header_end = .
 *(.reset)
 .reset         0x100001e8       0xa0 CMakeFiles/FreeRTOS_Project.dir/C_/Users/herma/Documents/Pico-v1.5.1/pico-sdk/src/rp2_common/pico_standard_link/crt0.S.obj
                0x100001e8                _entry_point
 .reset         0x10000288       0x30 CMakeFiles/FreeRTOS_Project.dir/C_/Users/herma/Documents/Pico-v1.5.1/pico-sdk/src/rp2_common/pico_standard_link/binary_info.c.obj
 *(.init)
 .init          0x100002b8        0x4 c:/users/herma/documents/pico-v1.5.1/gcc-arm-none-eabi/bin/../lib/gcc/arm-none-eabi/10.3.1/thumb/v6-m/nofp/crti.o
                0x100002b8                _init
 *(EXCLUDE_FILE(*libm.a: *libc.a:*lib_a-mem*.o *libgcc.a:) .text*)
 .text          0x100002bc       0x48 c:/users/herma/documents/pico-v1.5.1/gcc-arm-none-eabi/bin/../lib/gcc/arm-none-eabi/10.3.1/thumb/v6-m/nofp/crtbegin.o
 .text.vApplicationStackOverflowHook
                0x10000304       0x20 CMakeFiles/FreeRTOS_Project.dir/main.c.obj
                0x10000304                vApplicationStackOverflowHook
 .text.vApplicationMallocFailedHook
                0x10000324       0x18 CMakeFiles/FreeRTOS_Project.dir/main.c.obj
                0x10000324                vApplicationMallocFailedHook
 .text.main     0x1000033c       0x70 CMakeFiles/FreeRTOS_Project.dir/main.c.obj
                0x1000033c                main
 .text.interrupt_dispatcher
                0x100003ac       0x32 CMakeFiles/FreeRTOS_Project.dir/source/sensors/interrupt.c.obj
                0x100003ac                interrupt_dispatcher
 *fill*         0x100003de        0x2 
 .text.setup_interrupts
                0x100003e0       0xa0 CMakeFiles/FreeRTOS_Project.dir/source/sensors/interrupt.c.obj
                0x100003e0                setup_interrupts
 .text.encoder_callback_L
                0x10000480       0x38 CMakeFiles/FreeRTOS_Project.dir/source/sensors/encoder.c.obj
                0x10000480                encoder_callback_L
 .text.encoder_callback_R
                0x100004b8       0x44 CMakeFiles/FreeRTOS_Project.dir/source/sensors/encoder.c.obj
                0x100004b8                encoder_callback_R
 .text.compute_actual_speed
                0x100004fc       0x4c CMakeFiles/FreeRTOS_Project.dir/source/sensors/encoder.c.obj
                0x100004fc                compute_actual_speed
 .text.encoder_debug_task
                0x10000548       0x60 CMakeFiles/FreeRTOS_Project.dir/source/sensors/encoder.c.obj
                0x10000548                encoder_debug_task
 .text.ultrasonic_callback
                0x100005a8       0x50 CMakeFiles/FreeRTOS_Project.dir/source/sensors/ultrasonic.c.obj
                0x100005a8                ultrasonic_callback
 .text.create_semaphores
                0x100005f8       0x5c CMakeFiles/FreeRTOS_Project.dir/source/sensors/ultrasonic.c.obj
                0x100005f8                create_semaphores
 .text.ir_callback
                0x10000654       0x28 CMakeFiles/FreeRTOS_Project.dir/source/sensors/infrared.c.obj
                0x10000654                ir_callback
 .text.ir_callback_barcode
                0x1000067c       0x54 CMakeFiles/FreeRTOS_Project.dir/source/sensors/infrared.c.obj
                0x1000067c                ir_callback_barcode
 .text.motor_init
                0x100006d0       0x64 CMakeFiles/FreeRTOS_Project.dir/source/motor/motor.c.obj
                0x100006d0                motor_init
 .text.gpio_set_function
                0x10000734       0x30 CMakeFiles/FreeRTOS_Project.dir/C_/Users/herma/Documents/Pico-v1.5.1/pico-sdk/src/rp2_common/hardware_gpio/gpio.c.obj
                0x10000734                gpio_set_function
 .text.gpio_set_pulls
                0x10000764       0x34 CMakeFiles/FreeRTOS_Project.dir/C_/Users/herma/Documents/Pico-v1.5.1/pico-sdk/src/rp2_common/hardware_gpio/gpio.c.obj
                0x10000764                gpio_set_pulls
 .text.gpio_set_irq_callback
                0x10000798       0x48 CMakeFiles/FreeRTOS_Project.dir/C_/Users/herma/Documents/Pico-v1.5.1/pico-sdk/src/rp2_common/hardware_gpio/gpio.c.obj
                0x10000798                gpio_set_irq_callback
 .text.gpio_add_raw_irq_handler_with_order_priority_masked
                0x100007e0       0x40 CMakeFiles/FreeRTOS_Project.dir/C_/Users/herma/Documents/Pico-v1.5.1/pico-sdk/src/rp2_common/hardware_gpio/gpio.c.obj
                0x100007e0                gpio_add_raw_irq_handler_with_order_priority_masked
 .text.gpio_remove_raw_irq_handler_masked
                0x10000820       0x48 CMakeFiles/FreeRTOS_Project.dir/C_/Users/herma/Documents/Pico-v1.5.1/pico-sdk/src/rp2_common/hardware_gpio/gpio.c.obj
                0x10000820                gpio_remove_raw_irq_handler_masked
 .text.gpio_acknowledge_irq
                0x10000868       0x18 CMakeFiles/FreeRTOS_Project.dir/C_/Users/herma/Documents/Pico-v1.5.1/pico-sdk/src/rp2_common/hardware_gpio/gpio.c.obj
                0x10000868                gpio_acknowledge_irq
 .text._gpio_set_irq_enabled
                0x10000880       0x34 CMakeFiles/FreeRTOS_Project.dir/C_/Users/herma/Documents/Pico-v1.5.1/pico-sdk/src/rp2_common/hardware_gpio/gpio.c.obj
 .text.gpio_set_irq_enabled
                0x100008b4       0x20 CMakeFiles/FreeRTOS_Project.dir/C_/Users/herma/Documents/Pico-v1.5.1/pico-sdk/src/rp2_common/hardware_gpio/gpio.c.obj
                0x100008b4                gpio_set_irq_enabled
 .text.gpio_set_irq_enabled_with_callback
                0x100008d4       0x20 CMakeFiles/FreeRTOS_Project.dir/C_/Users/herma/Documents/Pico-v1.5.1/pico-sdk/src/rp2_common/hardware_gpio/gpio.c.obj
                0x100008d4                gpio_set_irq_enabled_with_callback
 .text.gpio_default_irq_handler
                0x100008f4       0x98 CMakeFiles/FreeRTOS_Project.dir/C_/Users/herma/Documents/Pico-v1.5.1/pico-sdk/src/rp2_common/hardware_gpio/gpio.c.obj
 .text.gpio_init
                0x1000098c       0x16 CMakeFiles/FreeRTOS_Project.dir/C_/Users/herma/Documents/Pico-v1.5.1/pico-sdk/src/rp2_common/hardware_gpio/gpio.c.obj
                0x1000098c                gpio_init
 *fill*         0x100009a2        0x2 
 .text.running_on_fpga
                0x100009a4       0x14 CMakeFiles/FreeRTOS_Project.dir/C_/Users/herma/Documents/Pico-v1.5.1/pico-sdk/src/rp2_common/pico_platform/platform.c.obj
                0x100009a4                running_on_fpga
 .text.hw_claim_lock
                0x100009b8       0x18 CMakeFiles/FreeRTOS_Project.dir/C_/Users/herma/Documents/Pico-v1.5.1/pico-sdk/src/rp2_common/hardware_claim/claim.c.obj
                0x100009b8                hw_claim_lock
 .text.hw_claim_unlock
                0x100009d0       0x14 CMakeFiles/FreeRTOS_Project.dir/C_/Users/herma/Documents/Pico-v1.5.1/pico-sdk/src/rp2_common/hardware_claim/claim.c.obj
                0x100009d0                hw_claim_unlock
 .text.hw_claim_or_assert
                0x100009e4       0x32 CMakeFiles/FreeRTOS_Project.dir/C_/Users/herma/Documents/Pico-v1.5.1/pico-sdk/src/rp2_common/hardware_claim/claim.c.obj
                0x100009e4                hw_claim_or_assert
 .text.hw_claim_unused_from_range
                0x10000a16       0x50 CMakeFiles/FreeRTOS_Project.dir/C_/Users/herma/Documents/Pico-v1.5.1/pico-sdk/src/rp2_common/hardware_claim/claim.c.obj
                0x10000a16                hw_claim_unused_from_range
 *fill*         0x10000a66        0x2 
 .text.hw_claim_clear
                0x10000a68       0x40 CMakeFiles/FreeRTOS_Project.dir/C_/Users/herma/Documents/Pico-v1.5.1/pico-sdk/src/rp2_common/hardware_claim/claim.c.obj
                0x10000a68                hw_claim_clear
 .text.spin_locks_reset
                0x10000aa8       0x20 CMakeFiles/FreeRTOS_Project.dir/C_/Users/herma/Documents/Pico-v1.5.1/pico-sdk/src/rp2_common/hardware_sync/sync.c.obj
                0x10000aa8                spin_locks_reset
 .text.next_striped_spin_lock_num
                0x10000ac8       0x1c CMakeFiles/FreeRTOS_Project.dir/C_/Users/herma/Documents/Pico-v1.5.1/pico-sdk/src/rp2_common/hardware_sync/sync.c.obj
                0x10000ac8                next_striped_spin_lock_num
 .text.spin_lock_claim
                0x10000ae4       0x18 CMakeFiles/FreeRTOS_Project.dir/C_/Users/herma/Documents/Pico-v1.5.1/pico-sdk/src/rp2_common/hardware_sync/sync.c.obj
                0x10000ae4                spin_lock_claim
 .text.spin_lock_claim_unused
                0x10000afc       0x20 CMakeFiles/FreeRTOS_Project.dir/C_/Users/herma/Documents/Pico-v1.5.1/pico-sdk/src/rp2_common/hardware_sync/sync.c.obj
                0x10000afc                spin_lock_claim_unused
 .text.set_raw_irq_handler_and_unlock
                0x10000b1c       0x28 CMakeFiles/FreeRTOS_Project.dir/C_/Users/herma/Documents/Pico-v1.5.1/pico-sdk/src/rp2_common/hardware_irq/irq.c.obj
 .text.get_user_irq_claim_index
                0x10000b44        0x6 CMakeFiles/FreeRTOS_Project.dir/C_/Users/herma/Documents/Pico-v1.5.1/pico-sdk/src/rp2_common/hardware_irq/irq.c.obj
 *fill*         0x10000b4a        0x2 
 .text.make_branch
                0x10000b4c       0x48 CMakeFiles/FreeRTOS_Project.dir/C_/Users/herma/Documents/Pico-v1.5.1/pico-sdk/src/rp2_common/hardware_irq/irq.c.obj
 .text.insert_branch_and_link
                0x10000b94       0x40 CMakeFiles/FreeRTOS_Project.dir/C_/Users/herma/Documents/Pico-v1.5.1/pico-sdk/src/rp2_common/hardware_irq/irq.c.obj
 .text.irq_is_enabled
                0x10000bd4       0x18 CMakeFiles/FreeRTOS_Project.dir/C_/Users/herma/Documents/Pico-v1.5.1/pico-sdk/src/rp2_common/hardware_irq/irq.c.obj
                0x10000bd4                irq_is_enabled
 .text.irq_set_mask_enabled
                0x10000bec       0x20 CMakeFiles/FreeRTOS_Project.dir/C_/Users/herma/Documents/Pico-v1.5.1/pico-sdk/src/rp2_common/hardware_irq/irq.c.obj
                0x10000bec                irq_set_mask_enabled
 .text.irq_set_enabled
                0x10000c0c        0xe CMakeFiles/FreeRTOS_Project.dir/C_/Users/herma/Documents/Pico-v1.5.1/pico-sdk/src/rp2_common/hardware_irq/irq.c.obj
                0x10000c0c                irq_set_enabled
 *fill*         0x10000c1a        0x2 
 .text.irq_set_pending
                0x10000c1c       0x10 CMakeFiles/FreeRTOS_Project.dir/C_/Users/herma/Documents/Pico-v1.5.1/pico-sdk/src/rp2_common/hardware_irq/irq.c.obj
                0x10000c1c                irq_set_pending
 .text.irq_get_vtable_handler
                0x10000c2c       0x10 CMakeFiles/FreeRTOS_Project.dir/C_/Users/herma/Documents/Pico-v1.5.1/pico-sdk/src/rp2_common/hardware_irq/irq.c.obj
                0x10000c2c                irq_get_vtable_handler
 .text.irq_has_shared_handler
                0x10000c3c       0x24 CMakeFiles/FreeRTOS_Project.dir/C_/Users/herma/Documents/Pico-v1.5.1/pico-sdk/src/rp2_common/hardware_irq/irq.c.obj
                0x10000c3c                irq_has_shared_handler
 .text.irq_set_exclusive_handler
                0x10000c60       0x54 CMakeFiles/FreeRTOS_Project.dir/C_/Users/herma/Documents/Pico-v1.5.1/pico-sdk/src/rp2_common/hardware_irq/irq.c.obj
                0x10000c60                irq_set_exclusive_handler
 .text.irq_add_shared_handler
                0x10000cb4      0x234 CMakeFiles/FreeRTOS_Project.dir/C_/Users/herma/Documents/Pico-v1.5.1/pico-sdk/src/rp2_common/hardware_irq/irq.c.obj
                0x10000cb4                irq_add_shared_handler
 .text.irq_remove_handler
                0x10000ee8      0x1ac CMakeFiles/FreeRTOS_Project.dir/C_/Users/herma/Documents/Pico-v1.5.1/pico-sdk/src/rp2_common/hardware_irq/irq.c.obj
                0x10000ee8                irq_remove_handler
 .text.irq_set_priority
                0x10001094       0x28 CMakeFiles/FreeRTOS_Project.dir/C_/Users/herma/Documents/Pico-v1.5.1/pico-sdk/src/rp2_common/hardware_irq/irq.c.obj
                0x10001094                irq_set_priority
 .text.irq_add_tail_to_free_list
                0x100010bc       0xf0 CMakeFiles/FreeRTOS_Project.dir/C_/Users/herma/Documents/Pico-v1.5.1/pico-sdk/src/rp2_common/hardware_irq/irq.c.obj
                0x100010bc                irq_add_tail_to_free_list
 .text.irq_init_priorities
                0x100011ac       0x1c CMakeFiles/FreeRTOS_Project.dir/C_/Users/herma/Documents/Pico-v1.5.1/pico-sdk/src/rp2_common/hardware_irq/irq.c.obj
                0x100011ac                irq_init_priorities
 .text.user_irq_unclaim
                0x100011c8       0x14 CMakeFiles/FreeRTOS_Project.dir/C_/Users/herma/Documents/Pico-v1.5.1/pico-sdk/src/rp2_common/hardware_irq/irq.c.obj
                0x100011c8                user_irq_unclaim
 .text.user_irq_claim_unused
                0x100011dc       0x28 CMakeFiles/FreeRTOS_Project.dir/C_/Users/herma/Documents/Pico-v1.5.1/pico-sdk/src/rp2_common/hardware_irq/irq.c.obj
                0x100011dc                user_irq_claim_unused
 .text.sem_init
                0x10001204       0x1e CMakeFiles/FreeRTOS_Project.dir/C_/Users/herma/Documents/Pico-v1.5.1/pico-sdk/src/common/pico_sync/sem.c.obj
                0x10001204                sem_init
 *fill*         0x10001222        0x2 
 .text.lock_init
                0x10001224       0x10 CMakeFiles/FreeRTOS_Project.dir/C_/Users/herma/Documents/Pico-v1.5.1/pico-sdk/src/common/pico_sync/lock_core.c.obj
                0x10001224                lock_init
 .text.mutex_init
                0x10001234       0x1c CMakeFiles/FreeRTOS_Project.dir/C_/Users/herma/Documents/Pico-v1.5.1/pico-sdk/src/common/pico_sync/mutex.c.obj
                0x10001234                mutex_init
 .text.recursive_mutex_init
                0x10001250       0x20 CMakeFiles/FreeRTOS_Project.dir/C_/Users/herma/Documents/Pico-v1.5.1/pico-sdk/src/common/pico_sync/mutex.c.obj
                0x10001250                recursive_mutex_init
 .text.critical_section_init_with_lock_num
                0x10001270       0x14 CMakeFiles/FreeRTOS_Project.dir/C_/Users/herma/Documents/Pico-v1.5.1/pico-sdk/src/common/pico_sync/critical_section.c.obj
                0x10001270                critical_section_init_with_lock_num
 .text.critical_section_init
                0x10001284       0x14 CMakeFiles/FreeRTOS_Project.dir/C_/Users/herma/Documents/Pico-v1.5.1/pico-sdk/src/common/pico_sync/critical_section.c.obj
                0x10001284                critical_section_init
 .text.alarm_pool_post_alloc_init
                0x10001298       0x40 CMakeFiles/FreeRTOS_Project.dir/C_/Users/herma/Documents/Pico-v1.5.1/pico-sdk/src/common/pico_time/time.c.obj
 .text.sleep_until_callback
                0x100012d8       0x28 CMakeFiles/FreeRTOS_Project.dir/C_/Users/herma/Documents/Pico-v1.5.1/pico-sdk/src/common/pico_time/time.c.obj
 .text.timer_pool_entry_comparator
                0x10001300       0x7c CMakeFiles/FreeRTOS_Project.dir/C_/Users/herma/Documents/Pico-v1.5.1/pico-sdk/src/common/pico_time/time.c.obj
                0x10001300                timer_pool_entry_comparator
 .text.ph_add_child_node
                0x1000137c       0xa4 CMakeFiles/FreeRTOS_Project.dir/C_/Users/herma/Documents/Pico-v1.5.1/pico-sdk/src/common/pico_time/time.c.obj
 .text.ph_merge_nodes
                0x10001420       0x3e CMakeFiles/FreeRTOS_Project.dir/C_/Users/herma/Documents/Pico-v1.5.1/pico-sdk/src/common/pico_time/time.c.obj
 *fill*         0x1000145e        0x2 
 .text.add_alarm_under_lock
                0x10001460      0x174 CMakeFiles/FreeRTOS_Project.dir/C_/Users/herma/Documents/Pico-v1.5.1/pico-sdk/src/common/pico_time/time.c.obj
 .text.alarm_pool_alarm_callback
                0x100015d4      0x33c CMakeFiles/FreeRTOS_Project.dir/C_/Users/herma/Documents/Pico-v1.5.1/pico-sdk/src/common/pico_time/time.c.obj
 .text.alarm_pool_init_default
                0x10001910       0x40 CMakeFiles/FreeRTOS_Project.dir/C_/Users/herma/Documents/Pico-v1.5.1/pico-sdk/src/common/pico_time/time.c.obj
                0x10001910                alarm_pool_init_default
 .text.alarm_pool_get_default
                0x10001950       0x2c CMakeFiles/FreeRTOS_Project.dir/C_/Users/herma/Documents/Pico-v1.5.1/pico-sdk/src/common/pico_time/time.c.obj
                0x10001950                alarm_pool_get_default
 .text.alarm_pool_create_with_unused_hardware_alarm
                0x1000197c       0x44 CMakeFiles/FreeRTOS_Project.dir/C_/Users/herma/Documents/Pico-v1.5.1/pico-sdk/src/common/pico_time/time.c.obj
                0x1000197c                alarm_pool_create_with_unused_hardware_alarm
 .text.alarm_pool_destroy
                0x100019c0       0x78 CMakeFiles/FreeRTOS_Project.dir/C_/Users/herma/Documents/Pico-v1.5.1/pico-sdk/src/common/pico_time/time.c.obj
                0x100019c0                alarm_pool_destroy
 .text.alarm_pool_add_alarm_at
                0x10001a38      0x168 CMakeFiles/FreeRTOS_Project.dir/C_/Users/herma/Documents/Pico-v1.5.1/pico-sdk/src/common/pico_time/time.c.obj
                0x10001a38                alarm_pool_add_alarm_at
 .text.alarm_pool_add_alarm_at_force_in_context
                0x10001ba0       0xa4 CMakeFiles/FreeRTOS_Project.dir/C_/Users/herma/Documents/Pico-v1.5.1/pico-sdk/src/common/pico_time/time.c.obj
                0x10001ba0                alarm_pool_add_alarm_at_force_in_context
 .text.alarm_pool_cancel_alarm
                0x10001c44       0xf8 CMakeFiles/FreeRTOS_Project.dir/C_/Users/herma/Documents/Pico-v1.5.1/pico-sdk/src/common/pico_time/time.c.obj
                0x10001c44                alarm_pool_cancel_alarm
 .text.alarm_pool_core_num
                0x10001d3c        0x4 CMakeFiles/FreeRTOS_Project.dir/C_/Users/herma/Documents/Pico-v1.5.1/pico-sdk/src/common/pico_time/time.c.obj
                0x10001d3c                alarm_pool_core_num
 .text.sleep_until
                0x10001d40       0xf0 CMakeFiles/FreeRTOS_Project.dir/C_/Users/herma/Documents/Pico-v1.5.1/pico-sdk/src/common/pico_time/time.c.obj
                0x10001d40                sleep_until
 .text.sleep_us
                0x10001e30       0x58 CMakeFiles/FreeRTOS_Project.dir/C_/Users/herma/Documents/Pico-v1.5.1/pico-sdk/src/common/pico_time/time.c.obj
                0x10001e30                sleep_us
 .text.sleep_ms
                0x10001e88       0x14 CMakeFiles/FreeRTOS_Project.dir/C_/Users/herma/Documents/Pico-v1.5.1/pico-sdk/src/common/pico_time/time.c.obj
                0x10001e88                sleep_ms
 .text.best_effort_wfe_or_timeout
                0x10001e9c       0xac CMakeFiles/FreeRTOS_Project.dir/C_/Users/herma/Documents/Pico-v1.5.1/pico-sdk/src/common/pico_time/time.c.obj
                0x10001e9c                best_effort_wfe_or_timeout
 .text.hardware_alarm_irq_handler
                0x10001f48       0x90 CMakeFiles/FreeRTOS_Project.dir/C_/Users/herma/Documents/Pico-v1.5.1/pico-sdk/src/rp2_common/hardware_timer/timer.c.obj
 .text.hardware_alarm_claim
                0x10001fd8       0x18 CMakeFiles/FreeRTOS_Project.dir/C_/Users/herma/Documents/Pico-v1.5.1/pico-sdk/src/rp2_common/hardware_timer/timer.c.obj
                0x10001fd8                hardware_alarm_claim
 .text.hardware_alarm_unclaim
                0x10001ff0       0x10 CMakeFiles/FreeRTOS_Project.dir/C_/Users/herma/Documents/Pico-v1.5.1/pico-sdk/src/rp2_common/hardware_timer/timer.c.obj
                0x10001ff0                hardware_alarm_unclaim
 .text.hardware_alarm_claim_unused
                0x10002000       0x20 CMakeFiles/FreeRTOS_Project.dir/C_/Users/herma/Documents/Pico-v1.5.1/pico-sdk/src/rp2_common/hardware_timer/timer.c.obj
                0x10002000                hardware_alarm_claim_unused
 .text.time_us_64
                0x10002020       0x18 CMakeFiles/FreeRTOS_Project.dir/C_/Users/herma/Documents/Pico-v1.5.1/pico-sdk/src/rp2_common/hardware_timer/timer.c.obj
                0x10002020                time_us_64
 .text.busy_wait_until
                0x10002038       0x28 CMakeFiles/FreeRTOS_Project.dir/C_/Users/herma/Documents/Pico-v1.5.1/pico-sdk/src/rp2_common/hardware_timer/timer.c.obj
                0x10002038                busy_wait_until
 .text.hardware_alarm_set_callback
                0x10002060       0x90 CMakeFiles/FreeRTOS_Project.dir/C_/Users/herma/Documents/Pico-v1.5.1/pico-sdk/src/rp2_common/hardware_timer/timer.c.obj
                0x10002060                hardware_alarm_set_callback
 .text.hardware_alarm_set_target
                0x100020f0       0xe8 CMakeFiles/FreeRTOS_Project.dir/C_/Users/herma/Documents/Pico-v1.5.1/pico-sdk/src/rp2_common/hardware_timer/timer.c.obj
                0x100020f0                hardware_alarm_set_target
 .text.hardware_alarm_cancel
                0x100021d8       0x40 CMakeFiles/FreeRTOS_Project.dir/C_/Users/herma/Documents/Pico-v1.5.1/pico-sdk/src/rp2_common/hardware_timer/timer.c.obj
                0x100021d8                hardware_alarm_cancel
 .text.hardware_alarm_force_irq
                0x10002218       0x40 CMakeFiles/FreeRTOS_Project.dir/C_/Users/herma/Documents/Pico-v1.5.1/pico-sdk/src/rp2_common/hardware_timer/timer.c.obj
                0x10002218                hardware_alarm_force_irq
 .text.ph_add_child_node
                0x10002258       0xa4 CMakeFiles/FreeRTOS_Project.dir/C_/Users/herma/Documents/Pico-v1.5.1/pico-sdk/src/common/pico_util/pheap.c.obj
 .text.ph_merge_nodes
                0x100022fc       0x3e CMakeFiles/FreeRTOS_Project.dir/C_/Users/herma/Documents/Pico-v1.5.1/pico-sdk/src/common/pico_util/pheap.c.obj
 *fill*         0x1000233a        0x2 
 .text.ph_clear
                0x1000233c       0x70 CMakeFiles/FreeRTOS_Project.dir/C_/Users/herma/Documents/Pico-v1.5.1/pico-sdk/src/common/pico_util/pheap.c.obj
                0x1000233c                ph_clear
 .text.ph_post_alloc_init
                0x100023ac        0xe CMakeFiles/FreeRTOS_Project.dir/C_/Users/herma/Documents/Pico-v1.5.1/pico-sdk/src/common/pico_util/pheap.c.obj
                0x100023ac                ph_post_alloc_init
 .text.ph_create
                0x100023ba       0x2c CMakeFiles/FreeRTOS_Project.dir/C_/Users/herma/Documents/Pico-v1.5.1/pico-sdk/src/common/pico_util/pheap.c.obj
                0x100023ba                ph_create
 .text.ph_destroy
                0x100023e6       0x12 CMakeFiles/FreeRTOS_Project.dir/C_/Users/herma/Documents/Pico-v1.5.1/pico-sdk/src/common/pico_util/pheap.c.obj
                0x100023e6                ph_destroy
 .text.ph_merge_two_pass
                0x100023f8       0xa8 CMakeFiles/FreeRTOS_Project.dir/C_/Users/herma/Documents/Pico-v1.5.1/pico-sdk/src/common/pico_util/pheap.c.obj
                0x100023f8                ph_merge_two_pass
 .text.ph_remove_any_head
                0x100024a0      0x128 CMakeFiles/FreeRTOS_Project.dir/C_/Users/herma/Documents/Pico-v1.5.1/pico-sdk/src/common/pico_util/pheap.c.obj
 .text.ph_remove_head
                0x100025c8       0x14 CMakeFiles/FreeRTOS_Project.dir/C_/Users/herma/Documents/Pico-v1.5.1/pico-sdk/src/common/pico_util/pheap.c.obj
                0x100025c8                ph_remove_head
 .text.ph_remove_and_free_node
                0x100025dc       0xf8 CMakeFiles/FreeRTOS_Project.dir/C_/Users/herma/Documents/Pico-v1.5.1/pico-sdk/src/common/pico_util/pheap.c.obj
                0x100025dc                ph_remove_and_free_node
 .text.clock_configure
                0x100026d4      0x108 CMakeFiles/FreeRTOS_Project.dir/C_/Users/herma/Documents/Pico-v1.5.1/pico-sdk/src/rp2_common/hardware_clocks/clocks.c.obj
                0x100026d4                clock_configure
 .text.clocks_init
                0x100027dc      0x100 CMakeFiles/FreeRTOS_Project.dir/C_/Users/herma/Documents/Pico-v1.5.1/pico-sdk/src/rp2_common/hardware_clocks/clocks.c.obj
                0x100027dc                clocks_init
 .text.clock_get_hz
                0x100028dc        0xc CMakeFiles/FreeRTOS_Project.dir/C_/Users/herma/Documents/Pico-v1.5.1/pico-sdk/src/rp2_common/hardware_clocks/clocks.c.obj
                0x100028dc                clock_get_hz
 .text.pll_init
                0x100028e8      0x120 CMakeFiles/FreeRTOS_Project.dir/C_/Users/herma/Documents/Pico-v1.5.1/pico-sdk/src/rp2_common/hardware_pll/pll.c.obj
                0x100028e8                pll_init
 .text.watchdog_start_tick
                0x10002a08       0x10 CMakeFiles/FreeRTOS_Project.dir/C_/Users/herma/Documents/Pico-v1.5.1/pico-sdk/src/rp2_common/hardware_watchdog/watchdog.c.obj
                0x10002a08                watchdog_start_tick
 .text.watchdog_update
                0x10002a18       0x14 CMakeFiles/FreeRTOS_Project.dir/C_/Users/herma/Documents/Pico-v1.5.1/pico-sdk/src/rp2_common/hardware_watchdog/watchdog.c.obj
                0x10002a18                watchdog_update
 .text._watchdog_enable
                0x10002a2c       0x78 CMakeFiles/FreeRTOS_Project.dir/C_/Users/herma/Documents/Pico-v1.5.1/pico-sdk/src/rp2_common/hardware_watchdog/watchdog.c.obj
                0x10002a2c                _watchdog_enable
 .text.watchdog_reboot
                0x10002aa4       0x48 CMakeFiles/FreeRTOS_Project.dir/C_/Users/herma/Documents/Pico-v1.5.1/pico-sdk/src/rp2_common/hardware_watchdog/watchdog.c.obj
                0x10002aa4                watchdog_reboot
 .text.xosc_init
                0x10002aec       0x28 CMakeFiles/FreeRTOS_Project.dir/C_/Users/herma/Documents/Pico-v1.5.1/pico-sdk/src/rp2_common/hardware_xosc/xosc.c.obj
                0x10002aec                xosc_init
 .text._exit    0x10002b14        0x4 CMakeFiles/FreeRTOS_Project.dir/C_/Users/herma/Documents/Pico-v1.5.1/pico-sdk/src/rp2_common/pico_runtime/runtime.c.obj
                0x10002b14                _exit
 .text._sbrk    0x10002b18       0x38 CMakeFiles/FreeRTOS_Project.dir/C_/Users/herma/Documents/Pico-v1.5.1/pico-sdk/src/rp2_common/pico_runtime/runtime.c.obj
                0x10002b18                _sbrk
 .text.exit     0x10002b50        0x6 CMakeFiles/FreeRTOS_Project.dir/C_/Users/herma/Documents/Pico-v1.5.1/pico-sdk/src/rp2_common/pico_runtime/runtime.c.obj
                0x10002b50                exit
 *fill*         0x10002b56        0x2 
 .text.__assert_func
                0x10002b58       0x3c CMakeFiles/FreeRTOS_Project.dir/C_/Users/herma/Documents/Pico-v1.5.1/pico-sdk/src/rp2_common/pico_runtime/runtime.c.obj
                0x10002b58                __assert_func
 .text.runtime_init
                0x10002b94       0xf8 CMakeFiles/FreeRTOS_Project.dir/C_/Users/herma/Documents/Pico-v1.5.1/pico-sdk/src/rp2_common/pico_runtime/runtime.c.obj
                0x10002b94                runtime_init
 .text.panic    0x10002c8c       0x30 CMakeFiles/FreeRTOS_Project.dir/C_/Users/herma/Documents/Pico-v1.5.1/pico-sdk/src/rp2_common/pico_runtime/runtime.c.obj
                0x10002c8c                panic
 .text.panic_unsupported
                0x10002cbc        0xc CMakeFiles/FreeRTOS_Project.dir/C_/Users/herma/Documents/Pico-v1.5.1/pico-sdk/src/rp2_common/pico_runtime/runtime.c.obj
                0x10002cbc                panic_unsupported
 .text._out_null
                0x10002cc8        0x2 CMakeFiles/FreeRTOS_Project.dir/C_/Users/herma/Documents/Pico-v1.5.1/pico-sdk/src/rp2_common/pico_printf/printf.c.obj
 .text._out_fct
                0x10002cca        0xe CMakeFiles/FreeRTOS_Project.dir/C_/Users/herma/Documents/Pico-v1.5.1/pico-sdk/src/rp2_common/pico_printf/printf.c.obj
 .text._atoi    0x10002cd8       0x24 CMakeFiles/FreeRTOS_Project.dir/C_/Users/herma/Documents/Pico-v1.5.1/pico-sdk/src/rp2_common/pico_printf/printf.c.obj
 .text._out_rev
                0x10002cfc       0xae CMakeFiles/FreeRTOS_Project.dir/C_/Users/herma/Documents/Pico-v1.5.1/pico-sdk/src/rp2_common/pico_printf/printf.c.obj
 .text._ntoa_format
                0x10002daa      0x112 CMakeFiles/FreeRTOS_Project.dir/C_/Users/herma/Documents/Pico-v1.5.1/pico-sdk/src/rp2_common/pico_printf/printf.c.obj
 .text._ntoa_long
                0x10002ebc       0xbc CMakeFiles/FreeRTOS_Project.dir/C_/Users/herma/Documents/Pico-v1.5.1/pico-sdk/src/rp2_common/pico_printf/printf.c.obj
 .text._ntoa_long_long
                0x10002f78       0xe2 CMakeFiles/FreeRTOS_Project.dir/C_/Users/herma/Documents/Pico-v1.5.1/pico-sdk/src/rp2_common/pico_printf/printf.c.obj
 *fill*         0x1000305a        0x2 
 .text._etoa    0x1000305c      0x414 CMakeFiles/FreeRTOS_Project.dir/C_/Users/herma/Documents/Pico-v1.5.1/pico-sdk/src/rp2_common/pico_printf/printf.c.obj
 .text._ftoa    0x10003470      0x354 CMakeFiles/FreeRTOS_Project.dir/C_/Users/herma/Documents/Pico-v1.5.1/pico-sdk/src/rp2_common/pico_printf/printf.c.obj
 .text._vsnprintf
                0x100037c4      0x624 CMakeFiles/FreeRTOS_Project.dir/C_/Users/herma/Documents/Pico-v1.5.1/pico-sdk/src/rp2_common/pico_printf/printf.c.obj
 .text.vfctprintf
                0x10003de8       0x20 CMakeFiles/FreeRTOS_Project.dir/C_/Users/herma/Documents/Pico-v1.5.1/pico-sdk/src/rp2_common/pico_printf/printf.c.obj
                0x10003de8                vfctprintf
 .text          0x10003e08       0x10 CMakeFiles/FreeRTOS_Project.dir/C_/Users/herma/Documents/Pico-v1.5.1/pico-sdk/src/rp2_common/pico_bit_ops/bit_ops_aeabi.S.obj
 .text.rom_func_lookup
                0x10003e18       0x10 CMakeFiles/FreeRTOS_Project.dir/C_/Users/herma/Documents/Pico-v1.5.1/pico-sdk/src/rp2_common/pico_bootrom/bootrom.c.obj
                0x10003e18                rom_func_lookup
 .text.rom_data_lookup
                0x10003e28       0x10 CMakeFiles/FreeRTOS_Project.dir/C_/Users/herma/Documents/Pico-v1.5.1/pico-sdk/src/rp2_common/pico_bootrom/bootrom.c.obj
                0x10003e28                rom_data_lookup
 .text.rom_funcs_lookup
                0x10003e38       0x36 CMakeFiles/FreeRTOS_Project.dir/C_/Users/herma/Documents/Pico-v1.5.1/pico-sdk/src/rp2_common/pico_bootrom/bootrom.c.obj
                0x10003e38                rom_funcs_lookup
 *fill*         0x10003e6e        0x2 
 .text.__wrap___aeabi_idiv
                0x10003e70       0x50 CMakeFiles/FreeRTOS_Project.dir/C_/Users/herma/Documents/Pico-v1.5.1/pico-sdk/src/rp2_common/pico_divider/divider.S.obj
                0x10003e70                __wrap___aeabi_idivmod
                0x10003e70                divmod_s32s32
                0x10003e70                div_s32s32
                0x10003e70                __wrap___aeabi_idiv
                0x10003e78                divmod_s32s32_unsafe
                0x10003ea4                divmod_s32s32_savestate
 .text.__wrap___aeabi_uidiv
                0x10003ec0       0x4c CMakeFiles/FreeRTOS_Project.dir/C_/Users/herma/Documents/Pico-v1.5.1/pico-sdk/src/rp2_common/pico_divider/divider.S.obj
                0x10003ec0                __wrap___aeabi_uidiv
                0x10003ec0                __wrap___aeabi_uidivmod
                0x10003ec0                div_u32u32
                0x10003ec0                divmod_u32u32
                0x10003ec8                divmod_u32u32_unsafe
                0x10003ef0                divmod_u32u32_savestate
 .text.__wrap___aeabi_ldiv
                0x10003f0c      0x424 CMakeFiles/FreeRTOS_Project.dir/C_/Users/herma/Documents/Pico-v1.5.1/pico-sdk/src/rp2_common/pico_divider/divider.S.obj
                0x10003f0c                div_s64s64
                0x10003f0c                divmod_s64s64
                0x10003f0c                __wrap___aeabi_ldivmod
                0x10003f3c                divmod_u64u64
                0x10003f3c                div_u64u64
                0x10003f3c                __wrap___aeabi_uldivmod
                0x10003f4c                divmod_u64u64_savestate
                0x10003f6c                divmod_s64s64_unsafe
                0x10003ff4                divmod_u64u64_unsafe
 .text.__wrap___aeabi_darithmetic
                0x10004330       0x60 CMakeFiles/FreeRTOS_Project.dir/C_/Users/herma/Documents/Pico-v1.5.1/pico-sdk/src/rp2_common/pico_double/double_aeabi.S.obj
                0x10004330                __wrap___aeabi_drsub
                0x10004336                __wrap___aeabi_dsub
                0x10004340                __wrap___aeabi_dadd
                0x1000434a                __wrap___aeabi_ddiv
                0x1000437e                __wrap___aeabi_dmul
 .text.__wrap___aeabi_cdcmple
                0x10004390       0x6c CMakeFiles/FreeRTOS_Project.dir/C_/Users/herma/Documents/Pico-v1.5.1/pico-sdk/src/rp2_common/pico_double/double_aeabi.S.obj
                0x10004390                __wrap___aeabi_cdrcmple
                0x100043a0                __wrap___aeabi_cdcmpeq
                0x100043a0                __wrap___aeabi_cdcmple
 .text.__wrap___aeabi_dcmplt
                0x100043fc        0xc CMakeFiles/FreeRTOS_Project.dir/C_/Users/herma/Documents/Pico-v1.5.1/pico-sdk/src/rp2_common/pico_double/double_aeabi.S.obj
                0x100043fc                __wrap___aeabi_dcmplt
 .text.__wrap___aeabi_dcmple
                0x10004408       0x10 CMakeFiles/FreeRTOS_Project.dir/C_/Users/herma/Documents/Pico-v1.5.1/pico-sdk/src/rp2_common/pico_double/double_aeabi.S.obj
                0x10004408                __wrap___aeabi_dcmple
 .text.__wrap___aeabi_dcmpge
                0x10004418       0x10 CMakeFiles/FreeRTOS_Project.dir/C_/Users/herma/Documents/Pico-v1.5.1/pico-sdk/src/rp2_common/pico_double/double_aeabi.S.obj
                0x10004418                __wrap___aeabi_dcmpge
 .text.__wrap___aeabi_dcmpgt
                0x10004428        0xa CMakeFiles/FreeRTOS_Project.dir/C_/Users/herma/Documents/Pico-v1.5.1/pico-sdk/src/rp2_common/pico_double/double_aeabi.S.obj
                0x10004428                __wrap___aeabi_dcmpgt
 .text.__wrap___aeabi_dcmpun
                0x10004432       0x1c CMakeFiles/FreeRTOS_Project.dir/C_/Users/herma/Documents/Pico-v1.5.1/pico-sdk/src/rp2_common/pico_double/double_aeabi.S.obj
                0x10004432                __wrap___aeabi_dcmpun
 *fill*         0x1000444e        0x2 
 .text.__wrap___aeabi_i2d
                0x10004450       0x38 CMakeFiles/FreeRTOS_Project.dir/C_/Users/herma/Documents/Pico-v1.5.1/pico-sdk/src/rp2_common/pico_double/double_aeabi.S.obj
                0x10004450                __wrap___aeabi_ui2d
                0x10004458                __wrap___aeabi_i2d
 .text.__wrap___aeabi_d2iz
                0x10004488       0x48 CMakeFiles/FreeRTOS_Project.dir/C_/Users/herma/Documents/Pico-v1.5.1/pico-sdk/src/rp2_common/pico_double/double_aeabi.S.obj
                0x10004488                double2int_z
                0x10004488                __wrap___aeabi_d2iz
 .text.__wrap___aeabi_d2uiz
                0x100044d0       0x10 CMakeFiles/FreeRTOS_Project.dir/C_/Users/herma/Documents/Pico-v1.5.1/pico-sdk/src/rp2_common/pico_double/double_aeabi.S.obj
                0x100044d0                __wrap___aeabi_d2uiz
                0x100044d0                double2uint
 .text.missing_double_func_shim
                0x100044e0        0xc CMakeFiles/FreeRTOS_Project.dir/C_/Users/herma/Documents/Pico-v1.5.1/pico-sdk/src/rp2_common/pico_double/double_init_rom.c.obj
 .text.__aeabi_double_init
                0x100044ec       0xcc CMakeFiles/FreeRTOS_Project.dir/C_/Users/herma/Documents/Pico-v1.5.1/pico-sdk/src/rp2_common/pico_double/double_init_rom.c.obj
                0x100044ec                __aeabi_double_init
 .text.double_table_shim_on_use_helper
                0x100045b8       0x34 CMakeFiles/FreeRTOS_Project.dir/C_/Users/herma/Documents/Pico-v1.5.1/pico-sdk/src/rp2_common/pico_double/double_v1_rom_shim.S.obj
                0x100045b8                double_table_shim_on_use_helper
 .text.__aeabi_lmul
                0x100045ec       0x32 CMakeFiles/FreeRTOS_Project.dir/C_/Users/herma/Documents/Pico-v1.5.1/pico-sdk/src/rp2_common/pico_int64_ops/pico_int64_ops_aeabi.S.obj
                0x100045ec                __wrap___aeabi_lmul
 *fill*         0x1000461e        0x2 
 .text.__wrap___aeabi_farithmetic
                0x10004620       0x48 CMakeFiles/FreeRTOS_Project.dir/C_/Users/herma/Documents/Pico-v1.5.1/pico-sdk/src/rp2_common/pico_float/float_aeabi.S.obj
                0x10004620                __wrap___aeabi_frsub
                0x10004626                __wrap___aeabi_fsub
                0x1000462c                __wrap___aeabi_fadd
                0x10004632                __wrap___aeabi_fdiv
                0x1000465a                __wrap___aeabi_fmul
 .text.__wrap___aeabi_cfcmple
                0x10004668       0x50 CMakeFiles/FreeRTOS_Project.dir/C_/Users/herma/Documents/Pico-v1.5.1/pico-sdk/src/rp2_common/pico_float/float_aeabi.S.obj
                0x10004668                __wrap___aeabi_cfrcmple
                0x10004674                __wrap___aeabi_cfcmple
                0x10004674                __wrap___aeabi_cfcmpeq
 .text.__wrap___aeabi_fcmple
                0x100046b8       0x10 CMakeFiles/FreeRTOS_Project.dir/C_/Users/herma/Documents/Pico-v1.5.1/pico-sdk/src/rp2_common/pico_float/float_aeabi.S.obj
                0x100046b8                __wrap___aeabi_fcmple
 .text.__wrap___aeabi_ui2f
                0x100046c8        0xa CMakeFiles/FreeRTOS_Project.dir/C_/Users/herma/Documents/Pico-v1.5.1/pico-sdk/src/rp2_common/pico_float/float_aeabi.S.obj
                0x100046c8                __wrap___aeabi_ui2f
 *fill*         0x100046d2        0x2 
 .text.__wrap___aeabi_i2f
                0x100046d4       0x44 CMakeFiles/FreeRTOS_Project.dir/C_/Users/herma/Documents/Pico-v1.5.1/pico-sdk/src/rp2_common/pico_float/float_aeabi.S.obj
                0x100046d4                __wrap___aeabi_i2f
 .text.__wrap___aeabi_f2d
                0x10004718        0xc CMakeFiles/FreeRTOS_Project.dir/C_/Users/herma/Documents/Pico-v1.5.1/pico-sdk/src/rp2_common/pico_float/float_aeabi.S.obj
                0x10004718                __wrap___aeabi_f2d
 .text.missing_float_func_shim
                0x10004724        0xc CMakeFiles/FreeRTOS_Project.dir/C_/Users/herma/Documents/Pico-v1.5.1/pico-sdk/src/rp2_common/pico_float/float_init_rom.c.obj
 .text.__aeabi_float_init
                0x10004730       0x88 CMakeFiles/FreeRTOS_Project.dir/C_/Users/herma/Documents/Pico-v1.5.1/pico-sdk/src/rp2_common/pico_float/float_init_rom.c.obj
                0x10004730                __aeabi_float_init
 .text.__wrap_malloc
                0x100047b8       0x3c CMakeFiles/FreeRTOS_Project.dir/C_/Users/herma/Documents/Pico-v1.5.1/pico-sdk/src/rp2_common/pico_malloc/pico_malloc.c.obj
                0x100047b8                __wrap_malloc
 .text.__wrap_calloc
                0x100047f4       0x40 CMakeFiles/FreeRTOS_Project.dir/C_/Users/herma/Documents/Pico-v1.5.1/pico-sdk/src/rp2_common/pico_malloc/pico_malloc.c.obj
                0x100047f4                __wrap_calloc
 .text.__wrap_free
                0x10004834       0x20 CMakeFiles/FreeRTOS_Project.dir/C_/Users/herma/Documents/Pico-v1.5.1/pico-sdk/src/rp2_common/pico_malloc/pico_malloc.c.obj
                0x10004834                __wrap_free
 .text          0x10004854       0x10 CMakeFiles/FreeRTOS_Project.dir/C_/Users/herma/Documents/Pico-v1.5.1/pico-sdk/src/rp2_common/pico_mem_ops/mem_ops_aeabi.S.obj
                0x10004854                __aeabi_mem_init
 .text.memset   0x10004864        0xc CMakeFiles/FreeRTOS_Project.dir/C_/Users/herma/Documents/Pico-v1.5.1/pico-sdk/src/rp2_common/pico_mem_ops/mem_ops_aeabi.S.obj
                0x10004864                __wrap_memset
 .text.memcpy   0x10004870        0xc CMakeFiles/FreeRTOS_Project.dir/C_/Users/herma/Documents/Pico-v1.5.1/pico-sdk/src/rp2_common/pico_mem_ops/mem_ops_aeabi.S.obj
                0x10004870                __wrap_memcpy
                0x10004870                __wrap___aeabi_memcpy
 .text.stdio_out_chars_no_crlf
                0x1000487c        0xe CMakeFiles/FreeRTOS_Project.dir/C_/Users/herma/Documents/Pico-v1.5.1/pico-sdk/src/rp2_common/pico_stdio/stdio.c.obj
 *fill*         0x1000488a        0x2 
 .text.stdio_out_chars_crlf
                0x1000488c       0x80 CMakeFiles/FreeRTOS_Project.dir/C_/Users/herma/Documents/Pico-v1.5.1/pico-sdk/src/rp2_common/pico_stdio/stdio.c.obj
 .text.stdio_stack_buffer_flush
                0x1000490c       0x44 CMakeFiles/FreeRTOS_Project.dir/C_/Users/herma/Documents/Pico-v1.5.1/pico-sdk/src/rp2_common/pico_stdio/stdio.c.obj
 .text.stdio_buffered_printer
                0x10004950       0x20 CMakeFiles/FreeRTOS_Project.dir/C_/Users/herma/Documents/Pico-v1.5.1/pico-sdk/src/rp2_common/pico_stdio/stdio.c.obj
 .text.stdout_serialize_begin
                0x10004970       0x5c CMakeFiles/FreeRTOS_Project.dir/C_/Users/herma/Documents/Pico-v1.5.1/pico-sdk/src/rp2_common/pico_stdio/stdio.c.obj
                0x10004970                stdout_serialize_begin
 .text.stdout_serialize_end
                0x100049cc       0x10 CMakeFiles/FreeRTOS_Project.dir/C_/Users/herma/Documents/Pico-v1.5.1/pico-sdk/src/rp2_common/pico_stdio/stdio.c.obj
                0x100049cc                stdout_serialize_end
 .text.stdio_put_string
                0x100049dc       0x98 CMakeFiles/FreeRTOS_Project.dir/C_/Users/herma/Documents/Pico-v1.5.1/pico-sdk/src/rp2_common/pico_stdio/stdio.c.obj
 .text.stdio_set_driver_enabled
                0x10004a74       0x2c CMakeFiles/FreeRTOS_Project.dir/C_/Users/herma/Documents/Pico-v1.5.1/pico-sdk/src/rp2_common/pico_stdio/stdio.c.obj
                0x10004a74                stdio_set_driver_enabled
 .text.stdio_flush
                0x10004aa0       0x20 CMakeFiles/FreeRTOS_Project.dir/C_/Users/herma/Documents/Pico-v1.5.1/pico-sdk/src/rp2_common/pico_stdio/stdio.c.obj
                0x10004aa0                stdio_flush
 .text.__wrap_puts
                0x10004ac0       0x1e CMakeFiles/FreeRTOS_Project.dir/C_/Users/herma/Documents/Pico-v1.5.1/pico-sdk/src/rp2_common/pico_stdio/stdio.c.obj
                0x10004ac0                __wrap_puts
 *fill*         0x10004ade        0x2 
 .text.__wrap_vprintf
                0x10004ae0       0x40 CMakeFiles/FreeRTOS_Project.dir/C_/Users/herma/Documents/Pico-v1.5.1/pico-sdk/src/rp2_common/pico_stdio/stdio.c.obj
                0x10004ae0                __wrap_vprintf
 .text.__wrap_printf
                0x10004b20       0x18 CMakeFiles/FreeRTOS_Project.dir/C_/Users/herma/Documents/Pico-v1.5.1/pico-sdk/src/rp2_common/pico_stdio/stdio.c.obj
                0x10004b20                __wrap_printf
 .text.stdio_init_all
                0x10004b38        0x8 CMakeFiles/FreeRTOS_Project.dir/C_/Users/herma/Documents/Pico-v1.5.1/pico-sdk/src/rp2_common/pico_stdio/stdio.c.obj
                0x10004b38                stdio_init_all
 .text.resetd_init
                0x10004b40        0x2 CMakeFiles/FreeRTOS_Project.dir/C_/Users/herma/Documents/Pico-v1.5.1/pico-sdk/src/rp2_common/pico_stdio_usb/reset_interface.c.obj
 *fill*         0x10004b42        0x2 
 .text.resetd_reset
                0x10004b44        0xc CMakeFiles/FreeRTOS_Project.dir/C_/Users/herma/Documents/Pico-v1.5.1/pico-sdk/src/rp2_common/pico_stdio_usb/reset_interface.c.obj
 .text.resetd_open
                0x10004b50       0x34 CMakeFiles/FreeRTOS_Project.dir/C_/Users/herma/Documents/Pico-v1.5.1/pico-sdk/src/rp2_common/pico_stdio_usb/reset_interface.c.obj
 .text.resetd_xfer_cb
                0x10004b84        0x4 CMakeFiles/FreeRTOS_Project.dir/C_/Users/herma/Documents/Pico-v1.5.1/pico-sdk/src/rp2_common/pico_stdio_usb/reset_interface.c.obj
 .text.reset_usb_boot
                0x10004b88       0x18 CMakeFiles/FreeRTOS_Project.dir/C_/Users/herma/Documents/Pico-v1.5.1/pico-sdk/src/rp2_common/pico_stdio_usb/reset_interface.c.obj
 .text.resetd_control_xfer_cb
                0x10004ba0       0x5c CMakeFiles/FreeRTOS_Project.dir/C_/Users/herma/Documents/Pico-v1.5.1/pico-sdk/src/rp2_common/pico_stdio_usb/reset_interface.c.obj
 .text.usbd_app_driver_get_cb
                0x10004bfc        0xc CMakeFiles/FreeRTOS_Project.dir/C_/Users/herma/Documents/Pico-v1.5.1/pico-sdk/src/rp2_common/pico_stdio_usb/reset_interface.c.obj
                0x10004bfc                usbd_app_driver_get_cb
 .text.tud_cdc_line_coding_cb
                0x10004c08       0x28 CMakeFiles/FreeRTOS_Project.dir/C_/Users/herma/Documents/Pico-v1.5.1/pico-sdk/src/rp2_common/pico_stdio_usb/reset_interface.c.obj
                0x10004c08                tud_cdc_line_coding_cb
 .text.stdio_usb_set_chars_available_callback
                0x10004c30       0x14 CMakeFiles/FreeRTOS_Project.dir/C_/Users/herma/Documents/Pico-v1.5.1/pico-sdk/src/rp2_common/pico_stdio_usb/stdio_usb.c.obj
                0x10004c30                stdio_usb_set_chars_available_callback
 .text.usb_irq  0x10004c44       0x10 CMakeFiles/FreeRTOS_Project.dir/C_/Users/herma/Documents/Pico-v1.5.1/pico-sdk/src/rp2_common/pico_stdio_usb/stdio_usb.c.obj
 .text.timer_task
                0x10004c54       0x5c CMakeFiles/FreeRTOS_Project.dir/C_/Users/herma/Documents/Pico-v1.5.1/pico-sdk/src/rp2_common/pico_stdio_usb/stdio_usb.c.obj
 .text.low_priority_worker_irq
                0x10004cb0       0xdc CMakeFiles/FreeRTOS_Project.dir/C_/Users/herma/Documents/Pico-v1.5.1/pico-sdk/src/rp2_common/pico_stdio_usb/stdio_usb.c.obj
 .text.tud_cdc_rx_cb
                0x10004d8c       0x20 CMakeFiles/FreeRTOS_Project.dir/C_/Users/herma/Documents/Pico-v1.5.1/pico-sdk/src/rp2_common/pico_stdio_usb/stdio_usb.c.obj
                0x10004d8c                tud_cdc_rx_cb
 .text.stdio_usb_init
                0x10004dac      0x11c CMakeFiles/FreeRTOS_Project.dir/C_/Users/herma/Documents/Pico-v1.5.1/pico-sdk/src/rp2_common/pico_stdio_usb/stdio_usb.c.obj
                0x10004dac                stdio_usb_init
 .text.stdio_usb_connected
                0x10004ec8        0xa CMakeFiles/FreeRTOS_Project.dir/C_/Users/herma/Documents/Pico-v1.5.1/pico-sdk/src/rp2_common/pico_stdio_usb/stdio_usb.c.obj
                0x10004ec8                stdio_usb_connected
 *fill*         0x10004ed2        0x2 
 .text.stdio_usb_in_chars
                0x10004ed4       0xc4 CMakeFiles/FreeRTOS_Project.dir/C_/Users/herma/Documents/Pico-v1.5.1/pico-sdk/src/rp2_common/pico_stdio_usb/stdio_usb.c.obj
                0x10004ed4                stdio_usb_in_chars
 .text.stdio_usb_out_chars
                0x10004f98      0x114 CMakeFiles/FreeRTOS_Project.dir/C_/Users/herma/Documents/Pico-v1.5.1/pico-sdk/src/rp2_common/pico_stdio_usb/stdio_usb.c.obj
 .text.tud_descriptor_device_cb
                0x100050ac        0x8 CMakeFiles/FreeRTOS_Project.dir/C_/Users/herma/Documents/Pico-v1.5.1/pico-sdk/src/rp2_common/pico_stdio_usb/stdio_usb_descriptors.c.obj
                0x100050ac                tud_descriptor_device_cb
 .text.tud_descriptor_configuration_cb
                0x100050b4        0x8 CMakeFiles/FreeRTOS_Project.dir/C_/Users/herma/Documents/Pico-v1.5.1/pico-sdk/src/rp2_common/pico_stdio_usb/stdio_usb_descriptors.c.obj
                0x100050b4                tud_descriptor_configuration_cb
 .text.tud_descriptor_string_cb
                0x100050bc       0x6c CMakeFiles/FreeRTOS_Project.dir/C_/Users/herma/Documents/Pico-v1.5.1/pico-sdk/src/rp2_common/pico_stdio_usb/stdio_usb_descriptors.c.obj
                0x100050bc                tud_descriptor_string_cb
 .text._retrieve_unique_id_on_boot
                0x10005128       0x10 CMakeFiles/FreeRTOS_Project.dir/C_/Users/herma/Documents/Pico-v1.5.1/pico-sdk/src/rp2_common/pico_unique_id/unique_id.c.obj
 .text.pico_get_unique_board_id
                0x10005138       0x10 CMakeFiles/FreeRTOS_Project.dir/C_/Users/herma/Documents/Pico-v1.5.1/pico-sdk/src/rp2_common/pico_unique_id/unique_id.c.obj
                0x10005138                pico_get_unique_board_id
 .text.pico_get_unique_board_id_string
                0x10005148       0x60 CMakeFiles/FreeRTOS_Project.dir/C_/Users/herma/Documents/Pico-v1.5.1/pico-sdk/src/rp2_common/pico_unique_id/unique_id.c.obj
                0x10005148                pico_get_unique_board_id_string
 .text.flash_get_unique_id
                0x100051a8       0x46 CMakeFiles/FreeRTOS_Project.dir/C_/Users/herma/Documents/Pico-v1.5.1/pico-sdk/src/rp2_common/hardware_flash/flash.c.obj
                0x100051a8                flash_get_unique_id
 *fill*         0x100051ee        0x2 
 .text.hw_endpoint_get_by_addr
                0x100051f0       0x18 CMakeFiles/FreeRTOS_Project.dir/C_/Users/herma/Documents/Pico-v1.5.1/pico-sdk/lib/tinyusb/src/portable/raspberrypi/rp2040/dcd_rp2040.c.obj
 .text._hw_endpoint_alloc
                0x10005208       0x70 CMakeFiles/FreeRTOS_Project.dir/C_/Users/herma/Documents/Pico-v1.5.1/pico-sdk/lib/tinyusb/src/portable/raspberrypi/rp2040/dcd_rp2040.c.obj
 .text.hw_endpoint_init
                0x10005278       0x88 CMakeFiles/FreeRTOS_Project.dir/C_/Users/herma/Documents/Pico-v1.5.1/pico-sdk/lib/tinyusb/src/portable/raspberrypi/rp2040/dcd_rp2040.c.obj
 .text.hw_endpoint_xfer
                0x10005300       0x14 CMakeFiles/FreeRTOS_Project.dir/C_/Users/herma/Documents/Pico-v1.5.1/pico-sdk/lib/tinyusb/src/portable/raspberrypi/rp2040/dcd_rp2040.c.obj
 .text.dcd_int_enable
                0x10005314       0x2c CMakeFiles/FreeRTOS_Project.dir/C_/Users/herma/Documents/Pico-v1.5.1/pico-sdk/lib/tinyusb/src/portable/raspberrypi/rp2040/dcd_rp2040.c.obj
                0x10005314                dcd_int_enable
 .text.dcd_set_address
                0x10005340       0x2c CMakeFiles/FreeRTOS_Project.dir/C_/Users/herma/Documents/Pico-v1.5.1/pico-sdk/lib/tinyusb/src/portable/raspberrypi/rp2040/dcd_rp2040.c.obj
                0x10005340                dcd_set_address
 .text.dcd_connect
                0x1000536c       0x10 CMakeFiles/FreeRTOS_Project.dir/C_/Users/herma/Documents/Pico-v1.5.1/pico-sdk/lib/tinyusb/src/portable/raspberrypi/rp2040/dcd_rp2040.c.obj
                0x1000536c                dcd_connect
 .text.dcd_init
                0x1000537c       0x80 CMakeFiles/FreeRTOS_Project.dir/C_/Users/herma/Documents/Pico-v1.5.1/pico-sdk/lib/tinyusb/src/portable/raspberrypi/rp2040/dcd_rp2040.c.obj
                0x1000537c                dcd_init
 .text.dcd_edpt0_status_complete
                0x100053fc       0x1c CMakeFiles/FreeRTOS_Project.dir/C_/Users/herma/Documents/Pico-v1.5.1/pico-sdk/lib/tinyusb/src/portable/raspberrypi/rp2040/dcd_rp2040.c.obj
                0x100053fc                dcd_edpt0_status_complete
 .text.dcd_edpt_open
                0x10005418       0x40 CMakeFiles/FreeRTOS_Project.dir/C_/Users/herma/Documents/Pico-v1.5.1/pico-sdk/lib/tinyusb/src/portable/raspberrypi/rp2040/dcd_rp2040.c.obj
                0x10005418                dcd_edpt_open
 .text.dcd_edpt_close_all
                0x10005458        0x8 CMakeFiles/FreeRTOS_Project.dir/C_/Users/herma/Documents/Pico-v1.5.1/pico-sdk/lib/tinyusb/src/portable/raspberrypi/rp2040/dcd_rp2040.c.obj
                0x10005458                dcd_edpt_close_all
 .text.dcd_edpt_xfer
                0x10005460       0x34 CMakeFiles/FreeRTOS_Project.dir/C_/Users/herma/Documents/Pico-v1.5.1/pico-sdk/lib/tinyusb/src/portable/raspberrypi/rp2040/dcd_rp2040.c.obj
                0x10005460                dcd_edpt_xfer
 .text.dcd_edpt_stall
                0x10005494       0x2c CMakeFiles/FreeRTOS_Project.dir/C_/Users/herma/Documents/Pico-v1.5.1/pico-sdk/lib/tinyusb/src/portable/raspberrypi/rp2040/dcd_rp2040.c.obj
                0x10005494                dcd_edpt_stall
 .text.dcd_edpt_clear_stall
                0x100054c0       0x20 CMakeFiles/FreeRTOS_Project.dir/C_/Users/herma/Documents/Pico-v1.5.1/pico-sdk/lib/tinyusb/src/portable/raspberrypi/rp2040/dcd_rp2040.c.obj
                0x100054c0                dcd_edpt_clear_stall
 .text.rp2040_usb_init
                0x100054e0       0x4c CMakeFiles/FreeRTOS_Project.dir/C_/Users/herma/Documents/Pico-v1.5.1/pico-sdk/lib/tinyusb/src/portable/raspberrypi/rp2040/rp2040_usb.c.obj
                0x100054e0                rp2040_usb_init
 .text.hw_endpoint_xfer_start
                0x1000552c       0x50 CMakeFiles/FreeRTOS_Project.dir/C_/Users/herma/Documents/Pico-v1.5.1/pico-sdk/lib/tinyusb/src/portable/raspberrypi/rp2040/rp2040_usb.c.obj
                0x1000552c                hw_endpoint_xfer_start
 .text.configuration_reset
                0x1000557c       0x84 CMakeFiles/FreeRTOS_Project.dir/C_/Users/herma/Documents/Pico-v1.5.1/pico-sdk/lib/tinyusb/src/device/usbd.c.obj
 .text.usbd_reset
                0x10005600        0xc CMakeFiles/FreeRTOS_Project.dir/C_/Users/herma/Documents/Pico-v1.5.1/pico-sdk/lib/tinyusb/src/device/usbd.c.obj
 .text.invoke_class_control
                0x1000560c       0x1a CMakeFiles/FreeRTOS_Project.dir/C_/Users/herma/Documents/Pico-v1.5.1/pico-sdk/lib/tinyusb/src/device/usbd.c.obj
 *fill*         0x10005626        0x2 
 .text.process_set_config
                0x10005628      0x178 CMakeFiles/FreeRTOS_Project.dir/C_/Users/herma/Documents/Pico-v1.5.1/pico-sdk/lib/tinyusb/src/device/usbd.c.obj
 .text.process_get_descriptor
                0x100057a0       0xdc CMakeFiles/FreeRTOS_Project.dir/C_/Users/herma/Documents/Pico-v1.5.1/pico-sdk/lib/tinyusb/src/device/usbd.c.obj
 .text.tud_mounted
                0x1000587c       0x10 CMakeFiles/FreeRTOS_Project.dir/C_/Users/herma/Documents/Pico-v1.5.1/pico-sdk/lib/tinyusb/src/device/usbd.c.obj
                0x1000587c                tud_mounted
 .text.tud_suspended
                0x1000588c       0x10 CMakeFiles/FreeRTOS_Project.dir/C_/Users/herma/Documents/Pico-v1.5.1/pico-sdk/lib/tinyusb/src/device/usbd.c.obj
                0x1000588c                tud_suspended
 .text.tud_inited
                0x1000589c       0x14 CMakeFiles/FreeRTOS_Project.dir/C_/Users/herma/Documents/Pico-v1.5.1/pico-sdk/lib/tinyusb/src/device/usbd.c.obj
                0x1000589c                tud_inited
 .text.tud_init
                0x100058b0       0xcc CMakeFiles/FreeRTOS_Project.dir/C_/Users/herma/Documents/Pico-v1.5.1/pico-sdk/lib/tinyusb/src/device/usbd.c.obj
                0x100058b0                tud_init
 .text.usbd_defer_func
                0x1000597c       0x2a CMakeFiles/FreeRTOS_Project.dir/C_/Users/herma/Documents/Pico-v1.5.1/pico-sdk/lib/tinyusb/src/device/usbd.c.obj
                0x1000597c                usbd_defer_func
 *fill*         0x100059a6        0x2 
 .text.usbd_edpt_open
                0x100059a8       0x34 CMakeFiles/FreeRTOS_Project.dir/C_/Users/herma/Documents/Pico-v1.5.1/pico-sdk/lib/tinyusb/src/device/usbd.c.obj
                0x100059a8                usbd_edpt_open
 .text.usbd_open_edpt_pair
                0x100059dc       0x62 CMakeFiles/FreeRTOS_Project.dir/C_/Users/herma/Documents/Pico-v1.5.1/pico-sdk/lib/tinyusb/src/device/usbd.c.obj
                0x100059dc                usbd_open_edpt_pair
 *fill*         0x10005a3e        0x2 
 .text.usbd_edpt_claim
                0x10005a40       0x28 CMakeFiles/FreeRTOS_Project.dir/C_/Users/herma/Documents/Pico-v1.5.1/pico-sdk/lib/tinyusb/src/device/usbd.c.obj
                0x10005a40                usbd_edpt_claim
 .text.usbd_edpt_release
                0x10005a68       0x28 CMakeFiles/FreeRTOS_Project.dir/C_/Users/herma/Documents/Pico-v1.5.1/pico-sdk/lib/tinyusb/src/device/usbd.c.obj
                0x10005a68                usbd_edpt_release
 .text.usbd_edpt_xfer
                0x10005a90       0x78 CMakeFiles/FreeRTOS_Project.dir/C_/Users/herma/Documents/Pico-v1.5.1/pico-sdk/lib/tinyusb/src/device/usbd.c.obj
                0x10005a90                usbd_edpt_xfer
 .text.usbd_edpt_stall
                0x10005b08       0x48 CMakeFiles/FreeRTOS_Project.dir/C_/Users/herma/Documents/Pico-v1.5.1/pico-sdk/lib/tinyusb/src/device/usbd.c.obj
                0x10005b08                usbd_edpt_stall
 .text.usbd_edpt_clear_stall
                0x10005b50       0x48 CMakeFiles/FreeRTOS_Project.dir/C_/Users/herma/Documents/Pico-v1.5.1/pico-sdk/lib/tinyusb/src/device/usbd.c.obj
                0x10005b50                usbd_edpt_clear_stall
 .text.usbd_edpt_stalled
                0x10005b98       0x1c CMakeFiles/FreeRTOS_Project.dir/C_/Users/herma/Documents/Pico-v1.5.1/pico-sdk/lib/tinyusb/src/device/usbd.c.obj
                0x10005b98                usbd_edpt_stalled
 .text.process_control_request
                0x10005bb4      0x37c CMakeFiles/FreeRTOS_Project.dir/C_/Users/herma/Documents/Pico-v1.5.1/pico-sdk/lib/tinyusb/src/device/usbd.c.obj
 .text.tud_task_ext
                0x10005f30      0x1b8 CMakeFiles/FreeRTOS_Project.dir/C_/Users/herma/Documents/Pico-v1.5.1/pico-sdk/lib/tinyusb/src/device/usbd.c.obj
                0x10005f30                tud_task_ext
 .text._data_stage_xact
                0x100060e8       0x58 CMakeFiles/FreeRTOS_Project.dir/C_/Users/herma/Documents/Pico-v1.5.1/pico-sdk/lib/tinyusb/src/device/usbd_control.c.obj
 .text.tud_control_status
                0x10006140       0x38 CMakeFiles/FreeRTOS_Project.dir/C_/Users/herma/Documents/Pico-v1.5.1/pico-sdk/lib/tinyusb/src/device/usbd_control.c.obj
                0x10006140                tud_control_status
 .text.tud_control_xfer
                0x10006178       0x74 CMakeFiles/FreeRTOS_Project.dir/C_/Users/herma/Documents/Pico-v1.5.1/pico-sdk/lib/tinyusb/src/device/usbd_control.c.obj
                0x10006178                tud_control_xfer
 .text.usbd_control_reset
                0x100061ec       0x14 CMakeFiles/FreeRTOS_Project.dir/C_/Users/herma/Documents/Pico-v1.5.1/pico-sdk/lib/tinyusb/src/device/usbd_control.c.obj
                0x100061ec                usbd_control_reset
 .text.usbd_control_set_complete_callback
                0x10006200        0xc CMakeFiles/FreeRTOS_Project.dir/C_/Users/herma/Documents/Pico-v1.5.1/pico-sdk/lib/tinyusb/src/device/usbd_control.c.obj
                0x10006200                usbd_control_set_complete_callback
 .text.usbd_control_set_request
                0x1000620c       0x1c CMakeFiles/FreeRTOS_Project.dir/C_/Users/herma/Documents/Pico-v1.5.1/pico-sdk/lib/tinyusb/src/device/usbd_control.c.obj
                0x1000620c                usbd_control_set_request
 .text.usbd_control_xfer_cb
                0x10006228       0xcc CMakeFiles/FreeRTOS_Project.dir/C_/Users/herma/Documents/Pico-v1.5.1/pico-sdk/lib/tinyusb/src/device/usbd_control.c.obj
                0x10006228                usbd_control_xfer_cb
 .text._prep_out_transaction
                0x100062f4       0x4a CMakeFiles/FreeRTOS_Project.dir/C_/Users/herma/Documents/Pico-v1.5.1/pico-sdk/lib/tinyusb/src/class/cdc/cdc_device.c.obj
 *fill*         0x1000633e        0x2 
 .text.tud_cdc_n_connected
                0x10006340       0x44 CMakeFiles/FreeRTOS_Project.dir/C_/Users/herma/Documents/Pico-v1.5.1/pico-sdk/lib/tinyusb/src/class/cdc/cdc_device.c.obj
                0x10006340                tud_cdc_n_connected
 .text.tud_cdc_n_available
                0x10006384       0x18 CMakeFiles/FreeRTOS_Project.dir/C_/Users/herma/Documents/Pico-v1.5.1/pico-sdk/lib/tinyusb/src/class/cdc/cdc_device.c.obj
                0x10006384                tud_cdc_n_available
 .text.tud_cdc_n_read
                0x1000639c       0x28 CMakeFiles/FreeRTOS_Project.dir/C_/Users/herma/Documents/Pico-v1.5.1/pico-sdk/lib/tinyusb/src/class/cdc/cdc_device.c.obj
                0x1000639c                tud_cdc_n_read
 .text.tud_cdc_n_write_flush
                0x100063c4       0xb8 CMakeFiles/FreeRTOS_Project.dir/C_/Users/herma/Documents/Pico-v1.5.1/pico-sdk/lib/tinyusb/src/class/cdc/cdc_device.c.obj
                0x100063c4                tud_cdc_n_write_flush
 .text.tud_cdc_n_write
                0x1000647c       0x38 CMakeFiles/FreeRTOS_Project.dir/C_/Users/herma/Documents/Pico-v1.5.1/pico-sdk/lib/tinyusb/src/class/cdc/cdc_device.c.obj
                0x1000647c                tud_cdc_n_write
 .text.tud_cdc_n_write_available
                0x100064b4       0x1c CMakeFiles/FreeRTOS_Project.dir/C_/Users/herma/Documents/Pico-v1.5.1/pico-sdk/lib/tinyusb/src/class/cdc/cdc_device.c.obj
                0x100064b4                tud_cdc_n_write_available
 .text.cdcd_init
                0x100064d0       0xbc CMakeFiles/FreeRTOS_Project.dir/C_/Users/herma/Documents/Pico-v1.5.1/pico-sdk/lib/tinyusb/src/class/cdc/cdc_device.c.obj
                0x100064d0                cdcd_init
 .text.cdcd_reset
                0x1000658c       0x44 CMakeFiles/FreeRTOS_Project.dir/C_/Users/herma/Documents/Pico-v1.5.1/pico-sdk/lib/tinyusb/src/class/cdc/cdc_device.c.obj
                0x1000658c                cdcd_reset
 .text.cdcd_open
                0x100065d0       0xcc CMakeFiles/FreeRTOS_Project.dir/C_/Users/herma/Documents/Pico-v1.5.1/pico-sdk/lib/tinyusb/src/class/cdc/cdc_device.c.obj
                0x100065d0                cdcd_open
 .text.cdcd_control_xfer_cb
                0x1000669c      0x134 CMakeFiles/FreeRTOS_Project.dir/C_/Users/herma/Documents/Pico-v1.5.1/pico-sdk/lib/tinyusb/src/class/cdc/cdc_device.c.obj
                0x1000669c                cdcd_control_xfer_cb
 .text.cdcd_xfer_cb
                0x100067d0      0x130 CMakeFiles/FreeRTOS_Project.dir/C_/Users/herma/Documents/Pico-v1.5.1/pico-sdk/lib/tinyusb/src/class/cdc/cdc_device.c.obj
                0x100067d0                cdcd_xfer_cb
 .text.tusb_init
                0x10006900        0xa CMakeFiles/FreeRTOS_Project.dir/C_/Users/herma/Documents/Pico-v1.5.1/pico-sdk/lib/tinyusb/src/tusb.c.obj
                0x10006900                tusb_init
 .text.tusb_inited
                0x1000690a        0xe CMakeFiles/FreeRTOS_Project.dir/C_/Users/herma/Documents/Pico-v1.5.1/pico-sdk/lib/tinyusb/src/tusb.c.obj
                0x1000690a                tusb_inited
 .text.tu_edpt_claim
                0x10006918       0x50 CMakeFiles/FreeRTOS_Project.dir/C_/Users/herma/Documents/Pico-v1.5.1/pico-sdk/lib/tinyusb/src/tusb.c.obj
                0x10006918                tu_edpt_claim
 .text.tu_edpt_release
                0x10006968       0x3c CMakeFiles/FreeRTOS_Project.dir/C_/Users/herma/Documents/Pico-v1.5.1/pico-sdk/lib/tinyusb/src/tusb.c.obj
                0x10006968                tu_edpt_release
 .text.tu_edpt_validate
                0x100069a4       0x78 CMakeFiles/FreeRTOS_Project.dir/C_/Users/herma/Documents/Pico-v1.5.1/pico-sdk/lib/tinyusb/src/tusb.c.obj
                0x100069a4                tu_edpt_validate
 .text.tu_edpt_bind_driver
                0x10006a1c       0x26 CMakeFiles/FreeRTOS_Project.dir/C_/Users/herma/Documents/Pico-v1.5.1/pico-sdk/lib/tinyusb/src/tusb.c.obj
                0x10006a1c                tu_edpt_bind_driver
 .text.advance_index
                0x10006a42       0x1a CMakeFiles/FreeRTOS_Project.dir/C_/Users/herma/Documents/Pico-v1.5.1/pico-sdk/lib/tinyusb/src/common/tusb_fifo.c.obj
 .text._tu_fifo_peek
                0x10006a5c       0x56 CMakeFiles/FreeRTOS_Project.dir/C_/Users/herma/Documents/Pico-v1.5.1/pico-sdk/lib/tinyusb/src/common/tusb_fifo.c.obj
 .text._ff_pull_const_addr
                0x10006ab2       0x4c CMakeFiles/FreeRTOS_Project.dir/C_/Users/herma/Documents/Pico-v1.5.1/pico-sdk/lib/tinyusb/src/common/tusb_fifo.c.obj
 .text._ff_pull_n
                0x10006afe      0x110 CMakeFiles/FreeRTOS_Project.dir/C_/Users/herma/Documents/Pico-v1.5.1/pico-sdk/lib/tinyusb/src/common/tusb_fifo.c.obj
 .text._tu_fifo_peek_n
                0x10006c0e       0x6a CMakeFiles/FreeRTOS_Project.dir/C_/Users/herma/Documents/Pico-v1.5.1/pico-sdk/lib/tinyusb/src/common/tusb_fifo.c.obj
 .text._tu_fifo_read_n
                0x10006c78       0x4e CMakeFiles/FreeRTOS_Project.dir/C_/Users/herma/Documents/Pico-v1.5.1/pico-sdk/lib/tinyusb/src/common/tusb_fifo.c.obj
 .text._ff_push_const_addr
                0x10006cc6       0x40 CMakeFiles/FreeRTOS_Project.dir/C_/Users/herma/Documents/Pico-v1.5.1/pico-sdk/lib/tinyusb/src/common/tusb_fifo.c.obj
 .text._ff_push_n
                0x10006d06      0x10c CMakeFiles/FreeRTOS_Project.dir/C_/Users/herma/Documents/Pico-v1.5.1/pico-sdk/lib/tinyusb/src/common/tusb_fifo.c.obj
 .text._tu_fifo_write_n
                0x10006e12       0xf0 CMakeFiles/FreeRTOS_Project.dir/C_/Users/herma/Documents/Pico-v1.5.1/pico-sdk/lib/tinyusb/src/common/tusb_fifo.c.obj
 .text.tu_fifo_config
                0x10006f02       0x7c CMakeFiles/FreeRTOS_Project.dir/C_/Users/herma/Documents/Pico-v1.5.1/pico-sdk/lib/tinyusb/src/common/tusb_fifo.c.obj
                0x10006f02                tu_fifo_config
 .text.tu_fifo_count
                0x10006f7e       0x2a CMakeFiles/FreeRTOS_Project.dir/C_/Users/herma/Documents/Pico-v1.5.1/pico-sdk/lib/tinyusb/src/common/tusb_fifo.c.obj
                0x10006f7e                tu_fifo_count
 .text.tu_fifo_empty
                0x10006fa8       0x10 CMakeFiles/FreeRTOS_Project.dir/C_/Users/herma/Documents/Pico-v1.5.1/pico-sdk/lib/tinyusb/src/common/tusb_fifo.c.obj
                0x10006fa8                tu_fifo_empty
 .text.tu_fifo_full
                0x10006fb8       0x28 CMakeFiles/FreeRTOS_Project.dir/C_/Users/herma/Documents/Pico-v1.5.1/pico-sdk/lib/tinyusb/src/common/tusb_fifo.c.obj
                0x10006fb8                tu_fifo_full
 .text.tu_fifo_remaining
                0x10006fe0       0x2c CMakeFiles/FreeRTOS_Project.dir/C_/Users/herma/Documents/Pico-v1.5.1/pico-sdk/lib/tinyusb/src/common/tusb_fifo.c.obj
                0x10006fe0                tu_fifo_remaining
 .text.tu_fifo_read
                0x1000700c       0x42 CMakeFiles/FreeRTOS_Project.dir/C_/Users/herma/Documents/Pico-v1.5.1/pico-sdk/lib/tinyusb/src/common/tusb_fifo.c.obj
                0x1000700c                tu_fifo_read
 .text.tu_fifo_read_n
                0x1000704e        0xa CMakeFiles/FreeRTOS_Project.dir/C_/Users/herma/Documents/Pico-v1.5.1/pico-sdk/lib/tinyusb/src/common/tusb_fifo.c.obj
                0x1000704e                tu_fifo_read_n
 .text.tu_fifo_write
                0x10007058       0x64 CMakeFiles/FreeRTOS_Project.dir/C_/Users/herma/Documents/Pico-v1.5.1/pico-sdk/lib/tinyusb/src/common/tusb_fifo.c.obj
                0x10007058                tu_fifo_write
 .text.tu_fifo_write_n
                0x100070bc        0xa CMakeFiles/FreeRTOS_Project.dir/C_/Users/herma/Documents/Pico-v1.5.1/pico-sdk/lib/tinyusb/src/common/tusb_fifo.c.obj
                0x100070bc                tu_fifo_write_n
 .text.tu_fifo_clear
                0x100070c6       0x3e CMakeFiles/FreeRTOS_Project.dir/C_/Users/herma/Documents/Pico-v1.5.1/pico-sdk/lib/tinyusb/src/common/tusb_fifo.c.obj
                0x100070c6                tu_fifo_clear
 .text.tu_fifo_set_overwritable
                0x10007104       0x46 CMakeFiles/FreeRTOS_Project.dir/C_/Users/herma/Documents/Pico-v1.5.1/pico-sdk/lib/tinyusb/src/common/tusb_fifo.c.obj
                0x10007104                tu_fifo_set_overwritable
 .text.core1_trampoline
                0x1000714a        0x2 CMakeFiles/FreeRTOS_Project.dir/C_/Users/herma/Documents/Pico-v1.5.1/pico-sdk/src/rp2_common/pico_multicore/multicore.c.obj
 .text.core1_wrapper
                0x1000714c        0xc CMakeFiles/FreeRTOS_Project.dir/C_/Users/herma/Documents/Pico-v1.5.1/pico-sdk/src/rp2_common/pico_multicore/multicore.c.obj
                0x1000714c                core1_wrapper
 .text.multicore_fifo_push_blocking
                0x10007158       0x14 CMakeFiles/FreeRTOS_Project.dir/C_/Users/herma/Documents/Pico-v1.5.1/pico-sdk/src/rp2_common/pico_multicore/multicore.c.obj
                0x10007158                multicore_fifo_push_blocking
 .text.multicore_fifo_pop_blocking
                0x1000716c       0x16 CMakeFiles/FreeRTOS_Project.dir/C_/Users/herma/Documents/Pico-v1.5.1/pico-sdk/src/rp2_common/pico_multicore/multicore.c.obj
                0x1000716c                multicore_fifo_pop_blocking
 *fill*         0x10007182        0x2 
 .text.multicore_reset_core1
                0x10007184       0x28 CMakeFiles/FreeRTOS_Project.dir/C_/Users/herma/Documents/Pico-v1.5.1/pico-sdk/src/rp2_common/pico_multicore/multicore.c.obj
                0x10007184                multicore_reset_core1
 .text.multicore_launch_core1_raw
                0x100071ac       0x6e CMakeFiles/FreeRTOS_Project.dir/C_/Users/herma/Documents/Pico-v1.5.1/pico-sdk/src/rp2_common/pico_multicore/multicore.c.obj
                0x100071ac                multicore_launch_core1_raw
 *fill*         0x1000721a        0x2 
 .text.multicore_launch_core1_with_stack
                0x1000721c       0x50 CMakeFiles/FreeRTOS_Project.dir/C_/Users/herma/Documents/Pico-v1.5.1/pico-sdk/src/rp2_common/pico_multicore/multicore.c.obj
                0x1000721c                multicore_launch_core1_with_stack
 .text.multicore_launch_core1
                0x1000726c       0x24 CMakeFiles/FreeRTOS_Project.dir/C_/Users/herma/Documents/Pico-v1.5.1/pico-sdk/src/rp2_common/pico_multicore/multicore.c.obj
                0x1000726c                multicore_launch_core1
 .text.prvHeapInit
                0x10007290       0x58 CMakeFiles/FreeRTOS_Project.dir/FreeRTOS-Kernel/portable/MemMang/heap_4.c.obj
 .text.prvInsertBlockIntoFreeList
                0x100072e8       0x88 CMakeFiles/FreeRTOS_Project.dir/FreeRTOS-Kernel/portable/MemMang/heap_4.c.obj
 .text.pvPortMalloc
                0x10007370      0x198 CMakeFiles/FreeRTOS_Project.dir/FreeRTOS-Kernel/portable/MemMang/heap_4.c.obj
                0x10007370                pvPortMalloc
 .text.vPortFree
                0x10007508       0xa8 CMakeFiles/FreeRTOS_Project.dir/FreeRTOS-Kernel/portable/MemMang/heap_4.c.obj
                0x10007508                vPortFree
 .text.xPortGetFreeHeapSize
                0x100075b0        0xc CMakeFiles/FreeRTOS_Project.dir/FreeRTOS-Kernel/portable/MemMang/heap_4.c.obj
                0x100075b0                xPortGetFreeHeapSize
 .text.vPortSVCHandler
                0x100075bc        0x2 CMakeFiles/FreeRTOS_Project.dir/FreeRTOS-Kernel/portable/ThirdParty/GCC/RP2040/port.c.obj
                0x100075bc                vPortSVCHandler
 *fill*         0x100075be        0x2 
 .text.vPortStartFirstTask
                0x100075c0       0x38 CMakeFiles/FreeRTOS_Project.dir/FreeRTOS-Kernel/portable/ThirdParty/GCC/RP2040/port.c.obj
 .text.prvFIFOInterruptHandler
                0x100075f8       0x28 CMakeFiles/FreeRTOS_Project.dir/FreeRTOS-Kernel/portable/ThirdParty/GCC/RP2040/port.c.obj
 .text.xPortPendSVHandler
                0x10007620       0x78 CMakeFiles/FreeRTOS_Project.dir/FreeRTOS-Kernel/portable/ThirdParty/GCC/RP2040/port.c.obj
                0x10007620                xPortPendSVHandler
 .text.prvTaskExitError
                0x10007698        0x6 CMakeFiles/FreeRTOS_Project.dir/FreeRTOS-Kernel/portable/ThirdParty/GCC/RP2040/port.c.obj
 *fill*         0x1000769e        0x2 
 .text.xPortSysTickHandler
                0x100076a0       0x24 CMakeFiles/FreeRTOS_Project.dir/FreeRTOS-Kernel/portable/ThirdParty/GCC/RP2040/port.c.obj
                0x100076a0                xPortSysTickHandler
 .text.prvGetTicksToWaitBefore
                0x100076c4       0x58 CMakeFiles/FreeRTOS_Project.dir/FreeRTOS-Kernel/portable/ThirdParty/GCC/RP2040/port.c.obj
 .text.pxPortInitialiseStack
                0x1000771c       0x20 CMakeFiles/FreeRTOS_Project.dir/FreeRTOS-Kernel/portable/ThirdParty/GCC/RP2040/port.c.obj
                0x1000771c                pxPortInitialiseStack
 .text.vPortYield
                0x1000773c       0x18 CMakeFiles/FreeRTOS_Project.dir/FreeRTOS-Kernel/portable/ThirdParty/GCC/RP2040/port.c.obj
                0x1000773c                vPortYield
 .text.ulSetInterruptMaskFromISR
                0x10007754        0x8 CMakeFiles/FreeRTOS_Project.dir/FreeRTOS-Kernel/portable/ThirdParty/GCC/RP2040/port.c.obj
                0x10007754                ulSetInterruptMaskFromISR
 .text.vClearInterruptMaskFromISR
                0x1000775c        0x6 CMakeFiles/FreeRTOS_Project.dir/FreeRTOS-Kernel/portable/ThirdParty/GCC/RP2040/port.c.obj
                0x1000775c                vClearInterruptMaskFromISR
 *fill*         0x10007762        0x2 
 .text.vYieldCore
                0x10007764       0x30 CMakeFiles/FreeRTOS_Project.dir/FreeRTOS-Kernel/portable/ThirdParty/GCC/RP2040/port.c.obj
                0x10007764                vYieldCore
 .text.vPortSetupTimerInterrupt
                0x10007794       0x34 CMakeFiles/FreeRTOS_Project.dir/FreeRTOS-Kernel/portable/ThirdParty/GCC/RP2040/port.c.obj
                0x10007794                vPortSetupTimerInterrupt
 .text.xPortStartSchedulerOnCore
                0x100077c8       0xac CMakeFiles/FreeRTOS_Project.dir/FreeRTOS-Kernel/portable/ThirdParty/GCC/RP2040/port.c.obj
 .text.xPortStartScheduler
                0x10007874       0x68 CMakeFiles/FreeRTOS_Project.dir/FreeRTOS-Kernel/portable/ThirdParty/GCC/RP2040/port.c.obj
                0x10007874                xPortStartScheduler
 .text.prvDisableInterruptsAndPortStartSchedulerOnCore
                0x100078dc        0x8 CMakeFiles/FreeRTOS_Project.dir/FreeRTOS-Kernel/portable/ThirdParty/GCC/RP2040/port.c.obj
 .text.ulPortLockGetCurrentOwnerId
                0x100078e4       0x30 CMakeFiles/FreeRTOS_Project.dir/FreeRTOS-Kernel/portable/ThirdParty/GCC/RP2040/port.c.obj
                0x100078e4                ulPortLockGetCurrentOwnerId
 .text.vPortLockInternalSpinUnlockWithWait
                0x10007914       0xa0 CMakeFiles/FreeRTOS_Project.dir/FreeRTOS-Kernel/portable/ThirdParty/GCC/RP2040/port.c.obj
                0x10007914                vPortLockInternalSpinUnlockWithWait
 .text.vPortLockInternalSpinUnlockWithNotify
                0x100079b4       0x8c CMakeFiles/FreeRTOS_Project.dir/FreeRTOS-Kernel/portable/ThirdParty/GCC/RP2040/port.c.obj
                0x100079b4                vPortLockInternalSpinUnlockWithNotify
 .text.xPortLockInternalSpinUnlockWithBestEffortWaitOrTimeout
                0x10007a40      0x100 CMakeFiles/FreeRTOS_Project.dir/FreeRTOS-Kernel/portable/ThirdParty/GCC/RP2040/port.c.obj
                0x10007a40                xPortLockInternalSpinUnlockWithBestEffortWaitOrTimeout
 .text.prvRuntimeInitializer
                0x10007b40       0x10 CMakeFiles/FreeRTOS_Project.dir/FreeRTOS-Kernel/portable/ThirdParty/GCC/RP2040/port.c.obj
 .text.prvTestWaitCondition
                0x10007b50       0x1e CMakeFiles/FreeRTOS_Project.dir/FreeRTOS-Kernel/event_groups.c.obj
 .text.xEventGroupCreate
                0x10007b6e       0x18 CMakeFiles/FreeRTOS_Project.dir/FreeRTOS-Kernel/event_groups.c.obj
                0x10007b6e                xEventGroupCreate
 *fill*         0x10007b86        0x2 
 .text.xEventGroupWaitBits
                0x10007b88      0x124 CMakeFiles/FreeRTOS_Project.dir/FreeRTOS-Kernel/event_groups.c.obj
                0x10007b88                xEventGroupWaitBits
 .text.xEventGroupSetBits
                0x10007cac       0x98 CMakeFiles/FreeRTOS_Project.dir/FreeRTOS-Kernel/event_groups.c.obj
                0x10007cac                xEventGroupSetBits
 .text.vEventGroupSetBitsCallback
                0x10007d44        0x8 CMakeFiles/FreeRTOS_Project.dir/FreeRTOS-Kernel/event_groups.c.obj
                0x10007d44                vEventGroupSetBitsCallback
 .text.xEventGroupSetBitsFromISR
                0x10007d4c       0x14 CMakeFiles/FreeRTOS_Project.dir/FreeRTOS-Kernel/event_groups.c.obj
                0x10007d4c                xEventGroupSetBitsFromISR
 .text.vListInitialise
                0x10007d60       0x16 CMakeFiles/FreeRTOS_Project.dir/FreeRTOS-Kernel/list.c.obj
                0x10007d60                vListInitialise
 .text.vListInitialiseItem
                0x10007d76        0x6 CMakeFiles/FreeRTOS_Project.dir/FreeRTOS-Kernel/list.c.obj
                0x10007d76                vListInitialiseItem
 .text.vListInsertEnd
                0x10007d7c       0x16 CMakeFiles/FreeRTOS_Project.dir/FreeRTOS-Kernel/list.c.obj
                0x10007d7c                vListInsertEnd
 .text.vListInsert
                0x10007d92       0x2e CMakeFiles/FreeRTOS_Project.dir/FreeRTOS-Kernel/list.c.obj
                0x10007d92                vListInsert
 .text.uxListRemove
                0x10007dc0       0x24 CMakeFiles/FreeRTOS_Project.dir/FreeRTOS-Kernel/list.c.obj
                0x10007dc0                uxListRemove
 .text.prvIsQueueEmpty
                0x10007de4       0x1c CMakeFiles/FreeRTOS_Project.dir/FreeRTOS-Kernel/queue.c.obj
 .text.prvCopyDataToQueue
                0x10007e00       0x82 CMakeFiles/FreeRTOS_Project.dir/FreeRTOS-Kernel/queue.c.obj
 .text.prvCopyDataFromQueue
                0x10007e82       0x24 CMakeFiles/FreeRTOS_Project.dir/FreeRTOS-Kernel/queue.c.obj
 *fill*         0x10007ea6        0x2 
 .text.prvNotifyQueueSetContainer
                0x10007ea8       0xa4 CMakeFiles/FreeRTOS_Project.dir/FreeRTOS-Kernel/queue.c.obj
 .text.prvUnlockQueue
                0x10007f4c       0x88 CMakeFiles/FreeRTOS_Project.dir/FreeRTOS-Kernel/queue.c.obj
 .text.xQueueGenericReset
                0x10007fd4       0xd8 CMakeFiles/FreeRTOS_Project.dir/FreeRTOS-Kernel/queue.c.obj
                0x10007fd4                xQueueGenericReset
 .text.prvInitialiseNewQueue
                0x100080ac       0x26 CMakeFiles/FreeRTOS_Project.dir/FreeRTOS-Kernel/queue.c.obj
 *fill*         0x100080d2        0x2 
 .text.xQueueGenericCreate
                0x100080d4       0x90 CMakeFiles/FreeRTOS_Project.dir/FreeRTOS-Kernel/queue.c.obj
                0x100080d4                xQueueGenericCreate
 .text.xQueueGenericSendFromISR
                0x10008164      0x128 CMakeFiles/FreeRTOS_Project.dir/FreeRTOS-Kernel/queue.c.obj
                0x10008164                xQueueGenericSendFromISR
 .text.xQueueGiveFromISR
                0x1000828c       0xf0 CMakeFiles/FreeRTOS_Project.dir/FreeRTOS-Kernel/queue.c.obj
                0x1000828c                xQueueGiveFromISR
 .text.xQueueReceive
                0x1000837c      0x14c CMakeFiles/FreeRTOS_Project.dir/FreeRTOS-Kernel/queue.c.obj
                0x1000837c                xQueueReceive
 .text.vQueueAddToRegistry
                0x100084c8       0x64 CMakeFiles/FreeRTOS_Project.dir/FreeRTOS-Kernel/queue.c.obj
                0x100084c8                vQueueAddToRegistry
 .text.vQueueWaitForMessageRestricted
                0x1000852c       0x50 CMakeFiles/FreeRTOS_Project.dir/FreeRTOS-Kernel/queue.c.obj
                0x1000852c                vQueueWaitForMessageRestricted
 .text.prvResetNextTaskUnblockTime
                0x1000857c       0x2c CMakeFiles/FreeRTOS_Project.dir/FreeRTOS-Kernel/tasks.c.obj
 .text.prvDeleteTCB
                0x100085a8       0x12 CMakeFiles/FreeRTOS_Project.dir/FreeRTOS-Kernel/tasks.c.obj
 *fill*         0x100085ba        0x2 
 .text.prvInitialiseNewTask
                0x100085bc       0xd8 CMakeFiles/FreeRTOS_Project.dir/FreeRTOS-Kernel/tasks.c.obj
 .text.prvCreateTask
                0x10008694       0x5a CMakeFiles/FreeRTOS_Project.dir/FreeRTOS-Kernel/tasks.c.obj
 *fill*         0x100086ee        0x2 
 .text.prvPassiveIdleTask
                0x100086f0       0x18 CMakeFiles/FreeRTOS_Project.dir/FreeRTOS-Kernel/tasks.c.obj
 .text.prvInitialiseTaskLists
                0x10008708       0x68 CMakeFiles/FreeRTOS_Project.dir/FreeRTOS-Kernel/tasks.c.obj
 .text.prvYieldForTask
                0x10008770       0xd0 CMakeFiles/FreeRTOS_Project.dir/FreeRTOS-Kernel/tasks.c.obj
 .text.prvSelectHighestPriorityTask
                0x10008840      0x228 CMakeFiles/FreeRTOS_Project.dir/FreeRTOS-Kernel/tasks.c.obj
 .text.prvCheckForRunStateChange
                0x10008a68      0x240 CMakeFiles/FreeRTOS_Project.dir/FreeRTOS-Kernel/tasks.c.obj
 .text.vTaskSuspendAll
                0x10008ca8      0x1a0 CMakeFiles/FreeRTOS_Project.dir/FreeRTOS-Kernel/tasks.c.obj
                0x10008ca8                vTaskSuspendAll
 .text.xTaskGetTickCount
                0x10008e48        0xc CMakeFiles/FreeRTOS_Project.dir/FreeRTOS-Kernel/tasks.c.obj
                0x10008e48                xTaskGetTickCount
 .text.uxTaskGetNumberOfTasks
                0x10008e54        0xc CMakeFiles/FreeRTOS_Project.dir/FreeRTOS-Kernel/tasks.c.obj
                0x10008e54                uxTaskGetNumberOfTasks
 .text.xTaskIncrementTick
                0x10008e60      0x1cc CMakeFiles/FreeRTOS_Project.dir/FreeRTOS-Kernel/tasks.c.obj
                0x10008e60                xTaskIncrementTick
 .text.xTaskRemoveFromEventList
                0x1000902c       0xfc CMakeFiles/FreeRTOS_Project.dir/FreeRTOS-Kernel/tasks.c.obj
                0x1000902c                xTaskRemoveFromEventList
 .text.vTaskInternalSetTimeOutState
                0x10009128       0x18 CMakeFiles/FreeRTOS_Project.dir/FreeRTOS-Kernel/tasks.c.obj
                0x10009128                vTaskInternalSetTimeOutState
 .text.vTaskMissedYield
                0x10009140       0x14 CMakeFiles/FreeRTOS_Project.dir/FreeRTOS-Kernel/tasks.c.obj
                0x10009140                vTaskMissedYield
 .text.xTaskGetCurrentTaskHandle
                0x10009154       0x1c CMakeFiles/FreeRTOS_Project.dir/FreeRTOS-Kernel/tasks.c.obj
                0x10009154                xTaskGetCurrentTaskHandle
 .text.prvAddCurrentTaskToDelayedList
                0x10009170       0xb8 CMakeFiles/FreeRTOS_Project.dir/FreeRTOS-Kernel/tasks.c.obj
 .text.vTaskSwitchContext
                0x10009228      0x210 CMakeFiles/FreeRTOS_Project.dir/FreeRTOS-Kernel/tasks.c.obj
                0x10009228                vTaskSwitchContext
 .text.vTaskPlaceOnEventList
                0x10009438       0x40 CMakeFiles/FreeRTOS_Project.dir/FreeRTOS-Kernel/tasks.c.obj
                0x10009438                vTaskPlaceOnEventList
 .text.vTaskPlaceOnUnorderedEventList
                0x10009478       0x8c CMakeFiles/FreeRTOS_Project.dir/FreeRTOS-Kernel/tasks.c.obj
                0x10009478                vTaskPlaceOnUnorderedEventList
 .text.vTaskPlaceOnEventListRestricted
                0x10009504       0x68 CMakeFiles/FreeRTOS_Project.dir/FreeRTOS-Kernel/tasks.c.obj
                0x10009504                vTaskPlaceOnEventListRestricted
 .text.xTaskPriorityDisinherit
                0x1000956c      0x118 CMakeFiles/FreeRTOS_Project.dir/FreeRTOS-Kernel/tasks.c.obj
                0x1000956c                xTaskPriorityDisinherit
 .text.vTaskYieldWithinAPI
                0x10009684       0x34 CMakeFiles/FreeRTOS_Project.dir/FreeRTOS-Kernel/tasks.c.obj
                0x10009684                vTaskYieldWithinAPI
 .text.vTaskEnterCritical
                0x100096b8      0x130 CMakeFiles/FreeRTOS_Project.dir/FreeRTOS-Kernel/tasks.c.obj
                0x100096b8                vTaskEnterCritical
 .text.vTaskEnterCriticalFromISR
                0x100097e8       0xb4 CMakeFiles/FreeRTOS_Project.dir/FreeRTOS-Kernel/tasks.c.obj
                0x100097e8                vTaskEnterCriticalFromISR
 .text.vTaskExitCritical
                0x1000989c      0x11c CMakeFiles/FreeRTOS_Project.dir/FreeRTOS-Kernel/tasks.c.obj
                0x1000989c                vTaskExitCritical
 .text.prvCheckTasksWaitingTermination
                0x100099b8       0x64 CMakeFiles/FreeRTOS_Project.dir/FreeRTOS-Kernel/tasks.c.obj
 .text.prvIdleTask
                0x10009a1c       0x1c CMakeFiles/FreeRTOS_Project.dir/FreeRTOS-Kernel/tasks.c.obj
 .text.prvAddNewTaskToReadyList
                0x10009a38       0x9c CMakeFiles/FreeRTOS_Project.dir/FreeRTOS-Kernel/tasks.c.obj
 .text.xTaskCreate
                0x10009ad4       0x2a CMakeFiles/FreeRTOS_Project.dir/FreeRTOS-Kernel/tasks.c.obj
                0x10009ad4                xTaskCreate
 *fill*         0x10009afe        0x2 
 .text.prvCreateIdleTasks
                0x10009b00       0x98 CMakeFiles/FreeRTOS_Project.dir/FreeRTOS-Kernel/tasks.c.obj
 .text.vTaskStartScheduler
                0x10009b98       0x68 CMakeFiles/FreeRTOS_Project.dir/FreeRTOS-Kernel/tasks.c.obj
                0x10009b98                vTaskStartScheduler
 .text.xTaskCreateAffinitySet
                0x10009c00       0x28 CMakeFiles/FreeRTOS_Project.dir/FreeRTOS-Kernel/tasks.c.obj
                0x10009c00                xTaskCreateAffinitySet
 .text.xTaskResumeAll
                0x10009c28      0x1c8 CMakeFiles/FreeRTOS_Project.dir/FreeRTOS-Kernel/tasks.c.obj
                0x10009c28                xTaskResumeAll
 .text.vTaskDelay
                0x10009df0       0x48 CMakeFiles/FreeRTOS_Project.dir/FreeRTOS-Kernel/tasks.c.obj
                0x10009df0                vTaskDelay
 .text.vTaskRemoveFromUnorderedEventList
                0x10009e38       0xec CMakeFiles/FreeRTOS_Project.dir/FreeRTOS-Kernel/tasks.c.obj
                0x10009e38                vTaskRemoveFromUnorderedEventList
 .text.xTaskCheckForTimeOut
                0x10009f24       0xbc CMakeFiles/FreeRTOS_Project.dir/FreeRTOS-Kernel/tasks.c.obj
                0x10009f24                xTaskCheckForTimeOut
 .text.xTaskGetSchedulerState
                0x10009fe0       0x30 CMakeFiles/FreeRTOS_Project.dir/FreeRTOS-Kernel/tasks.c.obj
                0x10009fe0                xTaskGetSchedulerState
 .text.vTaskExitCriticalFromISR
                0x1000a010       0xb8 CMakeFiles/FreeRTOS_Project.dir/FreeRTOS-Kernel/tasks.c.obj
                0x1000a010                vTaskExitCriticalFromISR
 .text.uxTaskResetEventItemValue
                0x1000a0c8       0x1c CMakeFiles/FreeRTOS_Project.dir/FreeRTOS-Kernel/tasks.c.obj
                0x1000a0c8                uxTaskResetEventItemValue
 .text.prvGetNextExpireTime
                0x1000a0e4       0x24 CMakeFiles/FreeRTOS_Project.dir/FreeRTOS-Kernel/timers.c.obj
 .text.prvInsertTimerInActiveList
                0x1000a108       0x48 CMakeFiles/FreeRTOS_Project.dir/FreeRTOS-Kernel/timers.c.obj
 .text.prvReloadTimer
                0x1000a150       0x2a CMakeFiles/FreeRTOS_Project.dir/FreeRTOS-Kernel/timers.c.obj
 *fill*         0x1000a17a        0x2 
 .text.prvProcessExpiredTimer
                0x1000a17c       0x3c CMakeFiles/FreeRTOS_Project.dir/FreeRTOS-Kernel/timers.c.obj
 .text.prvSwitchTimerLists
                0x1000a1b8       0x30 CMakeFiles/FreeRTOS_Project.dir/FreeRTOS-Kernel/timers.c.obj
 .text.prvSampleTimeNow
                0x1000a1e8       0x2c CMakeFiles/FreeRTOS_Project.dir/FreeRTOS-Kernel/timers.c.obj
 .text.prvProcessTimerOrBlockTask
                0x1000a214       0x70 CMakeFiles/FreeRTOS_Project.dir/FreeRTOS-Kernel/timers.c.obj
 .text.prvProcessReceivedCommands
                0x1000a284      0x114 CMakeFiles/FreeRTOS_Project.dir/FreeRTOS-Kernel/timers.c.obj
 .text.prvTimerTask
                0x1000a398       0x16 CMakeFiles/FreeRTOS_Project.dir/FreeRTOS-Kernel/timers.c.obj
 *fill*         0x1000a3ae        0x2 
 .text.prvCheckForValidListAndQueue
                0x1000a3b0       0x60 CMakeFiles/FreeRTOS_Project.dir/FreeRTOS-Kernel/timers.c.obj
 .text.xTimerCreateTimerTask
                0x1000a410       0x60 CMakeFiles/FreeRTOS_Project.dir/FreeRTOS-Kernel/timers.c.obj
                0x1000a410                xTimerCreateTimerTask
 .text.xTimerPendFunctionCallFromISR
                0x1000a470       0x28 CMakeFiles/FreeRTOS_Project.dir/FreeRTOS-Kernel/timers.c.obj
                0x1000a470                xTimerPendFunctionCallFromISR
 .text.exception_is_compile_time_default
                0x1000a498       0x20 CMakeFiles/FreeRTOS_Project.dir/C_/Users/herma/Documents/Pico-v1.5.1/pico-sdk/src/rp2_common/hardware_exception/exception.c.obj
 .text.set_raw_exception_handler_and_restore_interrupts
                0x1000a4b8       0x18 CMakeFiles/FreeRTOS_Project.dir/C_/Users/herma/Documents/Pico-v1.5.1/pico-sdk/src/rp2_common/hardware_exception/exception.c.obj
 .text.exception_get_vtable_handler
                0x1000a4d0       0x10 CMakeFiles/FreeRTOS_Project.dir/C_/Users/herma/Documents/Pico-v1.5.1/pico-sdk/src/rp2_common/hardware_exception/exception.c.obj
                0x1000a4d0                exception_get_vtable_handler
 .text.exception_set_exclusive_handler
                0x1000a4e0       0x44 CMakeFiles/FreeRTOS_Project.dir/C_/Users/herma/Documents/Pico-v1.5.1/pico-sdk/src/rp2_common/hardware_exception/exception.c.obj
                0x1000a4e0                exception_set_exclusive_handler
 .text.lwip_timeout_reached
                0x1000a524       0x2c CMakeFiles/FreeRTOS_Project.dir/C_/Users/herma/Documents/Pico-v1.5.1/pico-sdk/src/rp2_common/pico_lwip/lwip_nosys.c.obj
 .text.update_next_timeout
                0x1000a550       0xb0 CMakeFiles/FreeRTOS_Project.dir/C_/Users/herma/Documents/Pico-v1.5.1/pico-sdk/src/rp2_common/pico_lwip/lwip_nosys.c.obj
 .text.lwip_nosys_init
                0x1000a600       0x34 CMakeFiles/FreeRTOS_Project.dir/C_/Users/herma/Documents/Pico-v1.5.1/pico-sdk/src/rp2_common/pico_lwip/lwip_nosys.c.obj
                0x1000a600                lwip_nosys_init
 .text.lwip_nosys_deinit
                0x1000a634       0x20 CMakeFiles/FreeRTOS_Project.dir/C_/Users/herma/Documents/Pico-v1.5.1/pico-sdk/src/rp2_common/pico_lwip/lwip_nosys.c.obj
                0x1000a634                lwip_nosys_deinit
 .text.sys_arch_protect
                0x1000a654        0x4 CMakeFiles/FreeRTOS_Project.dir/C_/Users/herma/Documents/Pico-v1.5.1/pico-sdk/src/rp2_common/pico_lwip/lwip_nosys.c.obj
                0x1000a654                sys_arch_protect
 .text.sys_arch_unprotect
                0x1000a658        0x2 CMakeFiles/FreeRTOS_Project.dir/C_/Users/herma/Documents/Pico-v1.5.1/pico-sdk/src/rp2_common/pico_lwip/lwip_nosys.c.obj
                0x1000a658                sys_arch_unprotect
 *fill*         0x1000a65a        0x2 
 .text.sys_now  0x1000a65c       0x3c CMakeFiles/FreeRTOS_Project.dir/C_/Users/herma/Documents/Pico-v1.5.1/pico-sdk/src/rp2_common/pico_lwip/lwip_nosys.c.obj
                0x1000a65c                sys_now
 .text.async_context_base_add_at_time_worker
                0x1000a698       0x1c CMakeFiles/FreeRTOS_Project.dir/C_/Users/herma/Documents/Pico-v1.5.1/pico-sdk/src/rp2_common/pico_async_context/async_context_base.c.obj
                0x1000a698                async_context_base_add_at_time_worker
 .text.async_context_base_remove_at_time_worker
                0x1000a6b4       0x1c CMakeFiles/FreeRTOS_Project.dir/C_/Users/herma/Documents/Pico-v1.5.1/pico-sdk/src/rp2_common/pico_async_context/async_context_base.c.obj
                0x1000a6b4                async_context_base_remove_at_time_worker
 .text.async_context_base_add_when_pending_worker
                0x1000a6d0       0x1c CMakeFiles/FreeRTOS_Project.dir/C_/Users/herma/Documents/Pico-v1.5.1/pico-sdk/src/rp2_common/pico_async_context/async_context_base.c.obj
                0x1000a6d0                async_context_base_add_when_pending_worker
 .text.async_context_base_remove_when_pending_worker
                0x1000a6ec       0x1c CMakeFiles/FreeRTOS_Project.dir/C_/Users/herma/Documents/Pico-v1.5.1/pico-sdk/src/rp2_common/pico_async_context/async_context_base.c.obj
                0x1000a6ec                async_context_base_remove_when_pending_worker
 .text.async_context_base_remove_ready_at_time_worker